
> globalworkforce-erp@0.0.0 build
> vite build

[36mvite v6.4.1 [32mbuilding for production...[36m[39m
transforming...
[32mΓ£ô[39m 2395 modules transformed.
rendering chunks...
node.exe : [33m[plugin vite:reporter] 
At line:1 char:1
+ & "C:\nvm4w\nodejs/node.exe" 
"C:\nvm4w\nodejs/node_modules/npm/bin/np ...
+ ~~~~~~~~~~~~~~~~~~~~~~~~~~~~~~~~~~~~~~~~~~~~~~~~~~~~~~~~~~
~~~~~~~~~~~
    + CategoryInfo          : NotSpecified: ([33m[plugin v 
   ite:reporter] :String) [], RemoteException
    + FullyQualifiedErrorId : NativeCommandError
 
(!) C:/Users/user/Downloads/Antigravity 
Projects/caditare-profile-done/services/reportService.ts is 
dynamically imported by C:/Users/user/Downloads/Antigravity 
Projects/caditare-profile-done/components/CandidateDetail.ts
x but also statically imported by 
C:/Users/user/Downloads/Antigravity Projects/caditare-profil
e-done/components/CandidateReport.tsx, dynamic import will 
not move module into another chunk.
[39m
computing gzip size...
[2mdist/[22m[32mindex.html                                     [39m[1m[2m    1.47 kB[22m[1m[22m[2m Γöé gzip:   0.70 kB[22m
[2mdist/[22m[32massets/logo_suhara-D1DMtHZk.jpg                [39m[1m[2m   38.39 kB[22m[1m[22m
[2mdist/[22m[35massets/index-DNkjkmRZ.css                      [39m[1m[2m   93.78 kB[22m[1m[22m[2m Γöé gzip:  14.41 kB[22m
[2mdist/[22m[36massets/Skeleton-Bj6IA9YW.js                    [39m[1m[2m    0.31 kB[22m[1m[22m[2m Γöé gzip:   0.22 kB[22m
[2mdist/[22m[36massets/nicService-COOKxhdm.js                  [39m[1m[2m    0.50 kB[22m[1m[22m[2m Γöé gzip:   0.32 kB[22m
[2mdist/[22m[36massets/profileCompletionService-CwhUUcOI.js    [39m[1m[2m    2.84 kB[22m[1m[22m[2m Γöé gzip:   1.12 kB[22m
[2mdist/[22m[36massets/financeService-DrHUe3wQ.js              [39m[1m[2m    2.99 kB[22m[1m[22m[2m Γöé gzip:   1.18 kB[22m
[2mdist/[22m[36massets/MultiEducationSelector-BT4ewb87.js      [39m[1m[2m    3.79 kB[22m[1m[22m[2m Γöé gzip:   1.45 kB[22m
[2mdist/[22m[36massets/reportingService-6LS-BINq.js            [39m[1m[2m    5.30 kB[22m[1m[22m[2m Γöé gzip:   2.13 kB[22m
[2mdist/[22m[36massets/MedicalStatusInput-BuwRm4Up.js          [39m[1m[2m    7.02 kB[22m[1m[22m[2m Γöé gzip:   1.81 kB[22m
[2mdist/[22m[36massets/complianceService-Hm6S-lzh.js           [39m[1m[2m    8.91 kB[22m[1m[22m[2m Γöé gzip:   2.80 kB[22m
[2mdist/[22m[36massets/PreferredCountriesSelector-C2mk8sNi.js  [39m[1m[2m   10.17 kB[22m[1m[22m[2m Γöé gzip:   3.19 kB[22m
[2mdist/[22m[36massets/ComponentShowcase-B5Q1FAsc.js           [39m[1m[2m   10.81 kB[22m[1m[22m[2m Γöé gzip:   2.37 kB[22m
[2mdist/[22m[36massets/PartnerManager-RKBTTup0.js              [39m[1m[2m   12.79 kB[22m[1m[22m[2m Γöé gzip:   3.46 kB[22m
[2mdist/[22m[36massets/workflowEngine-2eRXBwi7.js              [39m[1m[2m   14.01 kB[22m[1m[22m[2m Γöé gzip:   4.03 kB[22m
[2mdist/[22m[36massets/FinanceLedger-o4_eRWQM.js               [39m[1m[2m   17.02 kB[22m[1m[22m[2m Γöé gzip:   4.48 kB[22m
[2mdist/[22m[36massets/JobBoard-BGZAmv7X.js                    [39m[1m[2m   18.18 kB[22m[1m[22m[2m Γöé gzip:   4.43 kB[22m
[2mdist/[22m[36massets/lucide-DpRkdjI0.js                      [39m[1m[2m   18.63 kB[22m[1m[22m[2m Γöé gzip:   5.92 kB[22m
[2mdist/[22m[36massets/QuickAddForm-BY1VsVCG.js                [39m[1m[2m   19.00 kB[22m[1m[22m[2m Γöé gzip:   4.68 kB[22m
[2mdist/[22m[36massets/IntelligenceEngine-JW8wNs87.js          [39m[1m[2m   19.34 kB[22m[1m[22m[2m Γöé gzip:   4.59 kB[22m
[2mdist/[22m[36massets/CandidateList-C7gjdGc0.js               [39m[1m[2m   23.41 kB[22m[1m[22m[2m Γöé gzip:   7.90 kB[22m
[2mdist/[22m[36massets/Dashboard-GBCmYtLF.js                   [39m[1m[2m   23.85 kB[22m[1m[22m[2m Γöé gzip:   5.46 kB[22m
[2mdist/[22m[36massets/Settings-ub9cSVsd.js                    [39m[1m[2m   27.52 kB[22m[1m[22m[2m Γöé gzip:   6.15 kB[22m
[2mdist/[22m[36massets/ModernTeamChat-gp__RsuX.js              [39m[1m[2m   33.28 kB[22m[1m[22m[2m Γöé gzip:   8.43 kB[22m
[2mdist/[22m[36massets/geminiService-CmVtXRb_.js               [39m[1m[2m   36.50 kB[22m[1m[22m[2m Γöé gzip:   9.43 kB[22m
[2mdist/[22m[36massets/DigitalApplicationForm-DHtOcxYL.js      [39m[1m[2m   43.98 kB[22m[1m[22m[2m Γöé gzip:   7.90 kB[22m
[2mdist/[22m[36massets/PipelineBoard-Ryfje3zt.js               [39m[1m[2m   54.07 kB[22m[1m[22m[2m Γöé gzip:  18.06 kB[22m
[2mdist/[22m[36massets/vendor-react-COfbHZNn.js                [39m[1m[2m  166.28 kB[22m[1m[22m[2m Γöé gzip:  54.36 kB[22m
[2mdist/[22m[36massets/CandidateDetail-Cep4Kxmm.js             [39m[1m[2m  169.94 kB[22m[1m[22m[2m Γöé gzip:  39.67 kB[22m
[2mdist/[22m[36massets/index-Dgzrujep.js                       [39m[1m[2m  262.70 kB[22m[1m[22m[2m Γöé gzip:  70.94 kB[22m
[2mdist/[22m[36massets/recharts-L60ecnGi.js                    [39m[1m[2m  406.99 kB[22m[1m[22m[2m Γöé gzip: 111.21 kB[22m
[2mdist/[22m[36massets/pdf-renderer-B6y6ly_O.js                [39m[1m[2m1,582.05 kB[22m[1m[22m[2m Γöé gzip: 529.39 kB[22m
[32mΓ£ô built in 22.89s[39m
