
[1m[46m RUN [49m[22m [36mv4.0.18 [39m[90mC:/Users/user/Downloads/Antigravity Projects/caditare-profile-done[39m

node.exe : [90mstderr[2m | 
components/PartnerManager.test.tsx[2m > 
[22m[2mPartnerManager[2m > 
[22m[2mallows opening the add partner 
modal
At line:1 char:1
+ & "C:\nvm4w\nodejs/node.exe" 
"C:\nvm4w\nodejs/node_modules/npm/bin/np 
...
+ ~~~~~~~~~~~~~~~~~~~~~~~~~~~~~~~~~~~~~~~~~
~~~~~~~~~~~~~~~~~~~~~~~~~~~~
    + CategoryInfo          : NotSpecified 
   : ([90mstderr[2m...d partner modal:S  
  tring) [], RemoteException
    + FullyQualifiedErrorId : NativeComman 
   dError
 
[22m[39mWarning: An update to 
PartnerManager inside a test was not 
wrapped in act(...).

When testing, code that causes React state 
updates should be wrapped into act(...):

act(() => {
  /* fire events that update state */
});
/* assert on the output */

This ensures that you're testing the 
behavior the user would see in the 
browser. Learn more at https://reactjs.org/
link/wrap-tests-with-act
    at PartnerManager 
(C:/Users/user/Downloads/Antigravity Projec
ts/caditare-profile-done/components/Partner
Manager.tsx:38:53)
    at Router 
(C:\Users\user\Downloads\Antigravity Projec
ts\caditare-profile-done\node_modules\react
-router\dist\umd\react-router.development.j
s:1163:17)
    at MemoryRouter 
(C:\Users\user\Downloads\Antigravity Projec
ts\caditare-profile-done\node_modules\react
-router\dist\umd\react-router.development.j
s:1058:7)
Warning: An update to PartnerManager 
inside a test was not wrapped in act(...).

When testing, code that causes React state 
updates should be wrapped into act(...):

act(() => {
  /* fire events that update state */
});
/* assert on the output */

This ensures that you're testing the 
behavior the user would see in the 
browser. Learn more at https://reactjs.org/
link/wrap-tests-with-act
    at PartnerManager 
(C:/Users/user/Downloads/Antigravity Projec
ts/caditare-profile-done/components/Partner
Manager.tsx:38:53)
    at Router 
(C:\Users\user\Downloads\Antigravity Projec
ts\caditare-profile-done\node_modules\react
-router\dist\umd\react-router.development.j
s:1163:17)
    at MemoryRouter 
(C:\Users\user\Downloads\Antigravity Projec
ts\caditare-profile-done\node_modules\react
-router\dist\umd\react-router.development.j
s:1058:7)
Warning: An update to PartnerManager 
inside a test was not wrapped in act(...).

When testing, code that causes React state 
updates should be wrapped into act(...):

act(() => {
  /* fire events that update state */
});
/* assert on the output */

This ensures that you're testing the 
behavior the user would see in the 
browser. Learn more at https://reactjs.org/
link/wrap-tests-with-act
    at PartnerManager 
(C:/Users/user/Downloads/Antigravity Projec
ts/caditare-profile-done/components/Partner
Manager.tsx:38:53)
    at Router 
(C:\Users\user\Downloads\Antigravity Projec
ts\caditare-profile-done\node_modules\react
-router\dist\umd\react-router.development.j
s:1163:17)
    at MemoryRouter 
(C:\Users\user\Downloads\Antigravity Projec
ts\caditare-profile-done\node_modules\react
-router\dist\umd\react-router.development.j
s:1058:7)
Warning: An update to PartnerManager 
inside a test was not wrapped in act(...).

When testing, code that causes React state 
updates should be wrapped into act(...):

act(() => {
  /* fire events that update state */
});
/* assert on the output */

This ensures that you're testing the 
behavior the user would see in the 
browser. Learn more at https://reactjs.org/
link/wrap-tests-with-act
    at PartnerManager 
(C:/Users/user/Downloads/Antigravity Projec
ts/caditare-profile-done/components/Partner
Manager.tsx:38:53)
    at Router 
(C:\Users\user\Downloads\Antigravity Projec
ts\caditare-profile-done\node_modules\react
-router\dist\umd\react-router.development.j
s:1163:17)
    at MemoryRouter 
(C:\Users\user\Downloads\Antigravity Projec
ts\caditare-profile-done\node_modules\react
-router\dist\umd\react-router.development.j
s:1058:7)

 [31mΓ¥»[39m components/PartnerManager.test.tsx [2m([22m[2m3 tests[22m[2m | [22m[31m1 failed[39m[2m)[22m[33m 348[2mms[22m[39m
     [32mΓ£ô[39m renders the CRM layout with partners[32m 235[2mms[22m[39m
[31m     [31m├ù[31m allows opening the add partner modal[39m[32m 53[2mms[22m[39m
     [32mΓ£ô[39m handles partner selection[32m 58[2mms[22m[39m

[31mΓÄ»ΓÄ»ΓÄ»ΓÄ»ΓÄ»ΓÄ»ΓÄ»[39m[1m[41m 
Failed Tests 1 
[49m[22m[31mΓÄ»ΓÄ»ΓÄ»ΓÄ»ΓÄ»ΓÄ»ΓÄ»[39m

[41m[1m FAIL [22m[49m 
components/PartnerManager.test.tsx[2m > 
[22mPartnerManager[2m > [22mallows 
opening the add partner modal
[31m[1mTestingLibraryElementError[22m: 
Unable to find an accessible element with 
the role "button" and name `/Add New 
Partner/i`

Here are the accessible roles:

  paragraph:

  Name "":
  [36m<p[31m
    [33mclass[31m=[32m"font-bold"[31m
  [36m/>[31m

  -----------------------------------------
---------

Ignored nodes: comments, script, style
[36m<body>[31m
  [36m<div>[31m
    [36m<div[31m
      [33mclass[31m=[32m"p-8 
text-center text-slate-500 flex flex-col 
items-center justify-center h-96 
gap-4"[31m
    [36m>[31m
      [36m<svg[31m
        
[33mclass[31m=[32m"text-blue-600 
animate-pulse"[31m
        [33mfill[31m=[32m"none"[31m
        [33mheight[31m=[32m"48"[31m
        
[33mstroke[31m=[32m"currentColor"[31m
        
[33mstroke-linecap[31m=[32m"round"[31m
        
[33mstroke-linejoin[31m=[32m"round"[31m
        
[33mstroke-width[31m=[32m"2"[31m
        [33mviewBox[31m=[32m"0 0 24 
24"[31m
        [33mwidth[31m=[32m"48"[31m
        [33mxmlns[31m=[32m"http://www.w3
.org/2000/svg"[31m
      [36m>[31m
        [36m<path[31m
          [33md[31m=[32m"M6 22V4a2 2 0 
0 1 2-2h8a2 2 0 0 1 2 2v18Z"[31m
        [36m/>[31m
        [36m<path[31m
          [33md[31m=[32m"M6 12H4a2 2 0 
0 0-2 2v6a2 2 0 0 0 2 2h2"[31m
        [36m/>[31m
        [36m<path[31m
          [33md[31m=[32m"M18 9h2a2 2 0 
0 1 2 2v9a2 2 0 0 1-2 2h-2"[31m
        [36m/>[31m
        [36m<path[31m
          [33md[31m=[32m"M10 6h4"[31m
        [36m/>[31m
        [36m<path[31m
          [33md[31m=[32m"M10 10h4"[31m
        [36m/>[31m
        [36m<path[31m
          [33md[31m=[32m"M10 14h4"[31m
        [36m/>[31m
        [36m<path[31m
          [33md[31m=[32m"M10 18h4"[31m
        [36m/>[31m
      [36m</svg>[31m
      [36m<p[31m
        
[33mclass[31m=[32m"font-bold"[31m
      [36m>[31m
        [0mLoading Employer 
Dashboard...[0m
      [36m</p>[31m
    [36m</div>[31m
  [36m</div>[31m
[36m</body>[31m[39m
[90m [2mΓ¥»[22m Object.getElementError n
ode_modules/@testing-library/dom/dist/confi
g.js:[2m37:19[22m[39m
[90m [2mΓ¥»[22m node_modules/@testing-li
brary/dom/dist/query-helpers.js:[2m76:38[
22m[39m
[90m [2mΓ¥»[22m node_modules/@testing-li
brary/dom/dist/query-helpers.js:[2m52:17[
22m[39m
[90m [2mΓ¥»[22m node_modules/@testing-li
brary/dom/dist/query-helpers.js:[2m95:19[
22m[39m
[36m [2mΓ¥»[22m components/PartnerManage
r.test.tsx:[2m80:34[22m[39m
    [90m 78| [39m        [34mrenderWithC
ontext[39m([33m<[39m[33mPartnerManager
[39m [33m/[39m[33m>[39m)[33m;[39m
    [90m 79| [39m

[2m Test Files [22m [1m[31m1 failed[39m[22m[90m (1)[39m
[2m      Tests [22m [1m[31m1 failed[39m[22m[2m | [22m[1m[32m2 passed[39m[22m[90m (3)[39m
[2m   Start at [22m 16:42:50
[2m   Duration [22m 4.18s[2m (transform 484ms, setup 239ms, import 925ms, tests 348ms, environment 1.68s)[22m

    [90m 80| [39m        const addButton 
= screen.getByRole('button', { name: /Add 
New ΓÇª
    [90m   | [39m                        
         [31m^[39m
    [90m 81| [39m        fireEvent[33m.
[39m[34mclick[39m(addButton)[33m;[39m
    [90m 82| [39m

[31m[2mΓÄ»ΓÄ»ΓÄ»ΓÄ»ΓÄ»ΓÄ»ΓÄ»ΓÄ»ΓÄ»ΓÄ»ΓÄ»Γ
Ä»ΓÄ»ΓÄ»ΓÄ»ΓÄ»ΓÄ»ΓÄ»ΓÄ»ΓÄ»ΓÄ»ΓÄ»ΓÄ»ΓÄ»[1/1]
ΓÄ»[22m[39m

