
> globalworkforce-erp@0.0.0 test
> vitest components/Verification.test.tsx


[1m[44m DEV [49m[22m [34mv4.0.18 [39m[90mC:/Users/user/Downloads/Antigravity Projects/caditare-profile-done[39m

 [31mΓ¥»[39m components/Verification.test.tsx [2m([22m[2m2 tests[22m[2m | [22m[31m2 failed[39m[2m)[22m[33m 409[2mms[22m[39m
[31m     [31m├ù[31m CandidateDetail: Should display all 4 Digital Form Sections in View Mode[39m[32m 281[2mms[22m[39m
[31m     [31m├ù[31m CandidateDetail: Should allow editing School, Height, Weight in Edit Mode[39m[32m 125[2mms[22m[39m
node.exe : 
At line:1 char:1
+ & "C:\nvm4w\nodejs/node.exe" 
"C:\nvm4w\nodejs/node_modules/npm/bin/np ...
+ ~~~~~~~~~~~~~~~~~~~~~~~~~~~~~~~~~~~~~~~~~~~~~~~~
~~~~~~~~~~~~~~~~~~~~~
    + CategoryInfo          : NotSpecified: (:Str 
   ing) [], RemoteException
    + FullyQualifiedErrorId : NativeCommandError
 
[31mΓÄ»ΓÄ»ΓÄ»ΓÄ»ΓÄ»ΓÄ»ΓÄ»[39m[1m[41m Failed 
Tests 2 [49m[22m[31mΓÄ»ΓÄ»ΓÄ»ΓÄ»ΓÄ»ΓÄ»ΓÄ»[39m

[41m[1m FAIL [22m[49m 
components/Verification.test.tsx[2m > 
[22mCandidate Features Verification[2m > 
[22mCandidateDetail: Should display all 4 
Digital Form Sections in View Mode
[31m[1mTestingLibraryElementError[22m[39m: 
Found multiple elements with the text: Married

Here are the matching elements:

Ignored nodes: comments, script, style
[36m<div[39m
  [33mclass[39m=[32m"p-2.5 bg-slate-50 
rounded-lg text-sm font-medium text-slate-900 
border border-slate-200/50"[39m
[36m>[39m
  [0mMarried[0m
[36m</div>[39m

Ignored nodes: comments, script, style
[36m<div[39m
  [33mclass[39m=[32m"text-sm text-slate-900 
mt-1"[39m
[36m>[39m
  [0mMarried[0m
[36m</div>[39m

(If this is intentional, then use the `*AllBy*` 
variant of the query (like `queryAllByText`, 
`getAllByText`, or `findAllByText`)).

Ignored nodes: comments, script, style
[36m<body>[39m
  [36m<div>[39m
    [36m<div[39m
      [33mclass[39m=[32m"min-h-screen 
bg-slate-50"[39m
    [36m>[39m
      [36m<div[39m
        [33mclass[39m=[32m"bg-gradient-to-r 
from-blue-600 to-blue-700 text-white"[39m
      [36m>[39m
        [36m<div[39m
          [33mclass[39m=[32m"px-8 py-8"[39m
        [36m>[39m
          [36m<div[39m
            [33mclass[39m=[32m"flex 
items-start gap-6"[39m
          [36m>[39m
            [36m<div[39m
              [33mclass[39m=[32m"relative 
flex-shrink-0"[39m
            [36m>[39m
              [36m<img[39m
                [33malt[39m=[32m"Rajesh 
Kumar"[39m
                [33mclass[39m=[32m"w-28 h-28 
rounded-full border-4 border-white/30 shadow-xl 
object-cover"[39m
                [33msrc[39m=[32m"https://ui-ava
tars.com/api/?name=Rajesh%20Kumar&size=128"[39m
              [36m/>[39m
              [36m<div[39m
                [33mclass[39m=[32m"absolute 
-bottom-2 -right-2 w-6 h-6 bg-green-400 border-4 
border-blue-700 rounded-full"[39m
              [36m/>[39m
            [36m</div>[39m
            [36m<div[39m
              [33mclass[39m=[32m"flex-1 
min-w-0"[39m
            [36m>[39m
              [36m<div[39m
                [33mclass[39m=[32m"flex 
items-center gap-3 mb-3"[39m
              [36m>[39m
                [36m<h1[39m
                  [33mclass[39m=[32m"text-3xl 
font-bold truncate"[39m
                [36m>[39m
                  [0mRajesh Kumar[0m
                [36m</h1>[39m
              [36m</div>[39m
              [36m<div[39m
                [33mclass[39m=[32m"flex 
items-center gap-3 mb-4"[39m
              [36m>[39m
                [36m<span[39m
                  [33mclass[39m=[32m"text-lg 
text-blue-100"[39m
                [36m>[39m
                  [0mNo Role Assigned[0m
                [36m</span>[39m
                [36m<span[39m
                  
[33mclass[39m=[32m"text-blue-300"[39m
                [36m>[39m
                  [0mΓÇó[0m
                [36m</span>[39m
                [36m<span[39m
                  [33mclass[39m=[32m"px-3 py-1 
rounded-lg border text-sm font-medium 
bg-slate-400/30 text-slate-100 
border-slate-300"[39m
                [36m>[39m
                  [0mVerified[0m
                [36m</span>[39m
                [36m<span[39m
                  
[33mclass[39m=[32m"text-blue-300"[39m
                [36m>[39m
                  [0mΓÇó[0m
                [36m</span>[39m
                [36m<span[39m
                  [33mclass[39m=[32m"text-sm 
text-blue-200"[39m
                [36m>[39m
                  [0mNaN[0m
                  [0m days in stage[0m
                [36m</span>[39m
              [36m</div>[39m
              [36m<div[39m
                [33mclass[39m=[32m"flex 
flex-wrap items-center gap-6 text-sm 
text-blue-100"[39m
              [36m>[39m
                [36m<div[39m
                  [33mclass[39m=[32m"flex 
items-center gap-2"[39m
                [36m>[39m
                  [36m<svg[39m
                    
[33mclass[39m=[32m"text-blue-300"[39m
                    
[33mfill[39m=[32m"none"[39m
                    
[33mheight[39m=[32m"16"[39m
                    
[33mstroke[39m=[32m"currentColor"[39m
                    
[33mstroke-linecap[39m=[32m"round"[39m
                    
[33mstroke-linejoin[39m=[32m"round"[39m
                    
[33mstroke-width[39m=[32m"2"[39m
                    [33mviewBox[39m=[32m"0 0 
24 24"[39m
                    [33mwidth[39m=[32m"16"[39m
                    [33mxmlns[39m=[32m"http://w
ww.w3.org/2000/svg"[39m
                  [36m>[39m
                    [36m<path[39m
                      [33md[39m=[32m"M22 
16.92v3a2 2 0 0 1-2.18 2 19.79 19.79 0 0 
1-8.63-3.07 19.5 19.5 0 0 1-6-6 19.79 19.79 0 0 
1-3.07-8.67A2 2 0 0 1 4.11 2h3a2 2 0 0 1 2 1.72 
12.84 12.84 0 0 0 .7 2.81 2 2 0 0 1-.45 2.11L8.09 
9.91a16 16 0 0 0 6 6l1.27-1.27a2 2 0 0 1 2.11-.45 
12.84 12.84 0 0 0 2.81.7A2 2 0 0 1 22 16.92z"[39m
                    [36m/>[39m
                  [36m</svg>[39m
                  [36m<span>[39m
                    [0m+91 987 654 3210[0m
                  [36m</span>[39m
                [36m</div>[39m
                [36m<div[39m
                  [33mclass[39m=[32m"flex 
items-center gap-2"[39m
                [36m>[39m
                  [36m<svg[39m
                    
[33mclass[39m=[32m"text-blue-300"[39m
                    
[33mfill[39m=[32m"none"[39m
                    
[33mheight[39m=[32m"16"[39m
                    
[33mstroke[39m=[32m"currentColor"[39m
                    
[33mstroke-linecap[39m=[32m"round"[39m
                    
[33mstroke-linejoin[39m=[32m"round"[39m
                    
[33mstroke-width[39m=[32m"2"[39m
                    [33mviewBox[39m=[32m"0 0 
24 24"[39m
                    [33mwidth[39m=[32m"16"[39m
                    [33mxmlns[39m=[32m"http://w
ww.w3.org/2000/svg"[39m
                  [36m>[39m
                    [36m<rect[39m
                      
[33mheight[39m=[32m"16"[39m
                      [33mrx[39m=[32m"2"[39m
                      
[33mwidth[39m=[32m"20"[39m
                      [33mx[39m=[32m"2"[39m
                      [33my[39m=[32m"4"[39m
                    [36m/>[39m
                    [36m<path[39m
                      [33md[39m=[32m"m22 
7-8.97 5.7a1.94 1.94 0 0 1-2.06 0L2 7"[39m
                    [36m/>[39m
                  [36m</svg>[39m
                  [36m<span[39m
                    
[33mclass[39m=[32m"truncate max-w-xs"[39m
                  [36m>[39m
                    [0mrajesh.k@example.com[0m
                  [36m</span>[39m
                [36m</div>[39m
              [36m</div>[39m
              [36m<div[39m
                [33mclass[39m=[32m"flex 
items-center gap-6 mt-4 pt-4 border-t 
border-white/20"[39m
              [36m>[39m
                [36m<div>[39m
                  [36m<div[39m
                    
[33mclass[39m=[32m"text-2xl font-bold"[39m
                  [36m>[39m
                    [0m%[0m
                  [36m</div>[39m
                  [36m<div[39m
                    [33mclass[39m=[32m"text-xs 
text-blue-200"[39m
                  [36m>[39m
                    [0mProfile Complete[0m
                  [36m</div>[39m
                [36m</div>[39m
                [36m<div>[39m
                  [36m<div[39m
                    
[33mclass[39m=[32m"text-2xl font-bold"[39m
                  [36m>[39m
                    [0m0[0m
                  [36m</div>[39m
                  [36m<div[39m
                    [33mclass[39m=[32m"text-xs 
text-blue-200"[39m
                  [36m>[39m
                    [0mDocuments[0m
                  [36m</div>[39m
      ...
[90m [2mΓ¥»[22m Object.getElementError node_mod
ules/@testing-library/dom/dist/config.js:[2m37:19
[22m[39m
[90m [2mΓ¥»[22m getElementError node_modules/@t
esting-library/dom/dist/query-helpers.js:[2m20:35
[22m[39m
[90m [2mΓ¥»[22m getMultipleElementsFoundError n
ode_modules/@testing-library/dom/dist/query-helper
s.js:[2m23:10[22m[39m
[90m [2mΓ¥»[22m node_modules/@testing-library/d
om/dist/query-helpers.js:[2m55:13[22m[39m
[90m [2mΓ¥»[22m node_modules/@testing-library/d
om/dist/query-helpers.js:[2m95:19[22m[39m
[36m [2mΓ¥»[22m components/Verification.test.ts
x:[2m111:23[22m[39m
    [90m109| [39m        
expect(screen.getByText('8 
IN')).toBeInTheDocument(); // HeighΓÇª
    [90m110| [39m        
expect(screen.getByText('70 
KG')).toBeInTheDocument(); // WeigΓÇª
    [90m111| [39m        expect(screen.getByText
('Married')).toBeInTheDocument(); // MaΓÇª
    [90m   | [39m                      
[31m^[39m
    [90m112| [39m        
expect(screen.getByText('Royal 
College')).toBeInTheDocument();ΓÇª
    [90m113| [39m

[31m[2mΓÄ»ΓÄ»ΓÄ»ΓÄ»ΓÄ»ΓÄ»ΓÄ»ΓÄ»ΓÄ»ΓÄ»ΓÄ»ΓÄ»ΓÄ»ΓÄ
»ΓÄ»ΓÄ»ΓÄ»ΓÄ»ΓÄ»ΓÄ»ΓÄ»ΓÄ»ΓÄ»ΓÄ»[1/2]ΓÄ»[22m[39m

[41m[1m FAIL [22m[49m 
components/Verification.test.tsx[2m > 
[22mCandidate Features Verification[2m > 
[22mCandidateDetail: Should allow editing 
School, Height, Weight in Edit Mode
[31m[1mTestingLibraryElementError[22m[39m: 
Found multiple elements with the display value: 
Royal College.

Here are the matching elements:

Ignored nodes: comments, script, style
[36m<input[39m
  [33mclass[39m=[32m"w-full px-3 py-2 border 
border-slate-300 rounded-lg text-sm focus:ring-2 
focus:ring-green-500 focus:border-green-500"[39m
  [33mtype[39m=[32m"text"[39m
  [33mvalue[39m=[32m"Royal College"[39m
[36m/>[39m

Ignored nodes: comments, script, style
[36m<input[39m
  [33mclass[39m=[32m"w-full mt-1 p-2 border 
border-slate-200 rounded text-sm"[39m
  [33mplaceholder[39m=[32m"Name of School"[39m
  [33mtype[39m=[32m"text"[39m
  [33mvalue[39m=[32m"Royal College"[39m
[36m/>[39m

(If this is intentional, then use the `*AllBy*` 
variant of the query (like `queryAllByText`, 
`getAllByText`, or `findAllByText`)).

Ignored nodes: comments, script, style
[36m<body>[39m
  [36m<div>[39m
    [36m<div[39m
      [33mclass[39m=[32m"min-h-screen 
bg-slate-50"[39m
    [36m>[39m
      [36m<div[39m
        [33mclass[39m=[32m"bg-gradient-to-r 
from-blue-600 to-blue-700 text-white"[39m
      [36m>[39m
        [36m<div[39m
          [33mclass[39m=[32m"px-8 py-8"[39m
        [36m>[39m
          [36m<div[39m
            [33mclass[39m=[32m"flex 
items-start gap-6"[39m
          [36m>[39m
            [36m<div[39m
              [33mclass[39m=[32m"relative 
flex-shrink-0"[39m
            [36m>[39m
              [36m<img[39m
                [33malt[39m=[32m"Rajesh 
Kumar"[39m
                [33mclass[39m=[32m"w-28 h-28 
rounded-full border-4 border-white/30 shadow-xl 
object-cover"[39m
                [33msrc[39m=[32m"https://ui-ava
tars.com/api/?name=Rajesh%20Kumar&size=128"[39m
              [36m/>[39m
              [36m<div[39m
                [33mclass[39m=[32m"absolute 
-bottom-2 -right-2 w-6 h-6 bg-green-400 border-4 
border-blue-700 rounded-full"[39m
              [36m/>[39m
            [36m</div>[39m
            [36m<div[39m
              [33mclass[39m=[32m"flex-1 
min-w-0"[39m
            [36m>[39m
              [36m<div[39m
                [33mclass[39m=[32m"flex 
items-center gap-3 mb-3"[39m
              [36m>[39m
                [36m<h1[39m
                  [33mclass[39m=[32m"text-3xl 
font-bold truncate"[39m
                [36m>[39m
                  [0mRajesh Kumar[0m
                [36m</h1>[39m
              [36m</div>[39m
              [36m<div[39m
                [33mclass[39m=[32m"flex 
items-center gap-3 mb-4"[39m
              [36m>[39m
                [36m<span[39m
                  [33mclass[39m=[32m"text-lg 
text-blue-100"[39m
                [36m>[39m
                  [0mNo Role Assigned[0m
                [36m</span>[39m
                [36m<span[39m
                  
[33mclass[39m=[32m"text-blue-300"[39m

                [36m>[39m
                  [0mΓÇó[0m
                [36m</span>[39m
[2m Test Files [22m [1m[31m1 failed[39m[22m[90m (1)[39m
[2m      Tests [22m [1m[31m2 failed[39m[22m[90m (2)[39m
[2m   Start at [22m 15:50:31
                [36m<span[39m
[2m   Duration [22m 3.58s[2m (transform 514ms, setup 228ms, import 811ms, tests 409ms, environment 1.79s)[22m

[1m[41m FAIL [49m[22m [31mTests failed. Watching for file changes...[39m
       [2mpress [22m[1mh[22m[2m to show help[22m[2m, [22m[2mpress [22m[1mq[22m[2m to quit[22m
                  [33mclass[39m=[32m"px-3 py-1 
rounded-lg border text-sm font-medium 
bg-slate-400/30 text-slate-100 
border-slate-300"[39m
                [36m>[39m
                  [0mVerified[0m
                [36m</span>[39m
                [36m<span[39m
                  
[33mclass[39m=[32m"text-blue-300"[39m
                [36m>[39m
                  [0mΓÇó[0m
                [36m</span>[39m
                [36m<span[39m
                  [33mclass[39m=[32m"text-sm 
text-blue-200"[39m
                [36m>[39m
                  [0mNaN[0m
                  [0m days in stage[0m
                [36m</span>[39m
              [36m</div>[39m
              [36m<div[39m
                [33mclass[39m=[32m"flex 
flex-wrap items-center gap-6 text-sm 
text-blue-100"[39m
              [36m>[39m
                [36m<div[39m
                  [33mclass[39m=[32m"flex 
items-center gap-2"[39m
                [36m>[39m
                  [36m<svg[39m
                    
[33mclass[39m=[32m"text-blue-300"[39m
                    
[33mfill[39m=[32m"none"[39m
                    
[33mheight[39m=[32m"16"[39m
                    
[33mstroke[39m=[32m"currentColor"[39m
                    
[33mstroke-linecap[39m=[32m"round"[39m
                    
[33mstroke-linejoin[39m=[32m"round"[39m
                    
[33mstroke-width[39m=[32m"2"[39m
                    [33mviewBox[39m=[32m"0 0 
24 24"[39m
                    [33mwidth[39m=[32m"16"[39m
                    [33mxmlns[39m=[32m"http://w
ww.w3.org/2000/svg"[39m
                  [36m>[39m
                    [36m<path[39m
                      [33md[39m=[32m"M22 
16.92v3a2 2 0 0 1-2.18 2 19.79 19.79 0 0 
1-8.63-3.07 19.5 19.5 0 0 1-6-6 19.79 19.79 0 0 
1-3.07-8.67A2 2 0 0 1 4.11 2h3a2 2 0 0 1 2 1.72 
12.84 12.84 0 0 0 .7 2.81 2 2 0 0 1-.45 2.11L8.09 
9.91a16 16 0 0 0 6 6l1.27-1.27a2 2 0 0 1 2.11-.45 
12.84 12.84 0 0 0 2.81.7A2 2 0 0 1 22 16.92z"[39m
                    [36m/>[39m
                  [36m</svg>[39m
                  [36m<span>[39m
                    [0m+91 987 654 3210[0m
                  [36m</span>[39m
                [36m</div>[39m
                [36m<div[39m
                  [33mclass[39m=[32m"flex 
items-center gap-2"[39m
                [36m>[39m
                  [36m<svg[39m
                    
[33mclass[39m=[32m"text-blue-300"[39m
                    
[33mfill[39m=[32m"none"[39m
                    
[33mheight[39m=[32m"16"[39m
                    
[33mstroke[39m=[32m"currentColor"[39m
                    
[33mstroke-linecap[39m=[32m"round"[39m
                    
[33mstroke-linejoin[39m=[32m"round"[39m
                    
[33mstroke-width[39m=[32m"2"[39m
                    [33mviewBox[39m=[32m"0 0 
24 24"[39m
                    [33mwidth[39m=[32m"16"[39m
                    [33mxmlns[39m=[32m"http://w
ww.w3.org/2000/svg"[39m
                  [36m>[39m
                    [36m<rect[39m
                      
[33mheight[39m=[32m"16"[39m
                      [33mrx[39m=[32m"2"[39m
                      
[33mwidth[39m=[32m"20"[39m
                      [33mx[39m=[32m"2"[39m
                      [33my[39m=[32m"4"[39m
                    [36m/>[39m
                    [36m<path[39m
                      [33md[39m=[32m"m22 
7-8.97 5.7a1.94 1.94 0 0 1-2.06 0L2 7"[39m
                    [36m/>[39m
                  [36m</svg>[39m
                  [36m<span[39m
                    
[33mclass[39m=[32m"truncate max-w-xs"[39m
                  [36m>[39m
                    [0mrajesh.k@example.com[0m
                  [36m</span>[39m
                [36m</div>[39m
              [36m</div>[39m
              [36m<div[39m
                [33mclass[39m=[32m"flex 
items-center gap-6 mt-4 pt-4 border-t 
border-white/20"[39m
              [36m>[39m
                [36m<div>[39m
                  [36m<div[39m
                    
[33mclass[39m=[32m"text-2xl font-bold"[39m
                  [36m>[39m
                    [0m%[0m
                  [36m</div>[39m
                  [36m<div[39m
                    [33mclass[39m=[32m"text-xs 
text-blue-200"[39m
                  [36m>[39m
                    [0mProfile Complete[0m
                  [36m</div>[39m
                [36m</div>[39m
                [36m<div>[39m
                  [36m<div[39m
                    
[33mclass[39m=[32m"text-2xl font-bold"[39m
                  [36m>[39m
                    [0m0[0m
                  [36m</div>[39m
                  [36m<div[39m
                    [33mclass[39m=[32m"text-xs 
text-blue-200"[39m
                  [36m>[39m
                    [0mDocuments[0m
                  [36m</div>[39m
      ...
[90m [2mΓ¥»[22m Object.getElementError node_mod
ules/@testing-library/dom/dist/config.js:[2m37:19
[22m[39m
[90m [2mΓ¥»[22m getElementError node_modules/@t
esting-library/dom/dist/query-helpers.js:[2m20:35
[22m[39m
[90m [2mΓ¥»[22m getMultipleElementsFoundError n
ode_modules/@testing-library/dom/dist/query-helper
s.js:[2m23:10[22m[39m
[90m [2mΓ¥»[22m node_modules/@testing-library/d
om/dist/query-helpers.js:[2m55:13[22m[39m
[90m [2mΓ¥»[22m node_modules/@testing-library/d
om/dist/query-helpers.js:[2m95:19[22m[39m
[36m [2mΓ¥»[22m components/Verification.test.ts
x:[2m138:36[22m[39m
    [90m136| [39m
    [90m137| [39m        [90m// 1. Check 
School Input[39m
    [90m138| [39m        [35mconst[39m 
schoolInput [33m=[39m screen[33m.[39m[34mgetB
yDisplayValue[39m([32m'Royal 
College'[39m)[33m;[39m
    [90m   | [39m                               
    [31m^[39m
    [90m139| [39m        [34mexpect[39m(school
Input)[33m.[39m[34mtoBeInTheDocument[39m()[33
m;[39m
    [90m140| [39m        
fireEvent.change(schoolInput, { target: { value: 
'Ananda ColleΓÇª

[31m[2mΓÄ»ΓÄ»ΓÄ»ΓÄ»ΓÄ»ΓÄ»ΓÄ»ΓÄ»ΓÄ»ΓÄ»ΓÄ»ΓÄ»ΓÄ»ΓÄ
»ΓÄ»ΓÄ»ΓÄ»ΓÄ»ΓÄ»ΓÄ»ΓÄ»ΓÄ»ΓÄ»ΓÄ»[2/2]ΓÄ»[22m[39m

c[3J[1m[44m RERUN [49m[22m [34m[2mcomponents/CandidateDetail.tsx [22m[34mx1 [34m[39m
       [2m Filename pattern: [22m[34mcomponents/Verification.test.tsx[39m

 [31mΓ¥»[39m components/Verification.test.tsx [2m([22m[2m2 tests[22m[2m | [22m[31m1 failed[39m[2m)[22m[33m 894[2mms[22m[39m
[31m     [31m├ù[31m CandidateDetail: Should display all 4 Digital Form Sections in View Mode[39m[33m 632[2mms[22m[39m
     [32mΓ£ô[39m CandidateDetail: Should allow editing School, Height, Weight in Edit Mode[32m 257[2mms[22m[39m

[31mΓÄ»ΓÄ»ΓÄ»ΓÄ»ΓÄ»ΓÄ»ΓÄ»[39m[1m[41m Failed 
Tests 1 [49m[22m[31mΓÄ»ΓÄ»ΓÄ»ΓÄ»ΓÄ»ΓÄ»ΓÄ»[39m

[41m[1m FAIL [22m[49m 
components/Verification.test.tsx[2m > 
[22mCandidate Features Verification[2m > 
[22mCandidateDetail: Should display all 4 
Digital Form Sections in View Mode
[31m[1mTestingLibraryElementError[22m[39m: 
Found multiple elements with the text: Married

Here are the matching elements:

Ignored nodes: comments, script, style
[36m<div[39m
  [33mclass[39m=[32m"p-2.5 bg-slate-50 
rounded-lg text-sm font-medium text-slate-900 
border border-slate-200/50"[39m
[36m>[39m
  [0mMarried[0m
[36m</div>[39m

Ignored nodes: comments, script, style
[36m<div[39m
  [33mclass[39m=[32m"text-sm text-slate-900 
mt-1"[39m
[36m>[39m
  [0mMarried[0m
[36m</div>[39m

(If this is intentional, then use the `*AllBy*` 
variant of the query (like `queryAllByText`, 
`getAllByText`, or `findAllByText`)).

Ignored nodes: comments, script, style
[36m<body>[39m
  [36m<div>[39m
    [36m<div[39m
      [33mclass[39m=[32m"min-h-screen 
bg-slate-50"[39m
    [36m>[39m
      [36m<div[39m
        [33mclass[39m=[32m"bg-gradient-to-r 
from-blue-600 to-blue-700 text-white"[39m
      [36m>[39m
        [36m<div[39m
          [33mclass[39m=[32m"px-8 py-8"[39m
        [36m>[39m
          [36m<div[39m
            [33mclass[39m=[32m"flex 
items-start gap-6"[39m
          [36m>[39m
            [36m<div[39m
              [33mclass[39m=[32m"relative 
flex-shrink-0"[39m
            [36m>[39m
              [36m<img[39m
                [33malt[39m=[32m"Rajesh 
Kumar"[39m
                [33mclass[39m=[32m"w-28 h-28 
rounded-full border-4 border-white/30 shadow-xl 
object-cover"[39m
                [33msrc[39m=[32m"https://ui-ava
tars.com/api/?name=Rajesh%20Kumar&size=128"[39m
              [36m/>[39m
              [36m<div[39m
                [33mclass[39m=[32m"absolute 
-bottom-2 -right-2 w-6 h-6 bg-green-400 border-4 
border-blue-700 rounded-full"[39m
              [36m/>[39m
            [36m</div>[39m
            [36m<div[39m
              [33mclass[39m=[32m"flex-1 
min-w-0"[39m
            [36m>[39m
              [36m<div[39m
                [33mclass[39m=[32m"flex 
items-center gap-3 mb-3"[39m
              [36m>[39m
                [36m<h1[39m
                  [33mclass[39m=[32m"text-3xl 
font-bold truncate"[39m
                [36m>[39m
                  [0mRajesh Kumar[0m
                [36m</h1>[39m
              [36m</div>[39m
              [36m<div[39m
                [33mclass[39m=[32m"flex 
items-center gap-3 mb-4"[39m
              [36m>[39m
                [36m<span[39m
                  [33mclass[39m=[32m"text-lg 
text-blue-100"[39m
                [36m>[39m
                  [0mNo Role Assigned[0m
                [36m</span>[39m
                [36m<span[39m
                  
[33mclass[39m=[32m"text-blue-300"[39m
                [36m>[39m
                  [0mΓÇó[0m
                [36m</span>[39m
                [36m<span[39m
                  [33mclass[39m=[32m"px-3 py-1 
rounded-lg border text-sm font-medium 
bg-slate-400/30 text-slate-100 
border-slate-300"[39m
                [36m>[39m
                  [0mVerified[0m
                [36m</span>[39m
                [36m<span[39m
                  
[33mclass[39m=[32m"text-blue-300"[39m
                [36m>[39m
                  [0mΓÇó[0m
                [36m</span>[39m
                [36m<span[39m
                  [33mclass[39m=[32m"text-sm 
text-blue-200"[39m
                [36m>[39m
                  [0mNaN[0m
                  [0m days in stage[0m
                [36m</span>[39m
              [36m</div>[39m
              [36m<div[39m
                [33mclass[39m=[32m"flex 
flex-wrap items-center gap-6 text-sm 
text-blue-100"[39m
              [36m>[39m
                [36m<div[39m
                  [33mclass[39m=[32m"flex 
items-center gap-2"[39m
                [36m>[39m
                  [36m<svg[39m
                    
[33mclass[39m=[32m"text-blue-300"[39m
                    
[33mfill[39m=[32m"none"[39m
                    
[33mheight[39m=[32m"16"[39m
                    
[33mstroke[39m=[32m"currentColor"[39m
                    
[33mstroke-linecap[39m=[32m"round"[39m
                    
[33mstroke-linejoin[39m=[32m"round"[39m
                    
[33mstroke-width[39m=[32m"2"[39m
                    [33mviewBox[39m=[32m"0 0 
24 24"[39m
                    [33mwidth[39m=[32m"16"[39m
                    [33mxmlns[39m=[32m"http://w
ww.w3.org/2000/svg"[39m
                  [36m>[39m
                    [36m<path[39m
                      [33md[39m=[32m"M22 
16.92v3a2 2 0 0 1-2.18 2 19.79 19.79 0 0 
1-8.63-3.07 19.5 19.5 0 0 1-6-6 19.79 19.79 0 0 
1-3.07-8.67A2 2 0 0 1 4.11 2h3a2 2 0 0 1 2 1.72 
12.84 12.84 0 0 0 .7 2.81 2 2 0 0 1-.45 2.11L8.09 
9.91a16 16 0 0 0 6 6l1.27-1.27a2 2 0 0 1 2.11-.45 
12.84 12.84 0 0 0 2.81.7A2 2 0 0 1 22 16.92z"[39m
                    [36m/>[39m
                  [36m</svg>[39m
                  [36m<span>[39m
                    [0m+91 987 654 3210[0m
                  [36m</span>[39m
                [36m</div>[39m
                [36m<div[39m
                  [33mclass[39m=[32m"flex 
items-center gap-2"[39m
                [36m>[39m
                  [36m<svg[39m
                    
[33mclass[39m=[32m"text-blue-300"[39m
                    
[33mfill[39m=[32m"none"[39m
                    
[33mheight[39m=[32m"16"[39m
                    
[33mstroke[39m=[32m"currentColor"[39m
                    
[33mstroke-linecap[39m=[32m"round"[39m
                    
[33mstroke-linejoin[39m=[32m"round"[39m
                    
[33mstroke-width[39m=[32m"2"[39m
                    [33mviewBox[39m=[32m"0 0 
24 24"[39m
                    [33mwidth[39m=[32m"16"[39m
                    [33mxmlns[39m=[32m"http://w
ww.w3.org/2000/svg"[39m
                  [36m>[39m
                    [36m<rect[39m
                      
[33mheight[39m=[32m"16"[39m
                      [33mrx[39m=[32m"2"[39m
                      
[33mwidth[39m=[32m"20"[39m
                      [33mx[39m=[32m"2"[39m
                      [33my[39m=[32m"4"[39m
                    [36m/>[39m
                    [36m<path[39m
                      [33md[39m=[32m"m22 
7-8.97 5.7a1.94 1.94 0 0 1-2.06 0L2 7"[39m
                    [36m/>[39m
                  [36m</svg>[39m
                  [36m<span[39m
                    
[33mclass[39m=[32m"truncate max-w-xs"[39m
                  [36m>[39m
                    [0mrajesh.k@example.com[0m
                  [36m</span>[39m
                [36m</div>[39m
              [36m</div>[39m
              [36m<div[39m
                [33mclass[39m=[32m"flex 
items-center gap-6 mt-4 pt-4 border-t 
border-white/20"[39m
              [36m>[39m
                [36m<div>[39m
                  [36m<div[39m
                    
[33mclass[39m=[32m"text-2xl font-bold"[39m
                  [36m>[39m
                    [0m%[0m
                  [36m</div>[39m
                  [36m<div[39m
                    [33mclass[39m=[32m"text-xs 
text-blue-200"[39m
                  [36m>[39m
                    [0mProfile Complete[0m
                  [36m</div>[39m
                [36m</div>[39m
                [36m<div>[39m
                  [36m<div[39m
                    
[33mclass[39m=[32m"text-2xl font-bold"[39m
                  [36m>[39m
                    [0m0[0m
                  [36m</div>[39m
                  [36m<div[39m
                    [33mclass[39m=[32m"text-xs 
text-blue-200"[39m
                  [36m>[39m
                    [0mDocuments[0m
                  [36m</div>[39m
      ...
[90m [2mΓ¥»[22m Object.getElementError node_mod
ules/@testing-library/dom/dist/config.js:[2m37:19
[22m[39m
[90m [2mΓ¥»[22m getElementError node_modules/@t
esting-library/dom/dist/query-helpers.js:[2m20:35
[22m[39m
[90m [2mΓ¥»[22m getMultipleElementsFoundError n
ode_modules/@testing-library/dom/dist/query-helper
s.js:[2m23:10[22m[39m
[90m [2mΓ¥»[22m node_modules/@testing-library/d
om/dist/query-helpers.js:[2m55:13[22m[39m
[90m [2mΓ¥»[22m node_modules/@testing-library/d
om/dist/query-helpers.js:[2m95:19[22m[39m
[36m [2mΓ¥»[22m components/Verification.test.ts
x:[2m111:23[22m[39m
    [90m109| [39m        
expect(screen.getByText('8 
IN')).toBeInTheDocument(); // HeighΓÇª
    [90m110| [39m        
expect(screen.getByText('70 
KG')).toBeInTheDocument(); // WeigΓÇª
    [90m111| [39m        expect(screen.getByText
('Married')).toBeInTheDocument(); // MaΓÇª
    [90m   | [39m                      
[31m^[39m
    [90m112| [39m        
expect(screen.getByText('Royal 
College')).toBeInTheDocument();ΓÇª
    [90m113| [39m

[31m[2mΓÄ»ΓÄ»ΓÄ»ΓÄ»ΓÄ»ΓÄ»ΓÄ»ΓÄ»ΓÄ»ΓÄ»ΓÄ»ΓÄ»ΓÄ»ΓÄ
»ΓÄ»ΓÄ»ΓÄ»ΓÄ»ΓÄ»ΓÄ»ΓÄ»ΓÄ»ΓÄ»ΓÄ»[1/1]ΓÄ»[22m[39m


[2m Test Files [22m [1m[31m1 failed[39m[22m[90m (1)[39m
[2m      Tests [22m [1m[31m1 failed[39m[22m[2m | [22m[1m[32m1 passed[39m[22m[90m (2)[39m
[2m   Start at [22m 15:51:20
[2m   Duration [22m 2.15s

[1m[41m FAIL [49m[22m [31mTests failed. Watching for file changes...[39m
       [2mpress [22m[1mh[22m[2m to show help[22m[2m, [22m[2mpress [22m[1mq[22m[2m to quit[22m
c[3J[1m[44m RERUN [49m[22m [34m[2mcomponents/CandidateDetail.tsx [22m[34mx2 [34m[39m
       [2m Filename pattern: [22m[34mcomponents/Verification.test.tsx[39m

 [31mΓ¥»[39m components/Verification.test.tsx [2m([22m[2m2 tests[22m[2m | [22m[31m1 failed[39m[2m)[22m[33m 842[2mms[22m[39m
[31m     [31m├ù[31m CandidateDetail: Should display all 4 Digital Form Sections in View Mode[39m[33m 538[2mms[22m[39m
     [33m[2mΓ£ô[22m[39m CandidateDetail: Should allow editing School, Height, Weight in Edit Mode [33m 302[2mms[22m[39m

[31mΓÄ»ΓÄ»ΓÄ»ΓÄ»ΓÄ»ΓÄ»ΓÄ»[39m[1m[41m Failed 
Tests 1 [49m[22m[31mΓÄ»ΓÄ»ΓÄ»ΓÄ»ΓÄ»ΓÄ»ΓÄ»[39m

[41m[1m FAIL [22m[49m 
components/Verification.test.tsx[2m > 
[22mCandidate Features Verification[2m > 
[22mCandidateDetail: Should display all 4 
Digital Form Sections in View Mode
[31m[1mTestingLibraryElementError[22m[39m: 
Found multiple elements with the text: Married

Here are the matching elements:

Ignored nodes: comments, script, style
[36m<div[39m
  [33mclass[39m=[32m"p-2.5 bg-slate-50 
rounded-lg text-sm font-medium text-slate-900 
border border-slate-200/50"[39m
[36m>[39m
  [0mMarried[0m
[36m</div>[39m

Ignored nodes: comments, script, style
[36m<div[39m
  [33mclass[39m=[32m"text-sm text-slate-900 
mt-1"[39m
[36m>[39m
  [0mMarried[0m
[36m</div>[39m

(If this is intentional, then use the `*AllBy*` 
variant of the query (like `queryAllByText`, 
`getAllByText`, or `findAllByText`)).

Ignored nodes: comments, script, style
[36m<body>[39m
  [36m<div>[39m
    [36m<div[39m
      [33mclass[39m=[32m"min-h-screen 
bg-slate-50"[39m
    [36m>[39m
      [36m<div[39m
        [33mclass[39m=[32m"bg-gradient-to-r 
from-blue-600 to-blue-700 text-white"[39m
      [36m>[39m
        [36m<div[39m
          [33mclass[39m=[32m"px-8 py-8"[39m
        [36m>[39m
          [36m<div[39m
            [33mclass[39m=[32m"flex 
items-start gap-6"[39m
          [36m>[39m
            [36m<div[39m
              [33mclass[39m=[32m"relative 
flex-shrink-0"[39m
            [36m>[39m
              [36m<img[39m
                [33malt[39m=[32m"Rajesh 
Kumar"[39m
                [33mclass[39m=[32m"w-28 h-28 
rounded-full border-4 border-white/30 shadow-xl 
object-cover"[39m
                [33msrc[39m=[32m"https://ui-ava
tars.com/api/?name=Rajesh%20Kumar&size=128"[39m
              [36m/>[39m
              [36m<div[39m
                [33mclass[39m=[32m"absolute 
-bottom-2 -right-2 w-6 h-6 bg-green-400 border-4 
border-blue-700 rounded-full"[39m
              [36m/>[39m
            [36m</div>[39m
            [36m<div[39m
              [33mclass[39m=[32m"flex-1 
min-w-0"[39m
            [36m>[39m
              [36m<div[39m
                [33mclass[39m=[32m"flex 
items-center gap-3 mb-3"[39m
              [36m>[39m
                [36m<h1[39m
                  [33mclass[39m=[32m"text-3xl 
font-bold truncate"[39m
                [36m>[39m
                  [0mRajesh Kumar[0m
                [36m</h1>[39m
              [36m</div>[39m
              [36m<div[39m
                [33mclass[39m=[32m"flex 
items-center gap-3 mb-4"[39m
              [36m>[39m
                [36m<span[39m
                  [33mclass[39m=[32m"text-lg 
text-blue-100"[39m
                [36m>[39m
                  [0mNo Role Assigned[0m
                [36m</span>[39m
                [36m<span[39m
                  
[33mclass[39m=[32m"text-blue-300"[39m
                [36m>[39m
                  [0mΓÇó[0m
                [36m</span>[39m
                [36m<span[39m
                  [33mclass[39m=[32m"px-3 py-1 
rounded-lg border text-sm font-medium 
bg-slate-400/30 text-slate-100 
border-slate-300"[39m
                [36m>[39m
                  [0mVerified[0m
                [36m</span>[39m
                [36m<span[39m
                  
[33mclass[39m=[32m"text-blue-300"[39m
                [36m>[39m
                  [0mΓÇó[0m
                [36m</span>[39m
                [36m<span[39m
                  [33mclass[39m=[32m"text-sm 
text-blue-200"[39m
                [36m>[39m
                  [0mNaN[0m
                  [0m days in stage[0m
                [36m</span>[39m
              [36m</div>[39m
              [36m<div[39m
                [33mclass[39m=[32m"flex 
flex-wrap items-center gap-6 text-sm 
text-blue-100"[39m
              [36m>[39m
                [36m<div[39m
                  [33mclass[39m=[32m"flex 
items-center gap-2"[39m
                [36m>[39m
                  [36m<svg[39m
                    
[33mclass[39m=[32m"text-blue-300"[39m
                    
[33mfill[39m=[32m"none"[39m
                    
[33mheight[39m=[32m"16"[39m
                    
[33mstroke[39m=[32m"currentColor"[39m
                    
[33mstroke-linecap[39m=[32m"round"[39m
                    
[33mstroke-linejoin[39m=[32m"round"[39m
                    
[33mstroke-width[39m=[32m"2"[39m
                    [33mviewBox[39m=[32m"0 0 
24 24"[39m
                    [33mwidth[39m=[32m"16"[39m
                    [33mxmlns[39m=[32m"http://w
ww.w3.org/2000/svg"[39m
                  [36m>[39m
                    [36m<path[39m
                      [33md[39m=[32m"M22 
16.92v3a2 2 0 0 1-2.18 2 19.79 19.79 0 0 
1-8.63-3.07 19.5 19.5 0 0 1-6-6 19.79 19.79 0 0 
1-3.07-8.67A2 2 0 0 1 4.11 2h3a2 2 0 0 1 2 1.72 
12.84 12.84 0 0 0 .7 2.81 2 2 0 0 1-.45 2.11L8.09 
9.91a16 16 0 0 0 6 6l1.27-1.27a2 2 0 0 1 2.11-.45 
12.84 12.84 0 0 0 2.81.7A2 2 0 0 1 22 16.92z"[39m
                    [36m/>[39m
                  [36m</svg>[39m
                  [36m<span>[39m
                    [0m+91 987 654 3210[0m
                  [36m</span>[39m
                [36m</div>[39m
                [36m<div[39m
                  [33mclass[39m=[32m"flex 
items-center gap-2"[39m
                [36m>[39m
                  [36m<svg[39m
                    
[33mclass[39m=[32m"text-blue-300"[39m
                    
[33mfill[39m=[32m"none"[39m
                    
[33mheight[39m=[32m"16"[39m
                    
[33mstroke[39m=[32m"currentColor"[39m
                    
[33mstroke-linecap[39m=[32m"round"[39m
                    
[33mstroke-linejoin[39m=[32m"round"[39m
                    
[33mstroke-width[39m=[32m"2"[39m
                    [33mviewBox[39m=[32m"0 0 
24 24"[39m
                    [33mwidth[39m=[32m"16"[39m
                    [33mxmlns[39m=[32m"http://w
ww.w3.org/2000/svg"[39m
                  [36m>[39m
                    [36m<rect[39m
                      
[33mheight[39m=[32m"16"[39m
                      [33mrx[39m=[32m"2"[39m
                      
[33mwidth[39m=[32m"20"[39m
                      [33mx[39m=[32m"2"[39m
                      [33my[39m=[32m"4"[39m
                    [36m/>[39m
                    [36m<path[39m
                      [33md[39m=[32m"m22 
7-8.97 5.7a1.94 1.94 0 0 1-2.06 0L2 7"[39m
                    [36m/>[39m
                  [36m</svg>[39m
                  [36m<span[39m
                    
[33mclass[39m=[32m"truncate max-w-xs"[39m
                  [36m>[39m
                    [0mrajesh.k@example.com[0m
                  [36m</span>[39m
                [36m</div>[39m
              [36m</div>[39m
              [36m<div[39m
                [33mclass[39m=[32m"flex 
items-center gap-6 mt-4 pt-4 border-t 
border-white/20"[39m
              [36m>[39m
                [36m<div>[39m
                  [36m<div[39m
                    
[33mclass[39m=[32m"text-2xl font-bold"[39m
                  [36m>[39m
                    [0m%[0m
                  [36m</div>[39m
                  [36m<div[39m
                    [33mclass[39m=[32m"text-xs 
text-blue-200"[39m
                  [36m>[39m
                    [0mProfile Complete[0m
                  [36m</div>[39m
                [36m</div>[39m
                [36m<div>[39m
                  [36m<div[39m
                    
[33mclass[39m=[32m"text-2xl font-bold"[39m
                  [36m>[39m
                    [0m0[0m
                  [36m</div>[39m
                  [36m<div[39m
                    [33mclass[39m=[32m"text-xs 
text-blue-200"[39m
                  [36m>[39m
                    [0mDocuments[0m
                  [36m</div>[39m
      ...
[90m [2mΓ¥»[22m Object.getElementError node_mod
ules/@testing-library/dom/dist/config.js:[2m37:19
[22m[39m
[90m [2mΓ¥»[22m getElementError node_modules/@t
esting-library/dom/dist/query-helpers.js:[2m20:35
[22m[39m
[90m [2mΓ¥»[22m getMultipleElementsFoundError n
ode_modules/@testing-library/dom/dist/query-helper
s.js:[2m23:10[22m[39m
[90m [2mΓ¥»[22m node_modules/@testing-library/d
om/dist/query-helpers.js:[2m55:13[22m[39m
[90m [2mΓ¥»[22m node_modules/@testing-library/d
om/dist/query-helpers.js:[2m95:19[22m[39m
[36m [2mΓ¥»[22m components/Verification.test.ts
x:[2m111:23[22m[39m
    [90m109| [39m        
expect(screen.getByText('8 
IN')).toBeInTheDocument(); // HeighΓÇª
    [90m110| [39m        
expect(screen.getByText('70 
KG')).toBeInTheDocument(); // WeigΓÇª
    [90m111| [39m        expect(screen.getByText
('Married')).toBeInTheDocument(); // MaΓÇª
    [90m   | [39m                      
[31m^[39m
    [90m112| [39m        
expect(screen.getByText('Royal 
College')).toBeInTheDocument();ΓÇª
    [90m113| [39m

[31m[2mΓÄ»ΓÄ»ΓÄ»ΓÄ»ΓÄ»ΓÄ»ΓÄ»ΓÄ»ΓÄ»ΓÄ»ΓÄ»ΓÄ»ΓÄ»ΓÄ
»ΓÄ»ΓÄ»ΓÄ»ΓÄ»ΓÄ»ΓÄ»ΓÄ»ΓÄ»ΓÄ»ΓÄ»[1/1]ΓÄ»[22m[39m


[2m Test Files [22m [1m[31m1 failed[39m[22m[90m (1)[39m
[2m      Tests [22m [1m[31m1 failed[39m[22m[2m | [22m[1m[32m1 passed[39m[22m[90m (2)[39m
[2m   Start at [22m 15:51:26
[2m   Duration [22m 1.80s

[1m[41m FAIL [49m[22m [31mTests failed. Watching for file changes...[39m
       [2mpress [22m[1mh[22m[2m to show help[22m[2m, [22m[2mpress [22m[1mq[22m[2m to quit[22m
c[3J[1m[44m RERUN [49m[22m [34m[2mcomponents/CandidateDetail.tsx [22m[34mx3 [34m[39m
       [2m Filename pattern: [22m[34mcomponents/Verification.test.tsx[39m

 [32mΓ£ô[39m components/Verification.test.tsx [2m([22m[2m2 tests[22m[2m)[22m[33m 1152[2mms[22m[39m
     [33m[2mΓ£ô[22m[39m CandidateDetail: Should display all 4 Digital Form Sections in View Mode [33m 626[2mms[22m[39m
     [33m[2mΓ£ô[22m[39m CandidateDetail: Should allow editing School, Height, Weight in Edit Mode [33m 480[2mms[22m[39m

[2m Test Files [22m [1m[32m1 passed[39m[22m[90m (1)[39m
[2m      Tests [22m [1m[32m2 passed[39m[22m[90m (2)[39m
[2m   Start at [22m 15:52:33
[2m   Duration [22m 2.30s

[1m[42m PASS [49m[22m [32mWaiting for file changes...[39m
       [2mpress [22m[1mh[22m[2m to show help[22m[2m, [22m[2mpress [22m[1mq[22m[2m to quit[22m
c[3J[1m[44m RERUN [49m[22m [34m[2mcomponents/CandidateDetail.tsx [22m[34mx4 [34m[39m
       [2m Filename pattern: [22m[34mcomponents/Verification.test.tsx[39m

 [32mΓ£ô[39m components/Verification.test.tsx [2m([22m[2m2 tests[22m[2m)[22m[33m 1345[2mms[22m[39m
     [33m[2mΓ£ô[22m[39m CandidateDetail: Should display all 4 Digital Form Sections in View Mode [33m 839[2mms[22m[39m
     [33m[2mΓ£ô[22m[39m CandidateDetail: Should allow editing School, Height, Weight in Edit Mode [33m 503[2mms[22m[39m

[2m Test Files [22m [1m[32m1 passed[39m[22m[90m (1)[39m
[2m      Tests [22m [1m[32m2 passed[39m[22m[90m (2)[39m
[2m   Start at [22m 15:52:41
[2m   Duration [22m 2.49s

[1m[42m PASS [49m[22m [32mWaiting for file changes...[39m
       [2mpress [22m[1mh[22m[2m to show help[22m[2m, [22m[2mpress [22m[1mq[22m[2m to quit[22m
c[3J[1m[44m RERUN [49m[22m [34m[2mcomponents/CandidateDetail.tsx [22m[34mx5 [34m[39m
       [2m Filename pattern: [22m[34mcomponents/Verification.test.tsx[39m

 [31mΓ¥»[39m components/Verification.test.tsx [2m([22m[2m2 tests[22m[2m | [22m[31m1 failed[39m[2m)[22m[33m 1174[2mms[22m[39m
[31m     [31m├ù[31m CandidateDetail: Should display all 4 Digital Form Sections in View Mode[39m[33m 750[2mms[22m[39m
     [33m[2mΓ£ô[22m[39m CandidateDetail: Should allow editing School, Height, Weight in Edit Mode [33m 422[2mms[22m[39m

[31mΓÄ»ΓÄ»ΓÄ»ΓÄ»ΓÄ»ΓÄ»ΓÄ»[39m[1m[41m Failed 
Tests 1 [49m[22m[31mΓÄ»ΓÄ»ΓÄ»ΓÄ»ΓÄ»ΓÄ»ΓÄ»[39m

[41m[1m FAIL [22m[49m 
components/Verification.test.tsx[2m > 
[22mCandidate Features Verification[2m > 
[22mCandidateDetail: Should display all 4 
Digital Form Sections in View Mode
[31m[1mTestingLibraryElementError[22m[39m: 
Unable to find an element with the text: /1.2 
Administrative Details/i. This could be because 
the text is broken up by multiple elements. In 
this case, you can provide a function for your 
text matcher to make your matcher more flexible.

Ignored nodes: comments, script, style
[36m<body>[39m
  [36m<div>[39m
    [36m<div[39m
      [33mclass[39m=[32m"min-h-screen 
bg-slate-50"[39m
    [36m>[39m
      [36m<div[39m
        [33mclass[39m=[32m"bg-gradient-to-r 
from-blue-600 to-blue-700 text-white"[39m
      [36m>[39m
        [36m<div[39m
          [33mclass[39m=[32m"px-8 py-8"[39m
        [36m>[39m
          [36m<div[39m
            [33mclass[39m=[32m"flex 
items-start gap-6"[39m
          [36m>[39m
            [36m<div[39m
              [33mclass[39m=[32m"relative 
flex-shrink-0"[39m
            [36m>[39m
              [36m<img[39m
                [33malt[39m=[32m"Rajesh 
Kumar"[39m
                [33mclass[39m=[32m"w-28 h-28 
rounded-full border-4 border-white/30 shadow-xl 
object-cover"[39m
                [33msrc[39m=[32m"https://ui-ava
tars.com/api/?name=Rajesh%20Kumar&size=128"[39m
              [36m/>[39m
              [36m<div[39m
                [33mclass[39m=[32m"absolute 
-bottom-2 -right-2 w-6 h-6 bg-green-400 border-4 
border-blue-700 rounded-full"[39m
              [36m/>[39m
            [36m</div>[39m
            [36m<div[39m
              [33mclass[39m=[32m"flex-1 
min-w-0"[39m
            [36m>[39m
              [36m<div[39m
                [33mclass[39m=[32m"flex 
items-center gap-3 mb-3"[39m
              [36m>[39m
                [36m<h1[39m
                  [33mclass[39m=[32m"text-3xl 
font-bold truncate"[39m
                [36m>[39m
                  [0mRajesh Kumar[0m
                [36m</h1>[39m
              [36m</div>[39m
              [36m<div[39m
                [33mclass[39m=[32m"flex 
items-center gap-3 mb-4"[39m
              [36m>[39m
                [36m<span[39m
                  [33mclass[39m=[32m"text-lg 
text-blue-100"[39m
                [36m>[39m
                  [0mNo Role Assigned[0m
                [36m</span>[39m
                [36m<span[39m
                  
[33mclass[39m=[32m"text-blue-300"[39m
                [36m>[39m
                  [0mΓÇó[0m
                [36m</span>[39m
                [36m<span[39m
                  [33mclass[39m=[32m"px-3 py-1 
rounded-lg border text-sm font-medium 
bg-slate-400/30 text-slate-100 
border-slate-300"[39m
                [36m>[39m
                  [0mVerified[0m
                [36m</span>[39m
                [36m<span[39m
                  
[33mclass[39m=[32m"text-blue-300"[39m
                [36m>[39m
                  [0mΓÇó[0m
                [36m</span>[39m
                [36m<span[39m
                  [33mclass[39m=[32m"text-sm 
text-blue-200"[39m
                [36m>[39m
                  [0mNaN[0m
                  [0m days in stage[0m
                [36m</span>[39m
              [36m</div>[39m
              [36m<div[39m
                [33mclass[39m=[32m"flex 
flex-wrap items-center gap-6 text-sm 
text-blue-100"[39m
              [36m>[39m
                [36m<div[39m
                  [33mclass[39m=[32m"flex 
items-center gap-2"[39m
                [36m>[39m
                  [36m<svg[39m
                    
[33mclass[39m=[32m"text-blue-300"[39m
                    
[33mfill[39m=[32m"none"[39m
                    
[33mheight[39m=[32m"16"[39m
                    
[33mstroke[39m=[32m"currentColor"[39m
                    
[33mstroke-linecap[39m=[32m"round"[39m
                    
[33mstroke-linejoin[39m=[32m"round"[39m
                    
[33mstroke-width[39m=[32m"2"[39m
                    [33mviewBox[39m=[32m"0 0 
24 24"[39m
                    [33mwidth[39m=[32m"16"[39m
                    [33mxmlns[39m=[32m"http://w
ww.w3.org/2000/svg"[39m
                  [36m>[39m
                    [36m<path[39m
                      [33md[39m=[32m"M22 
16.92v3a2 2 0 0 1-2.18 2 19.79 19.79 0 0 
1-8.63-3.07 19.5 19.5 0 0 1-6-6 19.79 19.79 0 0 
1-3.07-8.67A2 2 0 0 1 4.11 2h3a2 2 0 0 1 2 1.72 
12.84 12.84 0 0 0 .7 2.81 2 2 0 0 1-.45 2.11L8.09 
9.91a16 16 0 0 0 6 6l1.27-1.27a2 2 0 0 1 2.11-.45 
12.84 12.84 0 0 0 2.81.7A2 2 0 0 1 22 16.92z"[39m
                    [36m/>[39m
                  [36m</svg>[39m
                  [36m<span>[39m
                    [0m+91 987 654 3210[0m
                  [36m</span>[39m
                [36m</div>[39m
                [36m<div[39m
                  [33mclass[39m=[32m"flex 
items-center gap-2"[39m
                [36m>[39m
                  [36m<svg[39m
                    
[33mclass[39m=[32m"text-blue-300"[39m
                    
[33mfill[39m=[32m"none"[39m
                    
[33mheight[39m=[32m"16"[39m
                    
[33mstroke[39m=[32m"currentColor"[39m
                    
[33mstroke-linecap[39m=[32m"round"[39m
                    
[33mstroke-linejoin[39m=[32m"round"[39m
                    
[33mstroke-width[39m=[32m"2"[39m
                    [33mviewBox[39m=[32m"0 0 
24 24"[39m
                    [33mwidth[39m=[32m"16"[39m
                    [33mxmlns[39m=[32m"http://w
ww.w3.org/2000/svg"[39m
                  [36m>[39m
                    [36m<rect[39m
                      
[33mheight[39m=[32m"16"[39m
                      [33mrx[39m=[32m"2"[39m
                      
[33mwidth[39m=[32m"20"[39m
                      [33mx[39m=[32m"2"[39m
                      [33my[39m=[32m"4"[39m
                    [36m/>[39m
                    [36m<path[39m
                      [33md[39m=[32m"m22 
7-8.97 5.7a1.94 1.94 0 0 1-2.06 0L2 7"[39m
                    [36m/>[39m
                  [36m</svg>[39m
                  [36m<span[39m
                    
[33mclass[39m=[32m"truncate max-w-xs"[39m
                  [36m>[39m
                    [0mrajesh.k@example.com[0m
                  [36m</span>[39m
                [36m</div>[39m
              [36m</div>[39m
              [36m<div[39m
                [33mclass[39m=[32m"flex 
items-center gap-6 mt-4 pt-4 border-t 
border-white/20"[39m
              [36m>[39m
                [36m<div>[39m
                  [36m<div[39m
                    
[33mclass[39m=[32m"text-2xl font-bold"[39m
                  [36m>[39m
                    [0m%[0m
                  [36m</div>[39m
                  [36m<div[39m
                    [33mclass[39m=[32m"text-xs 
text-blue-200"[39m
                  [36m>[39m
                    [0mProfile Complete[0m
                  [36m</div>[39m
                [36m</div>[39m
                [36m<div>[39m
                  [36m<div[39m
                    
[33mclass[39m=[32m"text-2xl font-bold"[39m
                  [36m>[39m
                    [0m0[0m
                  [36m</div>[39m
                  [36m<div[39m
                    [33mclass[39m=[32m"text-xs 
text-blue-200"[39m
                  [36m>[39m
                    [0mDocuments[0m
                  [36m</div>[39m
      ...
[90m [2mΓ¥»[22m Object.getElementError node_mod
ules/@testing-library/dom/dist/config.js:[2m37:19
[22m[39m
[90m [2mΓ¥»[22m node_modules/@testing-library/d
om/dist/query-helpers.js:[2m76:38[22m[39m
[90m [2mΓ¥»[22m node_modules/@testing-library/d
om/dist/query-helpers.js:[2m52:17[22m[39m
[90m [2mΓ¥»[22m node_modules/@testing-library/d
om/dist/query-helpers.js:[2m95:19[22m[39m
[36m [2mΓ¥»[22m components/Verification.test.ts
x:[2m97:23[22m[39m
    [90m 95| [39m        [90m// 1. Check 
Section Headers[39m
    [90m 96| [39m        
expect(screen.getByText(/1.1 Personal Details 
\(Name\)/i)).toBΓÇª
    [90m 97| [39m        
expect(screen.getByText(/1.2 Administrative 
Details/i)).toBeInΓÇª
    [90m   | [39m                      
[31m^[39m
    [90m 98| [39m        
expect(screen.getByText(/1.3 Personal & Physical 
Attributes/i)ΓÇª
    [90m 99| [39m        
expect(screen.getByText(/1.4 Contact 
Information/i)).toBeInTheΓÇª

[31m[2mΓÄ»ΓÄ»ΓÄ»ΓÄ»ΓÄ»ΓÄ»ΓÄ»ΓÄ»ΓÄ»ΓÄ»ΓÄ»ΓÄ»ΓÄ»ΓÄ
»ΓÄ»ΓÄ»ΓÄ»ΓÄ»ΓÄ»ΓÄ»ΓÄ»ΓÄ»ΓÄ»ΓÄ»[1/1]ΓÄ»[22m[39m


[2m Test Files [22m [1m[31m1 failed[39m[22m[90m (1)[39m
[2m      Tests [22m [1m[31m1 failed[39m[22m[2m | [22m[1m[32m1 passed[39m[22m[90m (2)[39m
[2m   Start at [22m 15:54:35
[2m   Duration [22m 3.24s

[1m[41m FAIL [49m[22m [31mTests failed. Watching for file changes...[39m
       [2mpress [22m[1mh[22m[2m to show help[22m[2m, [22m[2mpress [22m[1mq[22m[2m to quit[22m
c[3J[1m[44m RERUN [49m[22m [34m[2mcomponents/CandidateDetail.tsx [22m[34mx6 [34m[39m
       [2m Filename pattern: [22m[34mcomponents/Verification.test.tsx[39m

 [31mΓ¥»[39m components/Verification.test.tsx [2m([22m[2m2 tests[22m[2m | [22m[31m1 failed[39m[2m)[22m[33m 1170[2mms[22m[39m
[31m     [31m├ù[31m CandidateDetail: Should display all 4 Digital Form Sections in View Mode[39m[33m 762[2mms[22m[39m
     [33m[2mΓ£ô[22m[39m CandidateDetail: Should allow editing School, Height, Weight in Edit Mode [33m 406[2mms[22m[39m

[31mΓÄ»ΓÄ»ΓÄ»ΓÄ»ΓÄ»ΓÄ»ΓÄ»[39m[1m[41m Failed 
Tests 1 [49m[22m[31mΓÄ»ΓÄ»ΓÄ»ΓÄ»ΓÄ»ΓÄ»ΓÄ»[39m

[41m[1m FAIL [22m[49m 
components/Verification.test.tsx[2m > 
[22mCandidate Features Verification[2m > 
[22mCandidateDetail: Should display all 4 
Digital Form Sections in View Mode
[31m[1mTestingLibraryElementError[22m[39m: 
Unable to find an element with the text: /1.2 
Administrative Details/i. This could be because 
the text is broken up by multiple elements. In 
this case, you can provide a function for your 
text matcher to make your matcher more flexible.

Ignored nodes: comments, script, style
[36m<body>[39m
  [36m<div>[39m
    [36m<div[39m
      [33mclass[39m=[32m"min-h-screen 
bg-slate-50"[39m
    [36m>[39m
      [36m<div[39m
        [33mclass[39m=[32m"bg-gradient-to-r 
from-blue-600 to-blue-700 text-white"[39m
      [36m>[39m
        [36m<div[39m
          [33mclass[39m=[32m"px-8 py-8"[39m
        [36m>[39m
          [36m<div[39m
            [33mclass[39m=[32m"flex 
items-start gap-6"[39m
          [36m>[39m
            [36m<div[39m
              [33mclass[39m=[32m"relative 
flex-shrink-0"[39m
            [36m>[39m
              [36m<img[39m
                [33malt[39m=[32m"Rajesh 
Kumar"[39m
                [33mclass[39m=[32m"w-28 h-28 
rounded-full border-4 border-white/30 shadow-xl 
object-cover"[39m
                [33msrc[39m=[32m"https://ui-ava
tars.com/api/?name=Rajesh%20Kumar&size=128"[39m
              [36m/>[39m
              [36m<div[39m
                [33mclass[39m=[32m"absolute 
-bottom-2 -right-2 w-6 h-6 bg-green-400 border-4 
border-blue-700 rounded-full"[39m
              [36m/>[39m
            [36m</div>[39m
            [36m<div[39m
              [33mclass[39m=[32m"flex-1 
min-w-0"[39m
            [36m>[39m
              [36m<div[39m
                [33mclass[39m=[32m"flex 
items-center gap-3 mb-3"[39m
              [36m>[39m
                [36m<h1[39m
                  [33mclass[39m=[32m"text-3xl 
font-bold truncate"[39m
                [36m>[39m
                  [0mRajesh Kumar[0m
                [36m</h1>[39m
              [36m</div>[39m
              [36m<div[39m
                [33mclass[39m=[32m"flex 
items-center gap-3 mb-4"[39m
              [36m>[39m
                [36m<span[39m
                  [33mclass[39m=[32m"text-lg 
text-blue-100"[39m
                [36m>[39m
                  [0mNo Role Assigned[0m
                [36m</span>[39m
                [36m<span[39m
                  
[33mclass[39m=[32m"text-blue-300"[39m
                [36m>[39m
                  [0mΓÇó[0m
                [36m</span>[39m
                [36m<span[39m
                  [33mclass[39m=[32m"px-3 py-1 
rounded-lg border text-sm font-medium 
bg-slate-400/30 text-slate-100 
border-slate-300"[39m
                [36m>[39m
                  [0mVerified[0m
                [36m</span>[39m
                [36m<span[39m
                  
[33mclass[39m=[32m"text-blue-300"[39m
                [36m>[39m
                  [0mΓÇó[0m
                [36m</span>[39m
                [36m<span[39m
                  [33mclass[39m=[32m"text-sm 
text-blue-200"[39m
                [36m>[39m
                  [0mNaN[0m
                  [0m days in stage[0m
                [36m</span>[39m
              [36m</div>[39m
              [36m<div[39m
                [33mclass[39m=[32m"flex 
flex-wrap items-center gap-6 text-sm 
text-blue-100"[39m
              [36m>[39m
                [36m<div[39m
                  [33mclass[39m=[32m"flex 
items-center gap-2"[39m
                [36m>[39m
                  [36m<svg[39m
                    
[33mclass[39m=[32m"text-blue-300"[39m
                    
[33mfill[39m=[32m"none"[39m
                    
[33mheight[39m=[32m"16"[39m
                    
[33mstroke[39m=[32m"currentColor"[39m
                    
[33mstroke-linecap[39m=[32m"round"[39m
                    
[33mstroke-linejoin[39m=[32m"round"[39m
                    
[33mstroke-width[39m=[32m"2"[39m
                    [33mviewBox[39m=[32m"0 0 
24 24"[39m
                    [33mwidth[39m=[32m"16"[39m
                    [33mxmlns[39m=[32m"http://w
ww.w3.org/2000/svg"[39m
                  [36m>[39m
                    [36m<path[39m
                      [33md[39m=[32m"M22 
16.92v3a2 2 0 0 1-2.18 2 19.79 19.79 0 0 
1-8.63-3.07 19.5 19.5 0 0 1-6-6 19.79 19.79 0 0 
1-3.07-8.67A2 2 0 0 1 4.11 2h3a2 2 0 0 1 2 1.72 
12.84 12.84 0 0 0 .7 2.81 2 2 0 0 1-.45 2.11L8.09 
9.91a16 16 0 0 0 6 6l1.27-1.27a2 2 0 0 1 2.11-.45 
12.84 12.84 0 0 0 2.81.7A2 2 0 0 1 22 16.92z"[39m
                    [36m/>[39m
                  [36m</svg>[39m
                  [36m<span>[39m
                    [0m+91 987 654 3210[0m
                  [36m</span>[39m
                [36m</div>[39m
                [36m<div[39m
                  [33mclass[39m=[32m"flex 
items-center gap-2"[39m
                [36m>[39m
                  [36m<svg[39m
                    
[33mclass[39m=[32m"text-blue-300"[39m
                    
[33mfill[39m=[32m"none"[39m
                    
[33mheight[39m=[32m"16"[39m
                    
[33mstroke[39m=[32m"currentColor"[39m
                    
[33mstroke-linecap[39m=[32m"round"[39m
                    
[33mstroke-linejoin[39m=[32m"round"[39m
                    
[33mstroke-width[39m=[32m"2"[39m
                    [33mviewBox[39m=[32m"0 0 
24 24"[39m
                    [33mwidth[39m=[32m"16"[39m
                    [33mxmlns[39m=[32m"http://w
ww.w3.org/2000/svg"[39m
                  [36m>[39m
                    [36m<rect[39m
                      
[33mheight[39m=[32m"16"[39m
                      [33mrx[39m=[32m"2"[39m
                      
[33mwidth[39m=[32m"20"[39m
                      [33mx[39m=[32m"2"[39m
                      [33my[39m=[32m"4"[39m
                    [36m/>[39m
                    [36m<path[39m
                      [33md[39m=[32m"m22 
7-8.97 5.7a1.94 1.94 0 0 1-2.06 0L2 7"[39m
                    [36m/>[39m
                  [36m</svg>[39m
                  [36m<span[39m
                    
[33mclass[39m=[32m"truncate max-w-xs"[39m
                  [36m>[39m
                    [0mrajesh.k@example.com[0m
                  [36m</span>[39m
                [36m</div>[39m
              [36m</div>[39m
              [36m<div[39m

[2m Test Files [22m [1m[31m1 failed[39m[22m[90m (1)[39m
[2m      Tests [22m [1m[31m1 failed[39m[22m[2m | [22m[1m[32m1 passed[39m[22m[90m (2)[39m
[2m   Start at [22m 15:54:45
[2m   Duration [22m 2.56s

[1m[41m FAIL [49m[22m [31mTests failed. Watching for file changes...[39m
       [2mpress [22m[1mh[22m[2m to show help[22m[2m, [22m[2mpress [22m[1mq[22m[2m to quit[22m
                [33mclass[39m=[32m"flex 
items-center gap-6 mt-4 pt-4 border-t 
border-white/20"[39m
              [36m>[39m
                [36m<div>[39m
                  [36m<div[39m
                    
[33mclass[39m=[32m"text-2xl font-bold"[39m
                  [36m>[39m
                    [0m%[0m
                  [36m</div>[39m
                  [36m<div[39m
                    [33mclass[39m=[32m"text-xs 
text-blue-200"[39m
                  [36m>[39m
                    [0mProfile Complete[0m
                  [36m</div>[39m
                [36m</div>[39m
                [36m<div>[39m
                  [36m<div[39m
                    
[33mclass[39m=[32m"text-2xl font-bold"[39m
                  [36m>[39m
                    [0m0[0m
                  [36m</div>[39m
                  [36m<div[39m
                    [33mclass[39m=[32m"text-xs 
text-blue-200"[39m
                  [36m>[39m
                    [0mDocuments[0m
                  [36m</div>[39m
      ...
[90m [2mΓ¥»[22m Object.getElementError node_mod
ules/@testing-library/dom/dist/config.js:[2m37:19
[22m[39m
[90m [2mΓ¥»[22m node_modules/@testing-library/d
om/dist/query-helpers.js:[2m76:38[22m[39m
[90m [2mΓ¥»[22m node_modules/@testing-library/d
om/dist/query-helpers.js:[2m52:17[22m[39m
[90m [2mΓ¥»[22m node_modules/@testing-library/d
om/dist/query-helpers.js:[2m95:19[22m[39m
[36m [2mΓ¥»[22m components/Verification.test.ts
x:[2m97:23[22m[39m
    [90m 95| [39m        [90m// 1. Check 
Section Headers[39m
    [90m 96| [39m        
expect(screen.getByText(/1.1 Personal Details 
\(Name\)/i)).toBΓÇª
    [90m 97| [39m        
expect(screen.getByText(/1.2 Administrative 
Details/i)).toBeInΓÇª
    [90m   | [39m                      
[31m^[39m
    [90m 98| [39m        
expect(screen.getByText(/1.3 Personal & Physical 
Attributes/i)ΓÇª
    [90m 99| [39m        
expect(screen.getByText(/1.4 Contact 
Information/i)).toBeInTheΓÇª

[31m[2mΓÄ»ΓÄ»ΓÄ»ΓÄ»ΓÄ»ΓÄ»ΓÄ»ΓÄ»ΓÄ»ΓÄ»ΓÄ»ΓÄ»ΓÄ»ΓÄ
»ΓÄ»ΓÄ»ΓÄ»ΓÄ»ΓÄ»ΓÄ»ΓÄ»ΓÄ»ΓÄ»ΓÄ»[1/1]ΓÄ»[22m[39m

c[3J[1m[44m RERUN [49m[22m [34m[2mcomponents/Verification.test.tsx [22m[34mx7 [34m[39m
       [2m Filename pattern: [22m[34mcomponents/Verification.test.tsx[39m

 [32mΓ£ô[39m components/Verification.test.tsx [2m([22m[2m2 tests[22m[2m)[22m[33m 1344[2mms[22m[39m
     [33m[2mΓ£ô[22m[39m CandidateDetail: Should display all 4 Digital Form Sections in View Mode [33m 778[2mms[22m[39m
     [33m[2mΓ£ô[22m[39m CandidateDetail: Should allow editing School, Height, Weight in Edit Mode [33m 563[2mms[22m[39m

[2m Test Files [22m [1m[32m1 passed[39m[22m[90m (1)[39m
[2m      Tests [22m [1m[32m2 passed[39m[22m[90m (2)[39m
[2m   Start at [22m 15:55:20
[2m   Duration [22m 2.40s

[1m[42m PASS [49m[22m [32mWaiting for file changes...[39m
       [2mpress [22m[1mh[22m[2m to show help[22m[2m, [22m[2mpress [22m[1mq[22m[2m to quit[22m
c[3J[1m[44m RERUN [49m[22m [34m[2mcomponents/Verification.test.tsx [22m[34mx8 [34m[39m
       [2m Filename pattern: [22m[34mcomponents/Verification.test.tsx[39m

 [31mΓ¥»[39m components/Verification.test.tsx [2m([22m[2m0 test[22m[2m)[22m

[31mΓÄ»ΓÄ»ΓÄ»ΓÄ»ΓÄ»ΓÄ»[39m[1m[41m Failed 
Suites 1 [49m[22m[31mΓÄ»ΓÄ»ΓÄ»ΓÄ»ΓÄ»ΓÄ»ΓÄ»[39m

[41m[1m FAIL [22m[49m 
components/Verification.test.tsx[2m [ 
components/Verification.test.tsx ][22m
[31m[1mError[22m: Transform failed with 1 
error:
C:/Users/user/Downloads/Antigravity Projects/cadit
are-profile-done/components/Verification.test.tsx:
89:15: ERROR: "await" can only be used inside an 
"async" function[39m
  Plugin: [35mvite:esbuild[39m
  File: [36mC:/Users/user/Downloads/Antigravity P
rojects/caditare-profile-done/components/Verificat
ion.test.tsx[39m:89:15
[33m  
  [33m"await" can only be used inside an "async" 
function[33m
  87 |  
  88 |          // Wait for data load
  89 |          expect(await 
screen.findByText('Rajesh 
Kumar')).toBeInTheDocument();
     |                 ^
  90 |  
  91 |          // Click Profile Tab
  [39m
[90m [2mΓ¥»[22m failureErrorWithLog node_module
s/esbuild/lib/main.js:[2m1467:15[22m[39m
[90m [2mΓ¥»[22m node_modules/esbuild/lib/main.j
s:[2m736:50[22m[39m
[90m [2mΓ¥»[22m responseCallbacks.<computed> no
de_modules/esbuild/lib/main.js:[2m603:9[22m[39m
[90m [2mΓ¥»[22m handleIncomingPacket node_modul
es/esbuild/lib/main.js:[2m658:12[22m[39m
[90m [2mΓ¥»[22m Socket.readFromStdout node_modu
les/esbuild/lib/main.js:[2m581:7[22m[39m

[31m[2mΓÄ»ΓÄ»ΓÄ»ΓÄ»ΓÄ»ΓÄ»ΓÄ»ΓÄ»ΓÄ»ΓÄ»ΓÄ»ΓÄ»ΓÄ»ΓÄ
»ΓÄ»ΓÄ»ΓÄ»ΓÄ»ΓÄ»ΓÄ»ΓÄ»ΓÄ»ΓÄ»ΓÄ»[1/1]ΓÄ»[22m[39m


[2m Test Files [22m [1m[31m1 failed[39m[22m[90m (1)[39m
[2m      Tests [22m [2mno tests[22m
[2m   Start at [22m 15:56:16
[2m   Duration [22m 683ms

[1m[41m FAIL [49m[22m [31mTests failed. Watching for file changes...[39m
       [2mpress [22m[1mh[22m[2m to show help[22m[2m, [22m[2mpress [22m[1mq[22m[2m to quit[22m
c[3J[1m[44m RERUN [49m[22m [34m[2mcomponents/Verification.test.tsx [22m[34mx9 [34m[39m
       [2m Filename pattern: [22m[34mcomponents/Verification.test.tsx[39m

 [32mΓ£ô[39m components/Verification.test.tsx [2m([22m[2m2 tests[22m[2m)[22m[33m 1166[2mms[22m[39m
     [33m[2mΓ£ô[22m[39m CandidateDetail: Should display all 5 Digital Form Sections in View Mode [33m 742[2mms[22m[39m
     [33m[2mΓ£ô[22m[39m CandidateDetail: Should allow editing School, Height, Weight in Edit Mode [33m 422[2mms[22m[39m

[2m Test Files [22m [1m[32m1 passed[39m[22m[90m (1)[39m
[2m      Tests [22m [1m[32m2 passed[39m[22m[90m (2)[39m
[2m   Start at [22m 15:56:49
[2m   Duration [22m 2.24s

[1m[42m PASS [49m[22m [32mWaiting for file changes...[39m
       [2mpress [22m[1mh[22m[2m to show help[22m[2m, [22m[2mpress [22m[1mq[22m[2m to quit[22m
c[3J[1m[44m RERUN [49m[22m [34m[2mservices/candidateService.ts [22m[34mx10 [34m[39m
       [2m Filename pattern: [22m[34mcomponents/Verification.test.tsx[39m

 [32mΓ£ô[39m components/Verification.test.tsx [2m([22m[2m2 tests[22m[2m)[22m[33m 1436[2mms[22m[39m
     [33m[2mΓ£ô[22m[39m CandidateDetail: Should display all 5 Digital Form Sections in View Mode [33m 768[2mms[22m[39m
     [33m[2mΓ£ô[22m[39m CandidateDetail: Should allow editing School, Height, Weight in Edit Mode [33m 665[2mms[22m[39m

[2m Test Files [22m [1m[32m1 passed[39m[22m[90m (1)[39m
[2m      Tests [22m [1m[32m2 passed[39m[22m[90m (2)[39m
[2m   Start at [22m 16:00:54
[2m   Duration [22m 3.07s

[1m[42m PASS [49m[22m [32mWaiting for file changes...[39m
       [2mpress [22m[1mh[22m[2m to show help[22m[2m, [22m[2mpress [22m[1mq[22m[2m to quit[22m
c[3J[1m[44m RERUN [49m[22m [34m[2mservices/candidateService.ts [22m[34mx11 [34m[39m
       [2m Filename pattern: [22m[34mcomponents/Verification.test.tsx[39m

 [32mΓ£ô[39m components/Verification.test.tsx [2m([22m[2m2 tests[22m[2m)[22m[33m 1921[2mms[22m[39m
     [33m[2mΓ£ô[22m[39m CandidateDetail: Should display all 5 Digital Form Sections in View Mode [33m 1153[2mms[22m[39m
     [33m[2mΓ£ô[22m[39m CandidateDetail: Should allow editing School, Height, Weight in Edit Mode [33m 764[2mms[22m[39m

[2m Test Files [22m [1m[32m1 passed[39m[22m[90m (1)[39m
[2m      Tests [22m [1m[32m2 passed[39m[22m[90m (2)[39m
[2m   Start at [22m 16:01:05
[2m   Duration [22m 3.40s

[1m[42m PASS [49m[22m [32mWaiting for file changes...[39m
       [2mpress [22m[1mh[22m[2m to show help[22m[2m, [22m[2mpress [22m[1mq[22m[2m to quit[22m
c[3J[1m[44m RERUN [49m[22m [34m[2mtypes.ts [22m[34mx12 [34m[39m
       [2m Filename pattern: [22m[34mcomponents/Verification.test.tsx[39m

 [31mΓ¥»[39m components/Verification.test.tsx [2m([22m[2m0 test[22m[2m)[22m

[31mΓÄ»ΓÄ»ΓÄ»ΓÄ»ΓÄ»ΓÄ»[39m[1m[41m Failed 
Suites 1 [49m[22m[31mΓÄ»ΓÄ»ΓÄ»ΓÄ»ΓÄ»ΓÄ»ΓÄ»[39m

[41m[1m FAIL [22m[49m 
components/Verification.test.tsx[2m [ 
components/Verification.test.tsx ][22m
[31m[1mError[22m: Transform failed with 1 
error:
C:/Users/user/Downloads/Antigravity 
Projects/caditare-profile-done/types.ts:148:0: 
ERROR: Unexpected "}"[39m
  Plugin: [35mvite:esbuild[39m
  File: [36mC:/Users/user/Downloads/Antigravity 
Projects/caditare-profile-done/types.ts[39m:148:0
[33m  
  [33mUnexpected "}"[33m
  146|    isCritical?: boolean; // For 
delays/alerts
  147|  };
  148|  }
     |  ^
  149|  
  150|  export interface WorkflowLog {
  [39m
[90m [2mΓ¥»[22m failureErrorWithLog node_module
s/esbuild/lib/main.js:[2m1467:15[22m[39m
[90m [2mΓ¥»[22m node_modules/esbuild/lib/main.j
s:[2m736:50[22m[39m
[90m [2mΓ¥»[22m responseCallbacks.<computed> no
de_modules/esbuild/lib/main.js:[2m603:9[22m[39m
[90m [2mΓ¥»[22m handleIncomingPacket node_modul
es/esbuild/lib/main.js:[2m658:12[22m[39m
[90m [2mΓ¥»[22m Socket.readFromStdout node_modu
les/esbuild/lib/main.js:[2m581:7[22m[39m

[31m[2mΓÄ»ΓÄ»ΓÄ»ΓÄ»ΓÄ»ΓÄ»ΓÄ»ΓÄ»ΓÄ»ΓÄ»ΓÄ»ΓÄ»ΓÄ»ΓÄ
»ΓÄ»ΓÄ»ΓÄ»ΓÄ»ΓÄ»ΓÄ»ΓÄ»ΓÄ»ΓÄ»ΓÄ»[1/1]ΓÄ»[22m[39m


[2m Test Files [22m [1m[31m1 failed[39m[22m[90m (1)[39m
[2m      Tests [22m [2mno tests[22m
[2m   Start at [22m 16:01:49
[2m   Duration [22m 447ms

[1m[41m FAIL [49m[22m [31mTests failed. Watching for file changes...[39m
       [2mpress [22m[1mh[22m[2m to show help[22m[2m, [22m[2mpress [22m[1mq[22m[2m to quit[22m
c[3J[1m[44m RERUN [49m[22m [34m[2mtypes.ts [22m[34mx13 [34m[39m
       [2m Filename pattern: [22m[34mcomponents/Verification.test.tsx[39m

 [32mΓ£ô[39m components/Verification.test.tsx [2m([22m[2m2 tests[22m[2m)[22m[33m 1880[2mms[22m[39m
     [33m[2mΓ£ô[22m[39m CandidateDetail: Should display all 5 Digital Form Sections in View Mode [33m 905[2mms[22m[39m
     [33m[2mΓ£ô[22m[39m CandidateDetail: Should allow editing School, Height, Weight in Edit Mode [33m 970[2mms[22m[39m

[2m Test Files [22m [1m[32m1 passed[39m[22m[90m (1)[39m
[2m      Tests [22m [1m[32m2 passed[39m[22m[90m (2)[39m
[2m   Start at [22m 16:02:19
[2m   Duration [22m 3.56s

[1m[42m PASS [49m[22m [32mWaiting for file changes...[39m
       [2mpress [22m[1mh[22m[2m to show help[22m[2m, [22m[2mpress [22m[1mq[22m[2m to quit[22m
c[3J[1m[44m RERUN [49m[22m [34m[2mcomponents/widgets/WorkflowProgressWidget.tsx [22m[34mx14 [34m[39m
       [2m Filename pattern: [22m[34mcomponents/Verification.test.tsx[39m

 [32mΓ£ô[39m components/Verification.test.tsx [2m([22m[2m2 tests[22m[2m)[22m[33m 1277[2mms[22m[39m
     [33m[2mΓ£ô[22m[39m CandidateDetail: Should display all 5 Digital Form Sections in View Mode [33m 738[2mms[22m[39m
     [33m[2mΓ£ô[22m[39m CandidateDetail: Should allow editing School, Height, Weight in Edit Mode [33m 532[2mms[22m[39m

[2m Test Files [22m [1m[32m1 passed[39m[22m[90m (1)[39m
[2m      Tests [22m [1m[32m2 passed[39m[22m[90m (2)[39m
[2m   Start at [22m 16:03:01
[2m   Duration [22m 3.15s

[1m[42m PASS [49m[22m [32mWaiting for file changes...[39m
       [2mpress [22m[1mh[22m[2m to show help[22m[2m, [22m[2mpress [22m[1mq[22m[2m to quit[22m
c[3J[1m[44m RERUN [49m[22m [34m[2mcomponents/CandidateDetail.tsx [22m[34mx15 [34m[39m
       [2m Filename pattern: [22m[34mcomponents/Verification.test.tsx[39m

 [31mΓ¥»[39m components/Verification.test.tsx [2m([22m[2m0 test[22m[2m)[22m

[31mΓÄ»ΓÄ»ΓÄ»ΓÄ»ΓÄ»ΓÄ»[39m[1m[41m Failed 
Suites 1 [49m[22m[31mΓÄ»ΓÄ»ΓÄ»ΓÄ»ΓÄ»ΓÄ»ΓÄ»[39m

[41m[1m FAIL [22m[49m 
components/Verification.test.tsx[2m [ 
components/Verification.test.tsx ][22m
[31m[1mError[22m: Transform failed with 1 
error:
C:/Users/user/Downloads/Antigravity Projects/cadit
are-profile-done/components/Verification.test.tsx:
141:80: ERROR: Expected "}" but found "test"[39m
  Plugin: [35mvite:esbuild[39m
  File: [36mC:/Users/user/Downloads/Antigravity P
rojects/caditare-profile-done/components/Verificat
ion.test.tsx[39m:141:80
[33m  
  [33mExpected "}" but found "test"[33m
  139|          const schoolInput = 
screen.getByDisplayValue('Royal College');
  140|          
expect(schoolInput).toBeInTheDocument();
  141|          fireEvent.change(schoolInput, { 
target: { value: 'Ananda College' }     
test('CandidateDetail: Should block stage advance 
if requirements not met', async () => {
     |                                            
                                      ^
  142|              vi.spyOn(CandidateService, 
'getCandidateById').mockReturnValue({
  143|                  ...mockCandidate,
  [39m
[90m [2mΓ¥»[22m failureErrorWithLog node_module
s/esbuild/lib/main.js:[2m1467:15[22m[39m
[90m [2mΓ¥»[22m node_modules/esbuild/lib/main.j
s:[2m736:50[22m[39m
[90m [2mΓ¥»[22m responseCallbacks.<computed> no
de_modules/esbuild/lib/main.js:[2m603:9[22m[39m
[90m [2mΓ¥»[22m handleIncomingPacket node_modul
es/esbuild/lib/main.js:[2m658:12[22m[39m
[90m [2mΓ¥»[22m Socket.readFromStdout node_modu
les/esbuild/lib/main.js:[2m581:7[22m[39m

[31m[2mΓÄ»ΓÄ»ΓÄ»ΓÄ»ΓÄ»ΓÄ»ΓÄ»ΓÄ»ΓÄ»ΓÄ»ΓÄ»ΓÄ»ΓÄ»ΓÄ
»ΓÄ»ΓÄ»ΓÄ»ΓÄ»ΓÄ»ΓÄ»ΓÄ»ΓÄ»ΓÄ»ΓÄ»[1/1]ΓÄ»[22m[39m


[2m Test Files [22m [1m[31m1 failed[39m[22m[90m (1)[39m
[2m      Tests [22m [2mno tests[22m
[2m   Start at [22m 16:03:30
[2m   Duration [22m 353ms

[1m[41m FAIL [49m[22m [31mTests failed. Watching for file changes...[39m
       [2mpress [22m[1mh[22m[2m to show help[22m[2m, [22m[2mpress [22m[1mq[22m[2m to quit[22m
c[3J[1m[44m RERUN [49m[22m [34m[2mcomponents/Verification.test.tsx [22m[34mx16 [34m[39m
       [2m Filename pattern: [22m[34mcomponents/Verification.test.tsx[39m

 [31mΓ¥»[39m components/Verification.test.tsx [2m([22m[2m0 test[22m[2m)[22m

[31mΓÄ»ΓÄ»ΓÄ»ΓÄ»ΓÄ»ΓÄ»[39m[1m[41m Failed 
Suites 1 [49m[22m[31mΓÄ»ΓÄ»ΓÄ»ΓÄ»ΓÄ»ΓÄ»ΓÄ»[39m

[41m[1m FAIL [22m[49m 
components/Verification.test.tsx[2m [ 
components/Verification.test.tsx ][22m
[31m[1mError[22m: Transform failed with 1 
error:
C:/Users/user/Downloads/Antigravity Projects/cadit
are-profile-done/components/Verification.test.tsx:
141:80: ERROR: Expected "}" but found "test"[39m
  Plugin: [35mvite:esbuild[39m
  File: [36mC:/Users/user/Downloads/Antigravity P
rojects/caditare-profile-done/components/Verificat
ion.test.tsx[39m:141:80
[33m  
  [33mExpected "}" but found "test"[33m
  139|          const schoolInput = 
screen.getByDisplayValue('Royal College');
  140|          
expect(schoolInput).toBeInTheDocument();
  141|          fireEvent.change(schoolInput, { 
target: { value: 'Ananda College' }     
test('CandidateDetail: Should block stage advance 
if requirements not met', async () => {
     |                                            
                                      ^
  142|              vi.spyOn(CandidateService, 
'getCandidateById').mockReturnValue({
  143|                  ...mockCandidate,
  [39m
[90m [2mΓ¥»[22m failureErrorWithLog node_module
s/esbuild/lib/main.js:[2m1467:15[22m[39m
[90m [2mΓ¥»[22m node_modules/esbuild/lib/main.j
s:[2m736:50[22m[39m
[90m [2mΓ¥»[22m responseCallbacks.<computed> no
de_modules/esbuild/lib/main.js:[2m603:9[22m[39m
[90m [2mΓ¥»[22m handleIncomingPacket node_modul
es/esbuild/lib/main.js:[2m658:12[22m[39m
[90m [2mΓ¥»[22m Socket.readFromStdout node_modu
les/esbuild/lib/main.js:[2m581:7[22m[39m

[31m[2mΓÄ»ΓÄ»ΓÄ»ΓÄ»ΓÄ»ΓÄ»ΓÄ»ΓÄ»ΓÄ»ΓÄ»ΓÄ»ΓÄ»ΓÄ»ΓÄ
»ΓÄ»ΓÄ»ΓÄ»ΓÄ»ΓÄ»ΓÄ»ΓÄ»ΓÄ»ΓÄ»ΓÄ»[1/1]ΓÄ»[22m[39m


[2m Test Files [22m [1m[31m1 failed[39m[22m[90m (1)[39m
[2m      Tests [22m [2mno tests[22m
[2m   Start at [22m 16:03:37
[2m   Duration [22m 506ms

[1m[41m FAIL [49m[22m [31mTests failed. Watching for file changes...[39m
       [2mpress [22m[1mh[22m[2m to show help[22m[2m, [22m[2mpress [22m[1mq[22m[2m to quit[22m
c[3J[1m[44m RERUN [49m[22m [34m[2mcomponents/CandidateDetail.tsx [22m[34mx17 [34m[39m
       [2m Filename pattern: [22m[34mcomponents/Verification.test.tsx[39m

 [31mΓ¥»[39m components/Verification.test.tsx [2m([22m[2m0 test[22m[2m)[22m

[31mΓÄ»ΓÄ»ΓÄ»ΓÄ»ΓÄ»ΓÄ»[39m[1m[41m Failed 
Suites 1 [49m[22m[31mΓÄ»ΓÄ»ΓÄ»ΓÄ»ΓÄ»ΓÄ»ΓÄ»[39m

[41m[1m FAIL [22m[49m 
components/Verification.test.tsx[2m [ 
components/Verification.test.tsx ][22m
[31m[1mError[22m: Transform failed with 1 
error:
C:/Users/user/Downloads/Antigravity Projects/cadit
are-profile-done/components/Verification.test.tsx:
141:80: ERROR: Expected "}" but found "test"[39m
  Plugin: [35mvite:esbuild[39m
  File: [36mC:/Users/user/Downloads/Antigravity P
rojects/caditare-profile-done/components/Verificat
ion.test.tsx[39m:141:80
[33m  
  [33mExpected "}" but found "test"[33m
  139|          const schoolInput = 
screen.getByDisplayValue('Royal College');
  140|          
expect(schoolInput).toBeInTheDocument();
  141|          fireEvent.change(schoolInput, { 
target: { value: 'Ananda College' }     
test('CandidateDetail: Should block stage advance 
if requirements not met', async () => {
     |                                            
                                      ^
  142|              vi.spyOn(CandidateService, 
'getCandidateById').mockReturnValue({
  143|                  ...mockCandidate,
  [39m
[90m [2mΓ¥»[22m failureErrorWithLog node_module
s/esbuild/lib/main.js:[2m1467:15[22m[39m
[90m [2mΓ¥»[22m node_modules/esbuild/lib/main.j
s:[2m736:50[22m[39m
[90m [2mΓ¥»[22m responseCallbacks.<computed> no
de_modules/esbuild/lib/main.js:[2m603:9[22m[39m
[90m [2mΓ¥»[22m handleIncomingPacket node_modul
es/esbuild/lib/main.js:[2m658:12[22m[39m
[90m [2mΓ¥»[22m Socket.readFromStdout node_modu
les/esbuild/lib/main.js:[2m581:7[22m[39m

[31m[2mΓÄ»ΓÄ»ΓÄ»ΓÄ»ΓÄ»ΓÄ»ΓÄ»ΓÄ»ΓÄ»ΓÄ»ΓÄ»ΓÄ»ΓÄ»ΓÄ
»ΓÄ»ΓÄ»ΓÄ»ΓÄ»ΓÄ»ΓÄ»ΓÄ»ΓÄ»ΓÄ»ΓÄ»[1/1]ΓÄ»[22m[39m


[2m Test Files [22m [1m[31m1 failed[39m[22m[90m (1)[39m
[2m      Tests [22m [2mno tests[22m
[2m   Start at [22m 16:04:16
[2m   Duration [22m 386ms

[1m[41m FAIL [49m[22m [31mTests failed. Watching for file changes...[39m
       [2mpress [22m[1mh[22m[2m to show help[22m[2m, [22m[2mpress [22m[1mq[22m[2m to quit[22m
c[3J[1m[44m RERUN [49m[22m [34m[2mcomponents/CandidateDetail.tsx [22m[34mx18 [34m[39m
       [2m Filename pattern: [22m[34mcomponents/Verification.test.tsx[39m

 [31mΓ¥»[39m components/Verification.test.tsx [2m([22m[2m0 test[22m[2m)[22m

[31mΓÄ»ΓÄ»ΓÄ»ΓÄ»ΓÄ»ΓÄ»[39m[1m[41m Failed 
Suites 1 [49m[22m[31mΓÄ»ΓÄ»ΓÄ»ΓÄ»ΓÄ»ΓÄ»ΓÄ»[39m

[41m[1m FAIL [22m[49m 
components/Verification.test.tsx[2m [ 
components/Verification.test.tsx ][22m
[31m[1mError[22m: Transform failed with 1 
error:
C:/Users/user/Downloads/Antigravity Projects/cadit
are-profile-done/components/Verification.test.tsx:
141:80: ERROR: Expected "}" but found "test"[39m
  Plugin: [35mvite:esbuild[39m
  File: [36mC:/Users/user/Downloads/Antigravity P
rojects/caditare-profile-done/components/Verificat
ion.test.tsx[39m:141:80
[33m  
  [33mExpected "}" but found "test"[33m
  139|          const schoolInput = 
screen.getByDisplayValue('Royal College');
  140|          
expect(schoolInput).toBeInTheDocument();
  141|          fireEvent.change(schoolInput, { 
target: { value: 'Ananda College' }     
test('CandidateDetail: Should block stage advance 
if requirements not met', async () => {
     |                                            
                                      ^
  142|              vi.spyOn(CandidateService, 
'getCandidateById').mockReturnValue({
  143|                  ...mockCandidate,
  [39m
[90m [2mΓ¥»[22m failureErrorWithLog node_module
s/esbuild/lib/main.js:[2m1467:15[22m[39m
[90m [2mΓ¥»[22m node_modules/esbuild/lib/main.j
s:[2m736:50[22m[39m
[90m [2mΓ¥»[22m responseCallbacks.<computed> no
de_modules/esbuild/lib/main.js:[2m603:9[22m[39m
[90m [2mΓ¥»[22m handleIncomingPacket node_modul
es/esbuild/lib/main.js:[2m658:12[22m[39m
[90m [2mΓ¥»[22m Socket.readFromStdout node_modu
les/esbuild/lib/main.js:[2m581:7[22m[39m

[31m[2mΓÄ»ΓÄ»ΓÄ»ΓÄ»ΓÄ»ΓÄ»ΓÄ»ΓÄ»ΓÄ»ΓÄ»ΓÄ»ΓÄ»ΓÄ»ΓÄ
»ΓÄ»ΓÄ»ΓÄ»ΓÄ»ΓÄ»ΓÄ»ΓÄ»ΓÄ»ΓÄ»ΓÄ»[1/1]ΓÄ»[22m[39m


[2m Test Files [22m [1m[31m1 failed[39m[22m[90m (1)[39m
[2m      Tests [22m [2mno tests[22m
[2m   Start at [22m 16:04:58
[2m   Duration [22m 569ms

[1m[41m FAIL [49m[22m [31mTests failed. Watching for file changes...[39m
       [2mpress [22m[1mh[22m[2m to show help[22m[2m, [22m[2mpress [22m[1mq[22m[2m to quit[22m
c[3J[1m[44m RERUN [49m[22m [34m[2mcomponents/Verification.test.tsx [22m[34mx19 [34m[39m
       [2m Filename pattern: [22m[34mcomponents/Verification.test.tsx[39m

 [31mΓ¥»[39m components/Verification.test.tsx [2m([22m[2m0 test[22m[2m)[22m

[31mΓÄ»ΓÄ»ΓÄ»ΓÄ»ΓÄ»ΓÄ»[39m[1m[41m Failed 
Suites 1 [49m[22m[31mΓÄ»ΓÄ»ΓÄ»ΓÄ»ΓÄ»ΓÄ»ΓÄ»[39m

[41m[1m FAIL [22m[49m 
components/Verification.test.tsx[2m [ 
components/Verification.test.tsx ][22m
[31m[1mError[22m: Transform failed with 1 
error:
C:/Users/user/Downloads/Antigravity Projects/cadit
are-profile-done/components/Verification.test.tsx:
211:0: ERROR: Unexpected "}"[39m
  Plugin: [35mvite:esbuild[39m
  File: [36mC:/Users/user/Downloads/Antigravity P
rojects/caditare-profile-done/components/Verificat
ion.test.tsx[39m:211:0
[33m  
  [33mUnexpected "}"[33m
  209|  });
  210|  
  211|  });
     |  ^
  212|  
  [39m
[90m [2mΓ¥»[22m failureErrorWithLog node_module
s/esbuild/lib/main.js:[2m1467:15[22m[39m
[90m [2mΓ¥»[22m node_modules/esbuild/lib/main.j
s:[2m736:50[22m[39m
[90m [2mΓ¥»[22m responseCallbacks.<computed> no
de_modules/esbuild/lib/main.js:[2m603:9[22m[39m
[90m [2mΓ¥»[22m handleIncomingPacket node_modul
es/esbuild/lib/main.js:[2m658:12[22m[39m
[90m [2mΓ¥»[22m Socket.readFromStdout node_modu
les/esbuild/lib/main.js:[2m581:7[22m[39m

[31m[2mΓÄ»ΓÄ»ΓÄ»ΓÄ»ΓÄ»ΓÄ»ΓÄ»ΓÄ»ΓÄ»ΓÄ»ΓÄ»ΓÄ»ΓÄ»ΓÄ
»ΓÄ»ΓÄ»ΓÄ»ΓÄ»ΓÄ»ΓÄ»ΓÄ»ΓÄ»ΓÄ»ΓÄ»[1/1]ΓÄ»[22m[39m


[2m Test Files [22m [1m[31m1 failed[39m[22m[90m (1)[39m
[2m      Tests [22m [2mno tests[22m
[2m   Start at [22m 16:05:27
[2m   Duration [22m 808ms

[1m[41m FAIL [49m[22m [31mTests failed. Watching for file changes...[39m
       [2mpress [22m[1mh[22m[2m to show help[22m[2m, [22m[2mpress [22m[1mq[22m[2m to quit[22m
c[3J[1m[44m RERUN [49m[22m [34m[2mcomponents/Verification.test.tsx [22m[34mx20 [34m[39m
       [2m Filename pattern: [22m[34mcomponents/Verification.test.tsx[39m

ReferenceError: handleStageChange is not defined
    at CandidateDetail 
(C:/Users/user/Downloads/Antigravity Projects/cadi
tare-profile-done/components/CandidateDetail.tsx:1
367:29)
    at renderWithHooks 
(C:\Users\user\Downloads\Antigravity Projects\cadi
tare-profile-done\node_modules\react-dom\cjs\react
-dom.development.js:15486:18)
    at updateFunctionComponent 
(C:\Users\user\Downloads\Antigravity Projects\cadi
tare-profile-done\node_modules\react-dom\cjs\react
-dom.development.js:19617:20)
    at beginWork 
(C:\Users\user\Downloads\Antigravity Projects\cadi
tare-profile-done\node_modules\react-dom\cjs\react
-dom.development.js:21640:16)
    at HTMLUnknownElement.callCallback 
(C:\Users\user\Downloads\Antigravity Projects\cadi
tare-profile-done\node_modules\react-dom\cjs\react
-dom.development.js:4164:14)
    at 
HTMLUnknownElement.callTheUserObjectsOperation 
(C:\Users\user\Downloads\Antigravity Projects\cadi
tare-profile-done\node_modules\jsdom\lib\jsdom\liv
ing\generated\EventListener.js:26:30)
    at innerInvokeEventListeners 
(C:\Users\user\Downloads\Antigravity Projects\cadi
tare-profile-done\node_modules\jsdom\lib\jsdom\liv
ing\events\EventTarget-impl.js:360:16)
    at invokeEventListeners 
(C:\Users\user\Downloads\Antigravity Projects\cadi
tare-profile-done\node_modules\jsdom\lib\jsdom\liv
ing\events\EventTarget-impl.js:296:3)
    at HTMLUnknownElementImpl._dispatch 
(C:\Users\user\Downloads\Antigravity Projects\cadi
tare-profile-done\node_modules\jsdom\lib\jsdom\liv
ing\events\EventTarget-impl.js:243:9)
    at HTMLUnknownElementImpl.dispatchEvent 
(C:\Users\user\Downloads\Antigravity Projects\cadi
tare-profile-done\node_modules\jsdom\lib\jsdom\liv
ing\events\EventTarget-impl.js:114:17)
ReferenceError: handleStageChange is not defined
    at CandidateDetail 
(C:/Users/user/Downloads/Antigravity Projects/cadi
tare-profile-done/components/CandidateDetail.tsx:1
367:29)
    at renderWithHooks 
(C:\Users\user\Downloads\Antigravity Projects\cadi
tare-profile-done\node_modules\react-dom\cjs\react
-dom.development.js:15486:18)
    at updateFunctionComponent 
(C:\Users\user\Downloads\Antigravity Projects\cadi
tare-profile-done\node_modules\react-dom\cjs\react
-dom.development.js:19617:20)
    at beginWork 
(C:\Users\user\Downloads\Antigravity Projects\cadi
tare-profile-done\node_modules\react-dom\cjs\react
-dom.development.js:21640:16)
    at HTMLUnknownElement.callCallback 
(C:\Users\user\Downloads\Antigravity Projects\cadi
tare-profile-done\node_modules\react-dom\cjs\react
-dom.development.js:4164:14)
    at 
HTMLUnknownElement.callTheUserObjectsOperation 
(C:\Users\user\Downloads\Antigravity Projects\cadi
tare-profile-done\node_modules\jsdom\lib\jsdom\liv
ing\generated\EventListener.js:26:30)
    at innerInvokeEventListeners 
(C:\Users\user\Downloads\Antigravity Projects\cadi
tare-profile-done\node_modules\jsdom\lib\jsdom\liv
ing\events\EventTarget-impl.js:360:16)
    at invokeEventListeners 
(C:\Users\user\Downloads\Antigravity Projects\cadi
tare-profile-done\node_modules\jsdom\lib\jsdom\liv
ing\events\EventTarget-impl.js:296:3)
    at HTMLUnknownElementImpl._dispatch 
(C:\Users\user\Downloads\Antigravity Projects\cadi
tare-profile-done\node_modules\jsdom\lib\jsdom\liv
ing\events\EventTarget-impl.js:243:9)
    at HTMLUnknownElementImpl.dispatchEvent 
(C:\Users\user\Downloads\Antigravity Projects\cadi
tare-profile-done\node_modules\jsdom\lib\jsdom\liv
ing\events\EventTarget-impl.js:114:17)
[90mstderr[2m | 
components/Verification.test.tsx[2m > 
[22m[2mCandidate Features Verification[2m > 
[22m[2mCandidateDetail: Should display all 5 
Digital Form Sections in View Mode
[22m[39mThe above error occurred in the 
<CandidateDetail> component:

    at CandidateDetail 
(C:/Users/user/Downloads/Antigravity Projects/cadi
tare-profile-done/components/CandidateDetail.tsx:2
7:71)
    at Router 
(C:\Users\user\Downloads\Antigravity Projects\cadi
tare-profile-done\node_modules\react-router\dist\u
md\react-router.development.js:1163:17)
    at BrowserRouter 
(C:\Users\user\Downloads\Antigravity Projects\cadi
tare-profile-done\node_modules\react-router-dom\di
st\umd\react-router-dom.development.js:673:7)

Consider adding an error boundary to your tree to 
customize error handling behavior.
Visit https://reactjs.org/link/error-boundaries 
to learn more about error boundaries.

ReferenceError: handleStageChange is not defined
    at CandidateDetail 
(C:/Users/user/Downloads/Antigravity Projects/cadi
tare-profile-done/components/CandidateDetail.tsx:1
367:29)
    at renderWithHooks 
(C:\Users\user\Downloads\Antigravity Projects\cadi
tare-profile-done\node_modules\react-dom\cjs\react
-dom.development.js:15486:18)
    at updateFunctionComponent 
(C:\Users\user\Downloads\Antigravity Projects\cadi
tare-profile-done\node_modules\react-dom\cjs\react
-dom.development.js:19617:20)
    at beginWork 
(C:\Users\user\Downloads\Antigravity Projects\cadi
tare-profile-done\node_modules\react-dom\cjs\react
-dom.development.js:21640:16)
    at HTMLUnknownElement.callCallback 
(C:\Users\user\Downloads\Antigravity Projects\cadi
tare-profile-done\node_modules\react-dom\cjs\react
-dom.development.js:4164:14)
    at 
HTMLUnknownElement.callTheUserObjectsOperation 
(C:\Users\user\Downloads\Antigravity Projects\cadi
tare-profile-done\node_modules\jsdom\lib\jsdom\liv
ing\generated\EventListener.js:26:30)
    at innerInvokeEventListeners 
(C:\Users\user\Downloads\Antigravity Projects\cadi
tare-profile-done\node_modules\jsdom\lib\jsdom\liv
ing\events\EventTarget-impl.js:360:16)
    at invokeEventListeners 
(C:\Users\user\Downloads\Antigravity Projects\cadi
tare-profile-done\node_modules\jsdom\lib\jsdom\liv
ing\events\EventTarget-impl.js:296:3)
    at HTMLUnknownElementImpl._dispatch 
(C:\Users\user\Downloads\Antigravity Projects\cadi
tare-profile-done\node_modules\jsdom\lib\jsdom\liv
ing\events\EventTarget-impl.js:243:9)
    at HTMLUnknownElementImpl.dispatchEvent 
(C:\Users\user\Downloads\Antigravity Projects\cadi
tare-profile-done\node_modules\jsdom\lib\jsdom\liv
ing\events\EventTarget-impl.js:114:17)
ReferenceError: handleStageChange is not defined
    at CandidateDetail 
(C:/Users/user/Downloads/Antigravity Projects/cadi
tare-profile-done/components/CandidateDetail.tsx:1
367:29)
    at renderWithHooks 
(C:\Users\user\Downloads\Antigravity Projects\cadi
tare-profile-done\node_modules\react-dom\cjs\react
-dom.development.js:15486:18)
    at updateFunctionComponent 
(C:\Users\user\Downloads\Antigravity Projects\cadi
tare-profile-done\node_modules\react-dom\cjs\react
-dom.development.js:19617:20)
    at beginWork 
(C:\Users\user\Downloads\Antigravity Projects\cadi
tare-profile-done\node_modules\react-dom\cjs\react
-dom.development.js:21640:16)
    at HTMLUnknownElement.callCallback 
(C:\Users\user\Downloads\Antigravity Projects\cadi
tare-profile-done\node_modules\react-dom\cjs\react
-dom.development.js:4164:14)
    at 
HTMLUnknownElement.callTheUserObjectsOperation 
(C:\Users\user\Downloads\Antigravity Projects\cadi
tare-profile-done\node_modules\jsdom\lib\jsdom\liv
ing\generated\EventListener.js:26:30)
    at innerInvokeEventListeners 
(C:\Users\user\Downloads\Antigravity Projects\cadi
tare-profile-done\node_modules\jsdom\lib\jsdom\liv
ing\events\EventTarget-impl.js:360:16)
    at invokeEventListeners 
(C:\Users\user\Downloads\Antigravity Projects\cadi
tare-profile-done\node_modules\jsdom\lib\jsdom\liv
ing\events\EventTarget-impl.js:296:3)
    at HTMLUnknownElementImpl._dispatch 
(C:\Users\user\Downloads\Antigravity Projects\cadi
tare-profile-done\node_modules\jsdom\lib\jsdom\liv
ing\events\EventTarget-impl.js:243:9)
    at HTMLUnknownElementImpl.dispatchEvent 
(C:\Users\user\Downloads\Antigravity Projects\cadi
tare-profile-done\node_modules\jsdom\lib\jsdom\liv
ing\events\EventTarget-impl.js:114:17)
[90mstderr[2m | 
components/Verification.test.tsx[2m > 
[22m[2mCandidate Features Verification[2m > 
[22m[2mCandidateDetail: Should allow editing 
School, Height, Weight in Edit Mode
[22m[39mThe above error occurred in the 
<CandidateDetail> component:

    at CandidateDetail 
(C:/Users/user/Downloads/Antigravity Projects/cadi
tare-profile-done/components/CandidateDetail.tsx:2
7:71)
    at Router 
(C:\Users\user\Downloads\Antigravity Projects\cadi
tare-profile-done\node_modules\react-router\dist\u
md\react-router.development.js:1163:17)
    at BrowserRouter 
(C:\Users\user\Downloads\Antigravity Projects\cadi
tare-profile-done\node_modules\react-router-dom\di
st\umd\react-router-dom.development.js:673:7)

Consider adding an error boundary to your tree to 
customize error handling behavior.
Visit https://reactjs.org/link/error-boundaries 
to learn more about error boundaries.

 [31mΓ¥»[39m components/Verification.test.tsx [2m([22m[2m3 tests[22m[2m | [22m[31m3 failed[39m[2m)[22m[32m 100[2mms[22m[39m
[31m     [31m├ù[31m CandidateDetail: Should display all 5 Digital Form Sections in View Mode[39m[32m 61[2mms[22m[39m
[31m     [31m├ù[31m CandidateDetail: Should allow editing School, Height, Weight in Edit Mode[39m[32m 34[2mms[22m[39m
[31m     [31m├ù[31m CandidateDetail: Should block stage advance if requirements not met[39m[32m 3[2mms[22m[39m

[31mΓÄ»ΓÄ»ΓÄ»ΓÄ»ΓÄ»ΓÄ»ΓÄ»[39m[1m[41m Failed 
Tests 3 [49m[22m[31mΓÄ»ΓÄ»ΓÄ»ΓÄ»ΓÄ»ΓÄ»ΓÄ»[39m

[41m[1m FAIL [22m[49m 
components/Verification.test.tsx[2m > 
[22mCandidate Features Verification[2m > 
[22mCandidateDetail: Should display all 5 
Digital Form Sections in View Mode
[41m[1m FAIL [22m[49m 
components/Verification.test.tsx[2m > 
[22mCandidate Features Verification[2m > 
[22mCandidateDetail: Should allow editing 
School, Height, Weight in Edit Mode
[31m[1mReferenceError[22m: handleStageChange 
is not defined[39m
[36m [2mΓ¥»[22m CandidateDetail components/Cand
idateDetail.tsx:[2m1367:29[22m[39m
    [90m1365| [39m            
[33m<[39m[33mWorkflowProgressWidget[39m
    [90m1366| [39m              [33mcandidate[
39m[33m=[39m[33m{[39mcandidate[33m}[39m
    [90m1367| [39m              [33monStageClic
k[39m[33m=[39m[33m{[39mhandleStageChange[33m
}[39m
    [90m   | [39m                            
[31m^[39m
    [90m1368| [39m            
[33m/[39m[33m>[39m
    [90m1369| [39m            
<RecentActivityWidget candidate={candidate} 
onViewAll={() ΓÇª
[90m [2mΓ¥»[22m renderWithHooks node_modules/re
act-dom/cjs/react-dom.development.js:[2m15486:18
[22m[39m
[90m [2mΓ¥»[22m updateFunctionComponent node_mo
dules/react-dom/cjs/react-dom.development.js:[2m1
9617:20[22m[39m
[90m [2mΓ¥»[22m beginWork node_modules/react-do
m/cjs/react-dom.development.js:[2m21640:16[22m[
39m
[90m [2mΓ¥»[22m beginWork$1 node_modules/react-
dom/cjs/react-dom.development.js:[2m27465:14[22m
[39m
[90m [2mΓ¥»[22m performUnitOfWork node_modules/
react-dom/cjs/react-dom.development.js:[2m26599:1
2[22m[39m
[90m [2mΓ¥»[22m workLoopSync node_modules/react
-dom/cjs/react-dom.development.js:[2m26505:5[22m
[39m
[90m [2mΓ¥»[22m renderRootSync node_modules/rea
ct-dom/cjs/react-dom.development.js:[2m26473:7[2
2m[39m
[90m [2mΓ¥»[22m recoverFromConcurrentError node
_modules/react-dom/cjs/react-dom.development.js:[
2m25889:20[22m[39m
[90m [2mΓ¥»[22m performConcurrentWorkOnRoot nod
e_modules/react-dom/cjs/react-dom.development.js:
[2m25789:22[22m[39m

[31m[2mΓÄ»ΓÄ»ΓÄ»ΓÄ»ΓÄ»ΓÄ»ΓÄ»ΓÄ»ΓÄ»ΓÄ»ΓÄ»ΓÄ»ΓÄ»ΓÄ
»ΓÄ»ΓÄ»ΓÄ»ΓÄ»ΓÄ»ΓÄ»ΓÄ»ΓÄ»ΓÄ»ΓÄ»[1/3]ΓÄ»[22m[39m

[41m[1m FAIL [22m[49m 
components/Verification.test.tsx[2m > 
[22mCandidate Features Verification[2m > 
[22mCandidateDetail: Should block stage advance 
if requirements not met
[31m[1mReferenceError[22m: MemoryRouter is not 
defined[39m
[36m [2mΓ¥»[22m components/Verification.test.ts
x:[2m175:14[22m[39m
    [90m173| [39m
    [90m174| [39m        [34mrender[39m(
    [90m175| [39m            
[33m<[39m[33mMemoryRouter[39m [33minitialEntr
ies[39m[33m=[39m[33m{[39m[[32m'/candidates/1
23'[39m][33m}[39m[33m>[39m
    [90m   | [39m             [31m^[39m
    [90m176| [39m                
[33m<[39m[33mRoutes[39m[33m>[39m
    [90m177| [39m                    <Route 
path="/candidates/:id" element={<CandidateDΓÇª

[31m[2mΓÄ»ΓÄ»ΓÄ»ΓÄ»ΓÄ»ΓÄ»ΓÄ»ΓÄ»ΓÄ»ΓÄ»ΓÄ»ΓÄ»ΓÄ»ΓÄ
»ΓÄ»ΓÄ»ΓÄ»ΓÄ»ΓÄ»ΓÄ»ΓÄ»ΓÄ»ΓÄ»ΓÄ»[2/3]ΓÄ»[22m[39m


[2m Test Files [22m [1m[31m1 failed[39m[22m[90m (1)[39m
[2m      Tests [22m [1m[31m3 failed[39m[22m[90m (3)[39m
[2m   Start at [22m 16:05:42
[2m   Duration [22m 3.64s

[1m[41m FAIL [49m[22m [31mTests failed. Watching for file changes...[39m
       [2mpress [22m[1mh[22m[2m to show help[22m[2m, [22m[2mpress [22m[1mq[22m[2m to quit[22m
c[3J[1m[44m RERUN [49m[22m [34m[2mcomponents/Verification.test.tsx [22m[34mx21 [34m[39m
       [2m Filename pattern: [22m[34mcomponents/Verification.test.tsx[39m

ReferenceError: handleStageChange is not defined
    at CandidateDetail 
(C:/Users/user/Downloads/Antigravity Projects/cadi
tare-profile-done/components/CandidateDetail.tsx:1
367:29)
    at renderWithHooks 
(C:\Users\user\Downloads\Antigravity Projects\cadi
tare-profile-done\node_modules\react-dom\cjs\react
-dom.development.js:15486:18)
    at updateFunctionComponent 
(C:\Users\user\Downloads\Antigravity Projects\cadi
tare-profile-done\node_modules\react-dom\cjs\react
-dom.development.js:19617:20)
    at beginWork 
(C:\Users\user\Downloads\Antigravity Projects\cadi
tare-profile-done\node_modules\react-dom\cjs\react
-dom.development.js:21640:16)
    at HTMLUnknownElement.callCallback 
(C:\Users\user\Downloads\Antigravity Projects\cadi
tare-profile-done\node_modules\react-dom\cjs\react
-dom.development.js:4164:14)
    at 
HTMLUnknownElement.callTheUserObjectsOperation 
(C:\Users\user\Downloads\Antigravity Projects\cadi
tare-profile-done\node_modules\jsdom\lib\jsdom\liv
ing\generated\EventListener.js:26:30)
    at innerInvokeEventListeners 
(C:\Users\user\Downloads\Antigravity Projects\cadi
tare-profile-done\node_modules\jsdom\lib\jsdom\liv
ing\events\EventTarget-impl.js:360:16)
    at invokeEventListeners 
(C:\Users\user\Downloads\Antigravity Projects\cadi
tare-profile-done\node_modules\jsdom\lib\jsdom\liv
ing\events\EventTarget-impl.js:296:3)
    at HTMLUnknownElementImpl._dispatch 
(C:\Users\user\Downloads\Antigravity Projects\cadi
tare-profile-done\node_modules\jsdom\lib\jsdom\liv
ing\events\EventTarget-impl.js:243:9)
    at HTMLUnknownElementImpl.dispatchEvent 
(C:\Users\user\Downloads\Antigravity Projects\cadi
tare-profile-done\node_modules\jsdom\lib\jsdom\liv
ing\events\EventTarget-impl.js:114:17)
ReferenceError: handleStageChange is not defined
    at CandidateDetail 
(C:/Users/user/Downloads/Antigravity Projects/cadi
tare-profile-done/components/CandidateDetail.tsx:1
367:29)
    at renderWithHooks 
(C:\Users\user\Downloads\Antigravity Projects\cadi
tare-profile-done\node_modules\react-dom\cjs\react
-dom.development.js:15486:18)
    at updateFunctionComponent 
(C:\Users\user\Downloads\Antigravity Projects\cadi
tare-profile-done\node_modules\react-dom\cjs\react
-dom.development.js:19617:20)
    at beginWork 
(C:\Users\user\Downloads\Antigravity Projects\cadi
tare-profile-done\node_modules\react-dom\cjs\react
-dom.development.js:21640:16)
    at HTMLUnknownElement.callCallback 
(C:\Users\user\Downloads\Antigravity Projects\cadi
tare-profile-done\node_modules\react-dom\cjs\react
-dom.development.js:4164:14)
    at 
HTMLUnknownElement.callTheUserObjectsOperation 
(C:\Users\user\Downloads\Antigravity Projects\cadi
tare-profile-done\node_modules\jsdom\lib\jsdom\liv
ing\generated\EventListener.js:26:30)
    at innerInvokeEventListeners 
(C:\Users\user\Downloads\Antigravity Projects\cadi
tare-profile-done\node_modules\jsdom\lib\jsdom\liv
ing\events\EventTarget-impl.js:360:16)
    at invokeEventListeners 
(C:\Users\user\Downloads\Antigravity Projects\cadi
tare-profile-done\node_modules\jsdom\lib\jsdom\liv
ing\events\EventTarget-impl.js:296:3)
    at HTMLUnknownElementImpl._dispatch 
(C:\Users\user\Downloads\Antigravity Projects\cadi
tare-profile-done\node_modules\jsdom\lib\jsdom\liv
ing\events\EventTarget-impl.js:243:9)
    at HTMLUnknownElementImpl.dispatchEvent 
(C:\Users\user\Downloads\Antigravity Projects\cadi
tare-profile-done\node_modules\jsdom\lib\jsdom\liv
ing\events\EventTarget-impl.js:114:17)
[90mstderr[2m | 
components/Verification.test.tsx[2m > 
[22m[2mCandidate Features Verification[2m > 
[22m[2mCandidateDetail: Should display all 5 
Digital Form Sections in View Mode
[22m[39mThe above error occurred in the 
<CandidateDetail> component:

    at CandidateDetail 
(C:/Users/user/Downloads/Antigravity Projects/cadi
tare-profile-done/components/CandidateDetail.tsx:2
7:71)
    at Router 
(C:\Users\user\Downloads\Antigravity Projects\cadi
tare-profile-done\node_modules\react-router\dist\u
md\react-router.development.js:1163:17)
    at BrowserRouter 
(C:\Users\user\Downloads\Antigravity Projects\cadi
tare-profile-done\node_modules\react-router-dom\di
st\umd\react-router-dom.development.js:673:7)

Consider adding an error boundary to your tree to 
customize error handling behavior.
Visit https://reactjs.org/link/error-boundaries 
to learn more about error boundaries.

ReferenceError: handleStageChange is not defined
    at CandidateDetail 
(C:/Users/user/Downloads/Antigravity Projects/cadi
tare-profile-done/components/CandidateDetail.tsx:1
367:29)
    at renderWithHooks 
(C:\Users\user\Downloads\Antigravity Projects\cadi
tare-profile-done\node_modules\react-dom\cjs\react
-dom.development.js:15486:18)
    at updateFunctionComponent 
(C:\Users\user\Downloads\Antigravity Projects\cadi
tare-profile-done\node_modules\react-dom\cjs\react
-dom.development.js:19617:20)
    at beginWork 
(C:\Users\user\Downloads\Antigravity Projects\cadi
tare-profile-done\node_modules\react-dom\cjs\react
-dom.development.js:21640:16)
    at HTMLUnknownElement.callCallback 
(C:\Users\user\Downloads\Antigravity Projects\cadi
tare-profile-done\node_modules\react-dom\cjs\react
-dom.development.js:4164:14)
    at 
HTMLUnknownElement.callTheUserObjectsOperation 
(C:\Users\user\Downloads\Antigravity Projects\cadi
tare-profile-done\node_modules\jsdom\lib\jsdom\liv
ing\generated\EventListener.js:26:30)
    at innerInvokeEventListeners 
(C:\Users\user\Downloads\Antigravity Projects\cadi
tare-profile-done\node_modules\jsdom\lib\jsdom\liv
ing\events\EventTarget-impl.js:360:16)
    at invokeEventListeners 
(C:\Users\user\Downloads\Antigravity Projects\cadi
tare-profile-done\node_modules\jsdom\lib\jsdom\liv
ing\events\EventTarget-impl.js:296:3)
    at HTMLUnknownElementImpl._dispatch 
(C:\Users\user\Downloads\Antigravity Projects\cadi
tare-profile-done\node_modules\jsdom\lib\jsdom\liv
ing\events\EventTarget-impl.js:243:9)
    at HTMLUnknownElementImpl.dispatchEvent 
(C:\Users\user\Downloads\Antigravity Projects\cadi
tare-profile-done\node_modules\jsdom\lib\jsdom\liv
ing\events\EventTarget-impl.js:114:17)
ReferenceError: handleStageChange is not defined
    at CandidateDetail 
(C:/Users/user/Downloads/Antigravity Projects/cadi
tare-profile-done/components/CandidateDetail.tsx:1
367:29)
    at renderWithHooks 
(C:\Users\user\Downloads\Antigravity Projects\cadi
tare-profile-done\node_modules\react-dom\cjs\react
-dom.development.js:15486:18)
    at updateFunctionComponent 
(C:\Users\user\Downloads\Antigravity Projects\cadi
tare-profile-done\node_modules\react-dom\cjs\react
-dom.development.js:19617:20)
    at beginWork 
(C:\Users\user\Downloads\Antigravity Projects\cadi
tare-profile-done\node_modules\react-dom\cjs\react
-dom.development.js:21640:16)
    at HTMLUnknownElement.callCallback 
(C:\Users\user\Downloads\Antigravity Projects\cadi
tare-profile-done\node_modules\react-dom\cjs\react
-dom.development.js:4164:14)
    at 
HTMLUnknownElement.callTheUserObjectsOperation 
(C:\Users\user\Downloads\Antigravity Projects\cadi
tare-profile-done\node_modules\jsdom\lib\jsdom\liv
ing\generated\EventListener.js:26:30)
    at innerInvokeEventListeners 
(C:\Users\user\Downloads\Antigravity Projects\cadi
tare-profile-done\node_modules\jsdom\lib\jsdom\liv
ing\events\EventTarget-impl.js:360:16)
    at invokeEventListeners 
(C:\Users\user\Downloads\Antigravity Projects\cadi
tare-profile-done\node_modules\jsdom\lib\jsdom\liv
ing\events\EventTarget-impl.js:296:3)
    at HTMLUnknownElementImpl._dispatch 
(C:\Users\user\Downloads\Antigravity Projects\cadi
tare-profile-done\node_modules\jsdom\lib\jsdom\liv
ing\events\EventTarget-impl.js:243:9)
    at HTMLUnknownElementImpl.dispatchEvent 
(C:\Users\user\Downloads\Antigravity Projects\cadi
tare-profile-done\node_modules\jsdom\lib\jsdom\liv
ing\events\EventTarget-impl.js:114:17)
[90mstderr[2m | 
components/Verification.test.tsx[2m > 
[22m[2mCandidate Features Verification[2m > 
[22m[2mCandidateDetail: Should allow editing 
School, Height, Weight in Edit Mode
[22m[39mThe above error occurred in the 
<CandidateDetail> component:

    at CandidateDetail 
(C:/Users/user/Downloads/Antigravity Projects/cadi
tare-profile-done/components/CandidateDetail.tsx:2
7:71)
    at Router 
(C:\Users\user\Downloads\Antigravity Projects\cadi
tare-profile-done\node_modules\react-router\dist\u
md\react-router.development.js:1163:17)
    at BrowserRouter 
(C:\Users\user\Downloads\Antigravity Projects\cadi
tare-profile-done\node_modules\react-router-dom\di
st\umd\react-router-dom.development.js:673:7)

Consider adding an error boundary to your tree to 
customize error handling behavior.
Visit https://reactjs.org/link/error-boundaries 
to learn more about error boundaries.

ReferenceError: handleStageChange is not defined
    at CandidateDetail 
(C:/Users/user/Downloads/Antigravity Projects/cadi
tare-profile-done/components/CandidateDetail.tsx:1
367:29)
    at renderWithHooks 
(C:\Users\user\Downloads\Antigravity Projects\cadi
tare-profile-done\node_modules\react-dom\cjs\react
-dom.development.js:15486:18)
    at updateFunctionComponent 
(C:\Users\user\Downloads\Antigravity Projects\cadi
tare-profile-done\node_modules\react-dom\cjs\react
-dom.development.js:19617:20)
    at beginWork 
(C:\Users\user\Downloads\Antigravity Projects\cadi
tare-profile-done\node_modules\react-dom\cjs\react
-dom.development.js:21640:16)
    at HTMLUnknownElement.callCallback 
(C:\Users\user\Downloads\Antigravity Projects\cadi
tare-profile-done\node_modules\react-dom\cjs\react
-dom.development.js:4164:14)
    at 
HTMLUnknownElement.callTheUserObjectsOperation 
(C:\Users\user\Downloads\Antigravity Projects\cadi
tare-profile-done\node_modules\jsdom\lib\jsdom\liv
ing\generated\EventListener.js:26:30)
    at innerInvokeEventListeners 
(C:\Users\user\Downloads\Antigravity Projects\cadi
tare-profile-done\node_modules\jsdom\lib\jsdom\liv
ing\events\EventTarget-impl.js:360:16)
    at invokeEventListeners 
(C:\Users\user\Downloads\Antigravity Projects\cadi
tare-profile-done\node_modules\jsdom\lib\jsdom\liv
ing\events\EventTarget-impl.js:296:3)
    at HTMLUnknownElementImpl._dispatch 
(C:\Users\user\Downloads\Antigravity Projects\cadi
tare-profile-done\node_modules\jsdom\lib\jsdom\liv
ing\events\EventTarget-impl.js:243:9)
    at HTMLUnknownElementImpl.dispatchEvent 
(C:\Users\user\Downloads\Antigravity Projects\cadi
tare-profile-done\node_modules\jsdom\lib\jsdom\liv
ing\events\EventTarget-impl.js:114:17)
ReferenceError: handleStageChange is not defined
    at CandidateDetail 
(C:/Users/user/Downloads/Antigravity Projects/cadi
tare-profile-done/components/CandidateDetail.tsx:1
367:29)
    at renderWithHooks 
(C:\Users\user\Downloads\Antigravity Projects\cadi
tare-profile-done\node_modules\react-dom\cjs\react
-dom.development.js:15486:18)
    at updateFunctionComponent 
(C:\Users\user\Downloads\Antigravity Projects\cadi
tare-profile-done\node_modules\react-dom\cjs\react
-dom.development.js:19617:20)
    at beginWork 
(C:\Users\user\Downloads\Antigravity Projects\cadi
tare-profile-done\node_modules\react-dom\cjs\react
-dom.development.js:21640:16)
    at HTMLUnknownElement.callCallback 
(C:\Users\user\Downloads\Antigravity Projects\cadi
tare-profile-done\node_modules\react-dom\cjs\react
-dom.development.js:4164:14)
    at 
HTMLUnknownElement.callTheUserObjectsOperation 
(C:\Users\user\Downloads\Antigravity Projects\cadi
tare-profile-done\node_modules\jsdom\lib\jsdom\liv
ing\generated\EventListener.js:26:30)
    at innerInvokeEventListeners 
(C:\Users\user\Downloads\Antigravity Projects\cadi
tare-profile-done\node_modules\jsdom\lib\jsdom\liv
ing\events\EventTarget-impl.js:360:16)
    at invokeEventListeners 
(C:\Users\user\Downloads\Antigravity Projects\cadi
tare-profile-done\node_modules\jsdom\lib\jsdom\liv
ing\events\EventTarget-impl.js:296:3)
    at HTMLUnknownElementImpl._dispatch 
(C:\Users\user\Downloads\Antigravity Projects\cadi
tare-profile-done\node_modules\jsdom\lib\jsdom\liv
ing\events\EventTarget-impl.js:243:9)
    at HTMLUnknownElementImpl.dispatchEvent 
(C:\Users\user\Downloads\Antigravity Projects\cadi
tare-profile-done\node_modules\jsdom\lib\jsdom\liv
ing\events\EventTarget-impl.js:114:17)
[90mstderr[2m | 
components/Verification.test.tsx[2m > 
[22m[2mCandidate Features Verification[2m > 
[22m[2mCandidateDetail: Should block stage 
advance if requirements not met
[22m[39mThe above error occurred in the 
<CandidateDetail> component:

    at CandidateDetail 
(C:/Users/user/Downloads/Antigravity Projects/cadi
tare-profile-done/components/CandidateDetail.tsx:2
7:71)
    at RenderedRoute 
(C:\Users\user\Downloads\Antigravity Projects\cadi
tare-profile-done\node_modules\react-router\dist\u
md\react-router.development.js:539:7)
    at Routes 
(C:\Users\user\Downloads\Antigravity Projects\cadi
tare-profile-done\node_modules\react-router\dist\u
md\react-router.development.js:1229:7)
    at Router 
(C:\Users\user\Downloads\Antigravity Projects\cadi
tare-profile-done\node_modules\react-router\dist\u
md\react-router.development.js:1163:17)
    at MemoryRouter 
(C:\Users\user\Downloads\Antigravity Projects\cadi
tare-profile-done\node_modules\react-router\dist\u
md\react-router.development.js:1058:7)

Consider adding an error boundary to your tree to 
customize error handling behavior.
Visit https://reactjs.org/link/error-boundaries 
to learn more about error boundaries.

 [31mΓ¥»[39m components/Verification.test.tsx [2m([22m[2m3 tests[22m[2m | [22m[31m3 failed[39m[2m)[22m[32m 159[2mms[22m[39m
[31m     [31m├ù[31m CandidateDetail: Should display all 5 Digital Form Sections in View Mode[39m[32m 82[2mms[22m[39m
[31m     [31m├ù[31m CandidateDetail: Should allow editing School, Height, Weight in Edit Mode[39m[32m 55[2mms[22m[39m
[31m     [31m├ù[31m CandidateDetail: Should block stage advance if requirements not met[39m[32m 20[2mms[22m[39m

[31mΓÄ»ΓÄ»ΓÄ»ΓÄ»ΓÄ»ΓÄ»ΓÄ»[39m[1m[41m Failed 
Tests 3 [49m[22m[31mΓÄ»ΓÄ»ΓÄ»ΓÄ»ΓÄ»ΓÄ»ΓÄ»[39m

[41m[1m FAIL [22m[49m 
components/Verification.test.tsx[2m > 
[22mCandidate Features Verification[2m > 
[22mCandidateDetail: Should display all 5 
Digital Form Sections in View Mode
[41m[1m FAIL [22m[49m 
components/Verification.test.tsx[2m > 
[22mCandidate Features Verification[2m > 
[22mCandidateDetail: Should allow editing 
School, Height, Weight in Edit Mode
[41m[1m FAIL [22m[49m 
components/Verification.test.tsx[2m > 
[22mCandidate Features Verification[2m > 
[22mCandidateDetail: Should block stage advance 
if requirements not met
[31m[1mReferenceError[22m: handleStageChange 
is not defined[39m
[36m [2mΓ¥»[22m CandidateDetail components/Cand
idateDetail.tsx:[2m1367:29[22m[39m
    [90m1365| [39m            
[33m<[39m[33mWorkflowProgressWidget[39m
    [90m1366| [39m              [33mcandidate[
39m[33m=[39m[33m{[39mcandidate[33m}[39m
    [90m1367| [39m              [33monStageClic
k[39m[33m=[39m[33m{[39mhandleStageChange[33m
}[39m
    [90m   | [39m                            
[31m^[39m
    [90m1368| [39m            
[33m/[39m[33m>[39m
    [90m1369| [39m            
<RecentActivityWidget candidate={candidate} 
onViewAll={() ΓÇª
[90m [2mΓ¥»[22m renderWithHooks node_modules/re
act-dom/cjs/react-dom.development.js:[2m15486:18
[22m[39m
[90m [2mΓ¥»[22m updateFunctionComponent node_mo
dules/react-dom/cjs/react-dom.development.js:[2m1
9617:20[22m[39m
[90m [2mΓ¥»[22m beginWork node_modules/react-do
m/cjs/react-dom.development.js:[2m21640:16[22m[
39m
[90m [2mΓ¥»[22m beginWork$1 node_modules/react-
dom/cjs/react-dom.development.js:[2m27465:14[22m
[39m
[90m [2mΓ¥»[22m performUnitOfWork node_modules/
react-dom/cjs/react-dom.development.js:[2m26599:1
2[22m[39m
[90m [2mΓ¥»[22m workLoopSync node_modules/react
-dom/cjs/react-dom.development.js:[2m26505:5[22m
[39m
[90m [2mΓ¥»[22m renderRootSync node_modules/rea
ct-dom/cjs/react-dom.development.js:[2m26473:7[2
2m[39m
[90m [2mΓ¥»[22m recoverFromConcurrentError node
_modules/react-dom/cjs/react-dom.development.js:[
2m25889:20[22m[39m
[90m [2mΓ¥»[22m performConcurrentWorkOnRoot nod
e_modules/react-dom/cjs/react-dom.development.js:
[2m25789:22[22m[39m

[31m[2mΓÄ»ΓÄ»ΓÄ»ΓÄ»ΓÄ»ΓÄ»ΓÄ»ΓÄ»ΓÄ»ΓÄ»ΓÄ»ΓÄ»ΓÄ»ΓÄ
»ΓÄ»ΓÄ»ΓÄ»ΓÄ»ΓÄ»ΓÄ»ΓÄ»ΓÄ»ΓÄ»ΓÄ»[1/3]ΓÄ»[22m[39m


[2m Test Files [22m [1m[31m1 failed[39m[22m[90m (1)[39m
[2m      Tests [22m [1m[31m3 failed[39m[22m[90m (3)[39m
[2m   Start at [22m 16:06:16
[2m   Duration [22m 1.72s

[1m[41m FAIL [49m[22m [31mTests failed. Watching for file changes...[39m
       [2mpress [22m[1mh[22m[2m to show help[22m[2m, [22m[2mpress [22m[1mq[22m[2m to quit[22m
c[3J[1m[44m RERUN [49m[22m [34m[2mcomponents/Verification.test.tsx [22m[34mx22 [34m[39m
       [2m Filename pattern: [22m[34mcomponents/Verification.test.tsx[39m

ReferenceError: handleStageChange is not defined
    at CandidateDetail 
(C:/Users/user/Downloads/Antigravity Projects/cadi
tare-profile-done/components/CandidateDetail.tsx:1
367:29)
    at renderWithHooks 
(C:\Users\user\Downloads\Antigravity Projects\cadi
tare-profile-done\node_modules\react-dom\cjs\react
-dom.development.js:15486:18)
    at updateFunctionComponent 
(C:\Users\user\Downloads\Antigravity Projects\cadi
tare-profile-done\node_modules\react-dom\cjs\react
-dom.development.js:19617:20)
    at beginWork 
(C:\Users\user\Downloads\Antigravity Projects\cadi
tare-profile-done\node_modules\react-dom\cjs\react
-dom.development.js:21640:16)
    at HTMLUnknownElement.callCallback 
(C:\Users\user\Downloads\Antigravity Projects\cadi
tare-profile-done\node_modules\react-dom\cjs\react
-dom.development.js:4164:14)
    at 
HTMLUnknownElement.callTheUserObjectsOperation 
(C:\Users\user\Downloads\Antigravity Projects\cadi
tare-profile-done\node_modules\jsdom\lib\jsdom\liv
ing\generated\EventListener.js:26:30)
    at innerInvokeEventListeners 
(C:\Users\user\Downloads\Antigravity Projects\cadi
tare-profile-done\node_modules\jsdom\lib\jsdom\liv
ing\events\EventTarget-impl.js:360:16)
    at invokeEventListeners 
(C:\Users\user\Downloads\Antigravity Projects\cadi
tare-profile-done\node_modules\jsdom\lib\jsdom\liv
ing\events\EventTarget-impl.js:296:3)
    at HTMLUnknownElementImpl._dispatch 
(C:\Users\user\Downloads\Antigravity Projects\cadi
tare-profile-done\node_modules\jsdom\lib\jsdom\liv
ing\events\EventTarget-impl.js:243:9)
    at HTMLUnknownElementImpl.dispatchEvent 
(C:\Users\user\Downloads\Antigravity Projects\cadi
tare-profile-done\node_modules\jsdom\lib\jsdom\liv
ing\events\EventTarget-impl.js:114:17)
ReferenceError: handleStageChange is not defined
    at CandidateDetail 
(C:/Users/user/Downloads/Antigravity Projects/cadi
tare-profile-done/components/CandidateDetail.tsx:1
367:29)
    at renderWithHooks 
(C:\Users\user\Downloads\Antigravity Projects\cadi
tare-profile-done\node_modules\react-dom\cjs\react
-dom.development.js:15486:18)
    at updateFunctionComponent 
(C:\Users\user\Downloads\Antigravity Projects\cadi
tare-profile-done\node_modules\react-dom\cjs\react
-dom.development.js:19617:20)
    at beginWork 
(C:\Users\user\Downloads\Antigravity Projects\cadi
tare-profile-done\node_modules\react-dom\cjs\react
-dom.development.js:21640:16)
    at HTMLUnknownElement.callCallback 
(C:\Users\user\Downloads\Antigravity Projects\cadi
tare-profile-done\node_modules\react-dom\cjs\react
-dom.development.js:4164:14)
    at 
HTMLUnknownElement.callTheUserObjectsOperation 
(C:\Users\user\Downloads\Antigravity Projects\cadi
tare-profile-done\node_modules\jsdom\lib\jsdom\liv
ing\generated\EventListener.js:26:30)
    at innerInvokeEventListeners 
(C:\Users\user\Downloads\Antigravity Projects\cadi
tare-profile-done\node_modules\jsdom\lib\jsdom\liv
ing\events\EventTarget-impl.js:360:16)
    at invokeEventListeners 
(C:\Users\user\Downloads\Antigravity Projects\cadi
tare-profile-done\node_modules\jsdom\lib\jsdom\liv
ing\events\EventTarget-impl.js:296:3)
    at HTMLUnknownElementImpl._dispatch 
(C:\Users\user\Downloads\Antigravity Projects\cadi
tare-profile-done\node_modules\jsdom\lib\jsdom\liv
ing\events\EventTarget-impl.js:243:9)
    at HTMLUnknownElementImpl.dispatchEvent 
(C:\Users\user\Downloads\Antigravity Projects\cadi
tare-profile-done\node_modules\jsdom\lib\jsdom\liv
ing\events\EventTarget-impl.js:114:17)
[90mstderr[2m | 
components/Verification.test.tsx[2m > 
[22m[2mCandidate Features Verification[2m > 
[22m[2mCandidateDetail: Should display all 5 
Digital Form Sections in View Mode
[22m[39mThe above error occurred in the 
<CandidateDetail> component:

    at CandidateDetail 
(C:/Users/user/Downloads/Antigravity Projects/cadi
tare-profile-done/components/CandidateDetail.tsx:2
7:71)
    at RenderedRoute 
(C:\Users\user\Downloads\Antigravity Projects\cadi
tare-profile-done\node_modules\react-router\dist\u
md\react-router.development.js:539:7)
    at Routes 
(C:\Users\user\Downloads\Antigravity Projects\cadi
tare-profile-done\node_modules\react-router\dist\u
md\react-router.development.js:1229:7)
    at Router 
(C:\Users\user\Downloads\Antigravity Projects\cadi
tare-profile-done\node_modules\react-router\dist\u
md\react-router.development.js:1163:17)
    at MemoryRouter 
(C:\Users\user\Downloads\Antigravity Projects\cadi
tare-profile-done\node_modules\react-router\dist\u
md\react-router.development.js:1058:7)

Consider adding an error boundary to your tree to 
customize error handling behavior.
Visit https://reactjs.org/link/error-boundaries 
to learn more about error boundaries.

ReferenceError: handleStageChange is not defined
    at CandidateDetail 
(C:/Users/user/Downloads/Antigravity Projects/cadi
tare-profile-done/components/CandidateDetail.tsx:1
367:29)
    at renderWithHooks 
(C:\Users\user\Downloads\Antigravity Projects\cadi
tare-profile-done\node_modules\react-dom\cjs\react
-dom.development.js:15486:18)
    at updateFunctionComponent 
(C:\Users\user\Downloads\Antigravity Projects\cadi
tare-profile-done\node_modules\react-dom\cjs\react
-dom.development.js:19617:20)
    at beginWork 
(C:\Users\user\Downloads\Antigravity Projects\cadi
tare-profile-done\node_modules\react-dom\cjs\react
-dom.development.js:21640:16)
    at HTMLUnknownElement.callCallback 
(C:\Users\user\Downloads\Antigravity Projects\cadi
tare-profile-done\node_modules\react-dom\cjs\react
-dom.development.js:4164:14)
    at 
HTMLUnknownElement.callTheUserObjectsOperation 
(C:\Users\user\Downloads\Antigravity Projects\cadi
tare-profile-done\node_modules\jsdom\lib\jsdom\liv
ing\generated\EventListener.js:26:30)
    at innerInvokeEventListeners 
(C:\Users\user\Downloads\Antigravity Projects\cadi
tare-profile-done\node_modules\jsdom\lib\jsdom\liv
ing\events\EventTarget-impl.js:360:16)
    at invokeEventListeners 
(C:\Users\user\Downloads\Antigravity Projects\cadi
tare-profile-done\node_modules\jsdom\lib\jsdom\liv
ing\events\EventTarget-impl.js:296:3)
    at HTMLUnknownElementImpl._dispatch 
(C:\Users\user\Downloads\Antigravity Projects\cadi
tare-profile-done\node_modules\jsdom\lib\jsdom\liv
ing\events\EventTarget-impl.js:243:9)
    at HTMLUnknownElementImpl.dispatchEvent 
(C:\Users\user\Downloads\Antigravity Projects\cadi
tare-profile-done\node_modules\jsdom\lib\jsdom\liv
ing\events\EventTarget-impl.js:114:17)
ReferenceError: handleStageChange is not defined
    at CandidateDetail 
(C:/Users/user/Downloads/Antigravity Projects/cadi
tare-profile-done/components/CandidateDetail.tsx:1
367:29)
    at renderWithHooks 
(C:\Users\user\Downloads\Antigravity Projects\cadi
tare-profile-done\node_modules\react-dom\cjs\react
-dom.development.js:15486:18)
    at updateFunctionComponent 
(C:\Users\user\Downloads\Antigravity Projects\cadi
tare-profile-done\node_modules\react-dom\cjs\react
-dom.development.js:19617:20)
    at beginWork 
(C:\Users\user\Downloads\Antigravity Projects\cadi
tare-profile-done\node_modules\react-dom\cjs\react
-dom.development.js:21640:16)
    at HTMLUnknownElement.callCallback 
(C:\Users\user\Downloads\Antigravity Projects\cadi
tare-profile-done\node_modules\react-dom\cjs\react
-dom.development.js:4164:14)
    at 
HTMLUnknownElement.callTheUserObjectsOperation 
(C:\Users\user\Downloads\Antigravity Projects\cadi
tare-profile-done\node_modules\jsdom\lib\jsdom\liv
ing\generated\EventListener.js:26:30)
    at innerInvokeEventListeners 
(C:\Users\user\Downloads\Antigravity Projects\cadi
tare-profile-done\node_modules\jsdom\lib\jsdom\liv
ing\events\EventTarget-impl.js:360:16)
    at invokeEventListeners 
(C:\Users\user\Downloads\Antigravity Projects\cadi
tare-profile-done\node_modules\jsdom\lib\jsdom\liv
ing\events\EventTarget-impl.js:296:3)
    at HTMLUnknownElementImpl._dispatch 
(C:\Users\user\Downloads\Antigravity Projects\cadi
tare-profile-done\node_modules\jsdom\lib\jsdom\liv
ing\events\EventTarget-impl.js:243:9)
    at HTMLUnknownElementImpl.dispatchEvent 
(C:\Users\user\Downloads\Antigravity Projects\cadi
tare-profile-done\node_modules\jsdom\lib\jsdom\liv
ing\events\EventTarget-impl.js:114:17)
[90mstderr[2m | 
components/Verification.test.tsx[2m > 
[22m[2mCandidate Features Verification[2m > 
[22m[2mCandidateDetail: Should allow editing 
School, Height, Weight in Edit Mode
[22m[39mThe above error occurred in the 
<CandidateDetail> component:

    at CandidateDetail 
(C:/Users/user/Downloads/Antigravity Projects/cadi
tare-profile-done/components/CandidateDetail.tsx:2
7:71)
    at RenderedRoute 
(C:\Users\user\Downloads\Antigravity Projects\cadi
tare-profile-done\node_modules\react-router\dist\u
md\react-router.development.js:539:7)
    at Routes 
(C:\Users\user\Downloads\Antigravity Projects\cadi
tare-profile-done\node_modules\react-router\dist\u
md\react-router.development.js:1229:7)
    at Router 
(C:\Users\user\Downloads\Antigravity Projects\cadi
tare-profile-done\node_modules\react-router\dist\u
md\react-router.development.js:1163:17)
    at MemoryRouter 
(C:\Users\user\Downloads\Antigravity Projects\cadi
tare-profile-done\node_modules\react-router\dist\u
md\react-router.development.js:1058:7)

Consider adding an error boundary to your tree to 
customize error handling behavior.
Visit https://reactjs.org/link/error-boundaries 
to learn more about error boundaries.

ReferenceError: handleStageChange is not defined
    at CandidateDetail 
(C:/Users/user/Downloads/Antigravity Projects/cadi
tare-profile-done/components/CandidateDetail.tsx:1
367:29)
    at renderWithHooks 
(C:\Users\user\Downloads\Antigravity Projects\cadi
tare-profile-done\node_modules\react-dom\cjs\react
-dom.development.js:15486:18)
    at updateFunctionComponent 
(C:\Users\user\Downloads\Antigravity Projects\cadi
tare-profile-done\node_modules\react-dom\cjs\react
-dom.development.js:19617:20)
    at beginWork 
(C:\Users\user\Downloads\Antigravity Projects\cadi
tare-profile-done\node_modules\react-dom\cjs\react
-dom.development.js:21640:16)
    at HTMLUnknownElement.callCallback 
(C:\Users\user\Downloads\Antigravity Projects\cadi
tare-profile-done\node_modules\react-dom\cjs\react
-dom.development.js:4164:14)
    at 
HTMLUnknownElement.callTheUserObjectsOperation 
(C:\Users\user\Downloads\Antigravity Projects\cadi
tare-profile-done\node_modules\jsdom\lib\jsdom\liv
ing\generated\EventListener.js:26:30)
    at innerInvokeEventListeners 
(C:\Users\user\Downloads\Antigravity Projects\cadi
tare-profile-done\node_modules\jsdom\lib\jsdom\liv
ing\events\EventTarget-impl.js:360:16)
    at invokeEventListeners 
(C:\Users\user\Downloads\Antigravity Projects\cadi
tare-profile-done\node_modules\jsdom\lib\jsdom\liv
ing\events\EventTarget-impl.js:296:3)
    at HTMLUnknownElementImpl._dispatch 
(C:\Users\user\Downloads\Antigravity Projects\cadi
tare-profile-done\node_modules\jsdom\lib\jsdom\liv
ing\events\EventTarget-impl.js:243:9)
    at HTMLUnknownElementImpl.dispatchEvent 
(C:\Users\user\Downloads\Antigravity Projects\cadi
tare-profile-done\node_modules\jsdom\lib\jsdom\liv
ing\events\EventTarget-impl.js:114:17)
ReferenceError: handleStageChange is not defined
    at CandidateDetail 
(C:/Users/user/Downloads/Antigravity Projects/cadi
tare-profile-done/components/CandidateDetail.tsx:1
367:29)
    at renderWithHooks 
(C:\Users\user\Downloads\Antigravity Projects\cadi
tare-profile-done\node_modules\react-dom\cjs\react
-dom.development.js:15486:18)
    at updateFunctionComponent 
(C:\Users\user\Downloads\Antigravity Projects\cadi
tare-profile-done\node_modules\react-dom\cjs\react
-dom.development.js:19617:20)
    at beginWork 
(C:\Users\user\Downloads\Antigravity Projects\cadi
tare-profile-done\node_modules\react-dom\cjs\react
-dom.development.js:21640:16)
    at HTMLUnknownElement.callCallback 
(C:\Users\user\Downloads\Antigravity Projects\cadi
tare-profile-done\node_modules\react-dom\cjs\react
-dom.development.js:4164:14)
    at 
HTMLUnknownElement.callTheUserObjectsOperation 
(C:\Users\user\Downloads\Antigravity Projects\cadi
tare-profile-done\node_modules\jsdom\lib\jsdom\liv
ing\generated\EventListener.js:26:30)
    at innerInvokeEventListeners 
(C:\Users\user\Downloads\Antigravity Projects\cadi
tare-profile-done\node_modules\jsdom\lib\jsdom\liv
ing\events\EventTarget-impl.js:360:16)
    at invokeEventListeners 
(C:\Users\user\Downloads\Antigravity Projects\cadi
tare-profile-done\node_modules\jsdom\lib\jsdom\liv
ing\events\EventTarget-impl.js:296:3)
    at HTMLUnknownElementImpl._dispatch 
(C:\Users\user\Downloads\Antigravity Projects\cadi
tare-profile-done\node_modules\jsdom\lib\jsdom\liv
ing\events\EventTarget-impl.js:243:9)
    at HTMLUnknownElementImpl.dispatchEvent 
(C:\Users\user\Downloads\Antigravity Projects\cadi
tare-profile-done\node_modules\jsdom\lib\jsdom\liv
ing\events\EventTarget-impl.js:114:17)
[90mstderr[2m | 
components/Verification.test.tsx[2m > 
[22m[2mCandidate Features Verification[2m > 
[22m[2mCandidateDetail: Should block stage 
advance if requirements not met
[22m[39mThe above error occurred in the 
<CandidateDetail> component:

    at CandidateDetail 
(C:/Users/user/Downloads/Antigravity Projects/cadi
tare-profile-done/components/CandidateDetail.tsx:2
7:71)
    at RenderedRoute 
(C:\Users\user\Downloads\Antigravity Projects\cadi
tare-profile-done\node_modules\react-router\dist\u
md\react-router.development.js:539:7)
    at Routes 
(C:\Users\user\Downloads\Antigravity Projects\cadi
tare-profile-done\node_modules\react-router\dist\u
md\react-router.development.js:1229:7)
    at Router 
(C:\Users\user\Downloads\Antigravity Projects\cadi
tare-profile-done\node_modules\react-router\dist\u
md\react-router.development.js:1163:17)
    at MemoryRouter 
(C:\Users\user\Downloads\Antigravity Projects\cadi
tare-profile-done\node_modules\react-router\dist\u
md\react-router.development.js:1058:7)

Consider adding an error boundary to your tree to 
customize error handling behavior.
Visit https://reactjs.org/link/error-boundaries 
to learn more about error boundaries.

 [31mΓ¥»[39m components/Verification.test.tsx [2m([22m[2m3 tests[22m[2m | [22m[31m3 failed[39m[2m)[22m[32m 254[2mms[22m[39m
[31m     [31m├ù[31m CandidateDetail: Should display all 5 Digital Form Sections in View Mode[39m[32m 211[2mms[22m[39m
[31m     [31m├ù[31m CandidateDetail: Should allow editing School, Height, Weight in Edit Mode[39m[32m 10[2mms[22m[39m
[31m     [31m├ù[31m CandidateDetail: Should block stage advance if requirements not met[39m[32m 13[2mms[22m[39m

[31mΓÄ»ΓÄ»ΓÄ»ΓÄ»ΓÄ»ΓÄ»ΓÄ»[39m[1m[41m Failed 
Tests 3 [49m[22m[31mΓÄ»ΓÄ»ΓÄ»ΓÄ»ΓÄ»ΓÄ»ΓÄ»[39m

[41m[1m FAIL [22m[49m 
components/Verification.test.tsx[2m > 
[22mCandidate Features Verification[2m > 
[22mCandidateDetail: Should display all 5 
Digital Form Sections in View Mode
[41m[1m FAIL [22m[49m 
components/Verification.test.tsx[2m > 
[22mCandidate Features Verification[2m > 
[22mCandidateDetail: Should allow editing 
School, Height, Weight in Edit Mode
[41m[1m FAIL [22m[49m 
components/Verification.test.tsx[2m > 
[22mCandidate Features Verification[2m > 
[22mCandidateDetail: Should block stage advance 
if requirements not met
[31m[1mReferenceError[22m: handleStageChange 
is not defined[39m
[36m [2mΓ¥»[22m CandidateDetail components/Cand
idateDetail.tsx:[2m1367:29[22m[39m
    [90m1365| [39m            
[33m<[39m[33mWorkflowProgressWidget[39m
    [90m1366| [39m              [33mcandidate[
39m[33m=[39m[33m{[39mcandidate[33m}[39m
    [90m1367| [39m              [33monStageClic
k[39m[33m=[39m[33m{[39mhandleStageChange[33m
}[39m
    [90m   | [39m                            
[31m^[39m
    [90m1368| [39m            
[33m/[39m[33m>[39m
    [90m1369| [39m            
<RecentActivityWidget candidate={candidate} 
onViewAll={() ΓÇª
[90m [2mΓ¥»[22m renderWithHooks node_modules/re
act-dom/cjs/react-dom.development.js:[2m15486:18
[22m[39m
[90m [2mΓ¥»[22m updateFunctionComponent node_mo
dules/react-dom/cjs/react-dom.development.js:[2m1
9617:20[22m[39m
[90m [2mΓ¥»[22m beginWork node_modules/react-do
m/cjs/react-dom.development.js:[2m21640:16[22m[
39m
[90m [2mΓ¥»[22m beginWork$1 node_modules/react-
dom/cjs/react-dom.development.js:[2m27465:14[22m
[39m
[90m [2mΓ¥»[22m performUnitOfWork node_modules/
react-dom/cjs/react-dom.development.js:[2m26599:1
2[22m[39m
[90m [2mΓ¥»[22m workLoopSync node_modules/react
-dom/cjs/react-dom.development.js:[2m26505:5[22m
[39m
[90m [2mΓ¥»[22m renderRootSync node_modules/rea
ct-dom/cjs/react-dom.development.js:[2m26473:7[2
2m[39m
[90m [2mΓ¥»[22m recoverFromConcurrentError node
_modules/react-dom/cjs/react-dom.development.js:[
2m25889:20[22m[39m
[90m [2mΓ¥»[22m performConcurrentWorkOnRoot nod
e_modules/react-dom/cjs/react-dom.development.js:
[2m25789:22[22m[39m

[31m[2mΓÄ»ΓÄ»ΓÄ»ΓÄ»ΓÄ»ΓÄ»ΓÄ»ΓÄ»ΓÄ»ΓÄ»ΓÄ»ΓÄ»ΓÄ»ΓÄ
»ΓÄ»ΓÄ»ΓÄ»ΓÄ»ΓÄ»ΓÄ»ΓÄ»ΓÄ»ΓÄ»ΓÄ»[1/3]ΓÄ»[22m[39m


[2m Test Files [22m [1m[31m1 failed[39m[22m[90m (1)[39m
[2m      Tests [22m [1m[31m3 failed[39m[22m[90m (3)[39m
[2m   Start at [22m 16:07:40
[2m   Duration [22m 2.05s

[1m[41m FAIL [49m[22m [31mTests failed. Watching for file changes...[39m
       [2mpress [22m[1mh[22m[2m to show help[22m[2m, [22m[2mpress [22m[1mq[22m[2m to quit[22m
c[3J[1m[44m RERUN [49m[22m [34m[2mcomponents/Verification.test.tsx [22m[34mx23 [34m[39m
       [2m Filename pattern: [22m[34mcomponents/Verification.test.tsx[39m

ReferenceError: handleStageChange is not defined
    at CandidateDetail 
(C:/Users/user/Downloads/Antigravity Projects/cadi
tare-profile-done/components/CandidateDetail.tsx:1
367:29)
    at renderWithHooks 
(C:\Users\user\Downloads\Antigravity Projects\cadi
tare-profile-done\node_modules\react-dom\cjs\react
-dom.development.js:15486:18)
    at updateFunctionComponent 
(C:\Users\user\Downloads\Antigravity Projects\cadi
tare-profile-done\node_modules\react-dom\cjs\react
-dom.development.js:19617:20)
    at beginWork 
(C:\Users\user\Downloads\Antigravity Projects\cadi
tare-profile-done\node_modules\react-dom\cjs\react
-dom.development.js:21640:16)
    at HTMLUnknownElement.callCallback 
(C:\Users\user\Downloads\Antigravity Projects\cadi
tare-profile-done\node_modules\react-dom\cjs\react
-dom.development.js:4164:14)
    at 
HTMLUnknownElement.callTheUserObjectsOperation 
(C:\Users\user\Downloads\Antigravity Projects\cadi
tare-profile-done\node_modules\jsdom\lib\jsdom\liv
ing\generated\EventListener.js:26:30)
    at innerInvokeEventListeners 
(C:\Users\user\Downloads\Antigravity Projects\cadi
tare-profile-done\node_modules\jsdom\lib\jsdom\liv
ing\events\EventTarget-impl.js:360:16)
    at invokeEventListeners 
(C:\Users\user\Downloads\Antigravity Projects\cadi
tare-profile-done\node_modules\jsdom\lib\jsdom\liv
ing\events\EventTarget-impl.js:296:3)
    at HTMLUnknownElementImpl._dispatch 
(C:\Users\user\Downloads\Antigravity Projects\cadi
tare-profile-done\node_modules\jsdom\lib\jsdom\liv
ing\events\EventTarget-impl.js:243:9)
    at HTMLUnknownElementImpl.dispatchEvent 
(C:\Users\user\Downloads\Antigravity Projects\cadi
tare-profile-done\node_modules\jsdom\lib\jsdom\liv
ing\events\EventTarget-impl.js:114:17)
ReferenceError: handleStageChange is not defined
    at CandidateDetail 
(C:/Users/user/Downloads/Antigravity Projects/cadi
tare-profile-done/components/CandidateDetail.tsx:1
367:29)
    at renderWithHooks 
(C:\Users\user\Downloads\Antigravity Projects\cadi
tare-profile-done\node_modules\react-dom\cjs\react
-dom.development.js:15486:18)
    at updateFunctionComponent 
(C:\Users\user\Downloads\Antigravity Projects\cadi
tare-profile-done\node_modules\react-dom\cjs\react
-dom.development.js:19617:20)
    at beginWork 
(C:\Users\user\Downloads\Antigravity Projects\cadi
tare-profile-done\node_modules\react-dom\cjs\react
-dom.development.js:21640:16)
    at HTMLUnknownElement.callCallback 
(C:\Users\user\Downloads\Antigravity Projects\cadi
tare-profile-done\node_modules\react-dom\cjs\react
-dom.development.js:4164:14)
    at 
HTMLUnknownElement.callTheUserObjectsOperation 
(C:\Users\user\Downloads\Antigravity Projects\cadi
tare-profile-done\node_modules\jsdom\lib\jsdom\liv
ing\generated\EventListener.js:26:30)
    at innerInvokeEventListeners 
(C:\Users\user\Downloads\Antigravity Projects\cadi
tare-profile-done\node_modules\jsdom\lib\jsdom\liv
ing\events\EventTarget-impl.js:360:16)
    at invokeEventListeners 
(C:\Users\user\Downloads\Antigravity Projects\cadi
tare-profile-done\node_modules\jsdom\lib\jsdom\liv
ing\events\EventTarget-impl.js:296:3)
    at HTMLUnknownElementImpl._dispatch 
(C:\Users\user\Downloads\Antigravity Projects\cadi
tare-profile-done\node_modules\jsdom\lib\jsdom\liv
ing\events\EventTarget-impl.js:243:9)
    at HTMLUnknownElementImpl.dispatchEvent 
(C:\Users\user\Downloads\Antigravity Projects\cadi
tare-profile-done\node_modules\jsdom\lib\jsdom\liv
ing\events\EventTarget-impl.js:114:17)
[90mstderr[2m | 
components/Verification.test.tsx[2m > 
[22m[2mCandidate Features Verification[2m > 
[22m[2mCandidateDetail: Should display all 5 
Digital Form Sections in View Mode
[22m[39mThe above error occurred in the 
<CandidateDetail> component:

    at CandidateDetail 
(C:/Users/user/Downloads/Antigravity Projects/cadi
tare-profile-done/components/CandidateDetail.tsx:2
6:53)
    at RenderedRoute 
(C:\Users\user\Downloads\Antigravity Projects\cadi
tare-profile-done\node_modules\react-router\dist\u
md\react-router.development.js:539:7)
    at Routes 
(C:\Users\user\Downloads\Antigravity Projects\cadi
tare-profile-done\node_modules\react-router\dist\u
md\react-router.development.js:1229:7)
    at Router 
(C:\Users\user\Downloads\Antigravity Projects\cadi
tare-profile-done\node_modules\react-router\dist\u
md\react-router.development.js:1163:17)
    at MemoryRouter 
(C:\Users\user\Downloads\Antigravity Projects\cadi
tare-profile-done\node_modules\react-router\dist\u
md\react-router.development.js:1058:7)

Consider adding an error boundary to your tree to 
customize error handling behavior.
Visit https://reactjs.org/link/error-boundaries 
to learn more about error boundaries.

ReferenceError: handleStageChange is not defined
    at CandidateDetail 
(C:/Users/user/Downloads/Antigravity Projects/cadi
tare-profile-done/components/CandidateDetail.tsx:1
367:29)
    at renderWithHooks 
(C:\Users\user\Downloads\Antigravity Projects\cadi
tare-profile-done\node_modules\react-dom\cjs\react
-dom.development.js:15486:18)
    at updateFunctionComponent 
(C:\Users\user\Downloads\Antigravity Projects\cadi
tare-profile-done\node_modules\react-dom\cjs\react
-dom.development.js:19617:20)
    at beginWork 
(C:\Users\user\Downloads\Antigravity Projects\cadi
tare-profile-done\node_modules\react-dom\cjs\react
-dom.development.js:21640:16)
    at HTMLUnknownElement.callCallback 
(C:\Users\user\Downloads\Antigravity Projects\cadi
tare-profile-done\node_modules\react-dom\cjs\react
-dom.development.js:4164:14)
    at 
HTMLUnknownElement.callTheUserObjectsOperation 
(C:\Users\user\Downloads\Antigravity Projects\cadi
tare-profile-done\node_modules\jsdom\lib\jsdom\liv
ing\generated\EventListener.js:26:30)
    at innerInvokeEventListeners 
(C:\Users\user\Downloads\Antigravity Projects\cadi
tare-profile-done\node_modules\jsdom\lib\jsdom\liv
ing\events\EventTarget-impl.js:360:16)
    at invokeEventListeners 
(C:\Users\user\Downloads\Antigravity Projects\cadi
tare-profile-done\node_modules\jsdom\lib\jsdom\liv
ing\events\EventTarget-impl.js:296:3)
    at HTMLUnknownElementImpl._dispatch 
(C:\Users\user\Downloads\Antigravity Projects\cadi
tare-profile-done\node_modules\jsdom\lib\jsdom\liv
ing\events\EventTarget-impl.js:243:9)
    at HTMLUnknownElementImpl.dispatchEvent 
(C:\Users\user\Downloads\Antigravity Projects\cadi
tare-profile-done\node_modules\jsdom\lib\jsdom\liv
ing\events\EventTarget-impl.js:114:17)
ReferenceError: handleStageChange is not defined
    at CandidateDetail 
(C:/Users/user/Downloads/Antigravity Projects/cadi
tare-profile-done/components/CandidateDetail.tsx:1
367:29)
    at renderWithHooks 
(C:\Users\user\Downloads\Antigravity Projects\cadi
tare-profile-done\node_modules\react-dom\cjs\react
-dom.development.js:15486:18)
    at updateFunctionComponent 
(C:\Users\user\Downloads\Antigravity Projects\cadi
tare-profile-done\node_modules\react-dom\cjs\react
-dom.development.js:19617:20)
    at beginWork 
(C:\Users\user\Downloads\Antigravity Projects\cadi
tare-profile-done\node_modules\react-dom\cjs\react
-dom.development.js:21640:16)
    at HTMLUnknownElement.callCallback 
(C:\Users\user\Downloads\Antigravity Projects\cadi
tare-profile-done\node_modules\react-dom\cjs\react
-dom.development.js:4164:14)
    at 
HTMLUnknownElement.callTheUserObjectsOperation 
(C:\Users\user\Downloads\Antigravity Projects\cadi
tare-profile-done\node_modules\jsdom\lib\jsdom\liv
ing\generated\EventListener.js:26:30)
    at innerInvokeEventListeners 
(C:\Users\user\Downloads\Antigravity Projects\cadi
tare-profile-done\node_modules\jsdom\lib\jsdom\liv
ing\events\EventTarget-impl.js:360:16)
    at invokeEventListeners 
(C:\Users\user\Downloads\Antigravity Projects\cadi
tare-profile-done\node_modules\jsdom\lib\jsdom\liv
ing\events\EventTarget-impl.js:296:3)
    at HTMLUnknownElementImpl._dispatch 
(C:\Users\user\Downloads\Antigravity Projects\cadi
tare-profile-done\node_modules\jsdom\lib\jsdom\liv
ing\events\EventTarget-impl.js:243:9)
    at HTMLUnknownElementImpl.dispatchEvent 
(C:\Users\user\Downloads\Antigravity Projects\cadi
tare-profile-done\node_modules\jsdom\lib\jsdom\liv
ing\events\EventTarget-impl.js:114:17)
[90mstderr[2m | 
components/Verification.test.tsx[2m > 
[22m[2mCandidate Features Verification[2m > 
[22m[2mCandidateDetail: Should allow editing 
School, Height, Weight in Edit Mode
[22m[39mThe above error occurred in the 
<CandidateDetail> component:

    at CandidateDetail 
(C:/Users/user/Downloads/Antigravity Projects/cadi
tare-profile-done/components/CandidateDetail.tsx:2
6:53)
    at RenderedRoute 
(C:\Users\user\Downloads\Antigravity Projects\cadi
tare-profile-done\node_modules\react-router\dist\u
md\react-router.development.js:539:7)
    at Routes 
(C:\Users\user\Downloads\Antigravity Projects\cadi
tare-profile-done\node_modules\react-router\dist\u
md\react-router.development.js:1229:7)
    at Router 
(C:\Users\user\Downloads\Antigravity Projects\cadi
tare-profile-done\node_modules\react-router\dist\u
md\react-router.development.js:1163:17)
    at MemoryRouter 
(C:\Users\user\Downloads\Antigravity Projects\cadi
tare-profile-done\node_modules\react-router\dist\u
md\react-router.development.js:1058:7)

Consider adding an error boundary to your tree to 
customize error handling behavior.
Visit https://reactjs.org/link/error-boundaries 
to learn more about error boundaries.

ReferenceError: handleStageChange is not defined
    at CandidateDetail 
(C:/Users/user/Downloads/Antigravity Projects/cadi
tare-profile-done/components/CandidateDetail.tsx:1
367:29)
    at renderWithHooks 
(C:\Users\user\Downloads\Antigravity Projects\cadi
tare-profile-done\node_modules\react-dom\cjs\react
-dom.development.js:15486:18)
    at updateFunctionComponent 
(C:\Users\user\Downloads\Antigravity Projects\cadi
tare-profile-done\node_modules\react-dom\cjs\react
-dom.development.js:19617:20)
    at beginWork 
(C:\Users\user\Downloads\Antigravity Projects\cadi
tare-profile-done\node_modules\react-dom\cjs\react
-dom.development.js:21640:16)
    at HTMLUnknownElement.callCallback 
(C:\Users\user\Downloads\Antigravity Projects\cadi
tare-profile-done\node_modules\react-dom\cjs\react
-dom.development.js:4164:14)
    at 
HTMLUnknownElement.callTheUserObjectsOperation 
(C:\Users\user\Downloads\Antigravity Projects\cadi
tare-profile-done\node_modules\jsdom\lib\jsdom\liv
ing\generated\EventListener.js:26:30)
    at innerInvokeEventListeners 
(C:\Users\user\Downloads\Antigravity Projects\cadi
tare-profile-done\node_modules\jsdom\lib\jsdom\liv
ing\events\EventTarget-impl.js:360:16)
    at invokeEventListeners 
(C:\Users\user\Downloads\Antigravity Projects\cadi
tare-profile-done\node_modules\jsdom\lib\jsdom\liv
ing\events\EventTarget-impl.js:296:3)
    at HTMLUnknownElementImpl._dispatch 
(C:\Users\user\Downloads\Antigravity Projects\cadi
tare-profile-done\node_modules\jsdom\lib\jsdom\liv
ing\events\EventTarget-impl.js:243:9)
    at HTMLUnknownElementImpl.dispatchEvent 
(C:\Users\user\Downloads\Antigravity Projects\cadi
tare-profile-done\node_modules\jsdom\lib\jsdom\liv
ing\events\EventTarget-impl.js:114:17)
ReferenceError: handleStageChange is not defined
    at CandidateDetail 
(C:/Users/user/Downloads/Antigravity Projects/cadi
tare-profile-done/components/CandidateDetail.tsx:1
367:29)
    at renderWithHooks 
(C:\Users\user\Downloads\Antigravity Projects\cadi
tare-profile-done\node_modules\react-dom\cjs\react
-dom.development.js:15486:18)
    at updateFunctionComponent 
(C:\Users\user\Downloads\Antigravity Projects\cadi
tare-profile-done\node_modules\react-dom\cjs\react
-dom.development.js:19617:20)
    at beginWork 
(C:\Users\user\Downloads\Antigravity Projects\cadi
tare-profile-done\node_modules\react-dom\cjs\react
-dom.development.js:21640:16)
    at HTMLUnknownElement.callCallback 
(C:\Users\user\Downloads\Antigravity Projects\cadi
tare-profile-done\node_modules\react-dom\cjs\react
-dom.development.js:4164:14)
    at 
HTMLUnknownElement.callTheUserObjectsOperation 
(C:\Users\user\Downloads\Antigravity Projects\cadi
tare-profile-done\node_modules\jsdom\lib\jsdom\liv
ing\generated\EventListener.js:26:30)
    at innerInvokeEventListeners 
(C:\Users\user\Downloads\Antigravity Projects\cadi
tare-profile-done\node_modules\jsdom\lib\jsdom\liv
ing\events\EventTarget-impl.js:360:16)
    at invokeEventListeners 
(C:\Users\user\Downloads\Antigravity Projects\cadi
tare-profile-done\node_modules\jsdom\lib\jsdom\liv
ing\events\EventTarget-impl.js:296:3)
    at HTMLUnknownElementImpl._dispatch 
(C:\Users\user\Downloads\Antigravity Projects\cadi
tare-profile-done\node_modules\jsdom\lib\jsdom\liv
ing\events\EventTarget-impl.js:243:9)
    at HTMLUnknownElementImpl.dispatchEvent 
(C:\Users\user\Downloads\Antigravity Projects\cadi
tare-profile-done\node_modules\jsdom\lib\jsdom\liv
ing\events\EventTarget-impl.js:114:17)
[90mstderr[2m | 
components/Verification.test.tsx[2m > 
[22m[2mCandidate Features Verification[2m > 
[22m[2mCandidateDetail: Should block stage 
advance if requirements not met
[22m[39mThe above error occurred in the 
<CandidateDetail> component:

    at CandidateDetail 
(C:/Users/user/Downloads/Antigravity Projects/cadi
tare-profile-done/components/CandidateDetail.tsx:2
6:53)
    at RenderedRoute 
(C:\Users\user\Downloads\Antigravity Projects\cadi
tare-profile-done\node_modules\react-router\dist\u
md\react-router.development.js:539:7)
    at Routes 
(C:\Users\user\Downloads\Antigravity Projects\cadi
tare-profile-done\node_modules\react-router\dist\u
md\react-router.development.js:1229:7)
    at Router 
(C:\Users\user\Downloads\Antigravity Projects\cadi
tare-profile-done\node_modules\react-router\dist\u
md\react-router.development.js:1163:17)
    at MemoryRouter 
(C:\Users\user\Downloads\Antigravity Projects\cadi
tare-profile-done\node_modules\react-router\dist\u
md\react-router.development.js:1058:7)

Consider adding an error boundary to your tree to 
customize error handling behavior.
Visit https://reactjs.org/link/error-boundaries 
to learn more about error boundaries.

 [31mΓ¥»[39m components/Verification.test.tsx [2m([22m[2m3 tests[22m[2m | [22m[31m3 failed[39m[2m)[22m[32m 125[2mms[22m[39m
[31m     [31m├ù[31m CandidateDetail: Should display all 5 Digital Form Sections in View Mode[39m[32m 102[2mms[22m[39m
[31m     [31m├ù[31m CandidateDetail: Should allow editing School, Height, Weight in Edit Mode[39m[32m 11[2mms[22m[39m
[31m     [31m├ù[31m CandidateDetail: Should block stage advance if requirements not met[39m[32m 11[2mms[22m[39m

[31mΓÄ»ΓÄ»ΓÄ»ΓÄ»ΓÄ»ΓÄ»ΓÄ»[39m[1m[41m Failed 
Tests 3 [49m[22m[31mΓÄ»ΓÄ»ΓÄ»ΓÄ»ΓÄ»ΓÄ»ΓÄ»[39m

[41m[1m FAIL [22m[49m 
components/Verification.test.tsx[2m > 
[22mCandidate Features Verification[2m > 
[22mCandidateDetail: Should display all 5 
Digital Form Sections in View Mode
[41m[1m FAIL [22m[49m 
components/Verification.test.tsx[2m > 
[22mCandidate Features Verification[2m > 
[22mCandidateDetail: Should allow editing 
School, Height, Weight in Edit Mode
[41m[1m FAIL [22m[49m 
components/Verification.test.tsx[2m > 
[22mCandidate Features Verification[2m > 
[22mCandidateDetail: Should block stage advance 
if requirements not met
[31m[1mReferenceError[22m: handleStageChange 
is not defined[39m
[36m [2mΓ¥»[22m CandidateDetail components/Cand
idateDetail.tsx:[2m1367:29[22m[39m
    [90m1365| [39m            
[33m<[39m[33mWorkflowProgressWidget[39m
    [90m1366| [39m              [33mcandidate[
39m[33m=[39m[33m{[39mcandidate[33m}[39m
    [90m1367| [39m              [33monStageClic
k[39m[33m=[39m[33m{[39mhandleStageChange[33m
}[39m
    [90m   | [39m                            
[31m^[39m
    [90m1368| [39m            
[33m/[39m[33m>[39m
    [90m1369| [39m            
<RecentActivityWidget candidate={candidate} 
onViewAll={() ΓÇª
[90m [2mΓ¥»[22m renderWithHooks node_modules/re
act-dom/cjs/react-dom.development.js:[2m15486:18
[22m[39m
[90m [2mΓ¥»[22m updateFunctionComponent node_mo
dules/react-dom/cjs/react-dom.development.js:[2m1
9617:20[22m[39m
[90m [2mΓ¥»[22m beginWork node_modules/react-do
m/cjs/react-dom.development.js:[2m21640:16[22m[
39m
[90m [2mΓ¥»[22m beginWork$1 node_modules/react-
dom/cjs/react-dom.development.js:[2m27465:14[22m
[39m
[90m [2mΓ¥»[22m performUnitOfWork node_modules/
react-dom/cjs/react-dom.development.js:[2m26599:1
2[22m[39m
[90m [2mΓ¥»[22m workLoopSync node_modules/react
-dom/cjs/react-dom.development.js:[2m26505:5[22m
[39m
[90m [2mΓ¥»[22m renderRootSync node_modules/rea
ct-dom/cjs/react-dom.development.js:[2m26473:7[2
2m[39m
[90m [2mΓ¥»[22m recoverFromConcurrentError node
_modules/react-dom/cjs/react-dom.development.js:[
2m25889:20[22m[39m
[90m [2mΓ¥»[22m performConcurrentWorkOnRoot nod
e_modules/react-dom/cjs/react-dom.development.js:
[2m25789:22[22m[39m

[31m[2mΓÄ»ΓÄ»ΓÄ»ΓÄ»ΓÄ»ΓÄ»ΓÄ»ΓÄ»ΓÄ»ΓÄ»ΓÄ»ΓÄ»ΓÄ»ΓÄ
»ΓÄ»ΓÄ»ΓÄ»ΓÄ»ΓÄ»ΓÄ»ΓÄ»ΓÄ»ΓÄ»ΓÄ»[1/3]ΓÄ»[22m[39m


[2m Test Files [22m [1m[31m1 failed[39m[22m[90m (1)[39m
[2m      Tests [22m [1m[31m3 failed[39m[22m[90m (3)[39m
[2m   Start at [22m 16:08:26
[2m   Duration [22m 1.87s

[1m[41m FAIL [49m[22m [31mTests failed. Watching for file changes...[39m
       [2mpress [22m[1mh[22m[2m to show help[22m[2m, [22m[2mpress [22m[1mq[22m[2m to quit[22m
c[3J[1m[44m RERUN [49m[22m [34m[2mcomponents/Verification.test.tsx [22m[34mx24 [34m[39m
       [2m Filename pattern: [22m[34mcomponents/Verification.test.tsx[39m

ReferenceError: handleStageChange is not defined
    at CandidateDetail 
(C:/Users/user/Downloads/Antigravity Projects/cadi
tare-profile-done/components/CandidateDetail.tsx:1
367:29)
    at renderWithHooks 
(C:\Users\user\Downloads\Antigravity Projects\cadi
tare-profile-done\node_modules\react-dom\cjs\react
-dom.development.js:15486:18)
    at updateFunctionComponent 
(C:\Users\user\Downloads\Antigravity Projects\cadi
tare-profile-done\node_modules\react-dom\cjs\react
-dom.development.js:19617:20)
    at beginWork 
(C:\Users\user\Downloads\Antigravity Projects\cadi
tare-profile-done\node_modules\react-dom\cjs\react
-dom.development.js:21640:16)
    at HTMLUnknownElement.callCallback 
(C:\Users\user\Downloads\Antigravity Projects\cadi
tare-profile-done\node_modules\react-dom\cjs\react
-dom.development.js:4164:14)
    at 
HTMLUnknownElement.callTheUserObjectsOperation 
(C:\Users\user\Downloads\Antigravity Projects\cadi
tare-profile-done\node_modules\jsdom\lib\jsdom\liv
ing\generated\EventListener.js:26:30)
    at innerInvokeEventListeners 
(C:\Users\user\Downloads\Antigravity Projects\cadi
tare-profile-done\node_modules\jsdom\lib\jsdom\liv
ing\events\EventTarget-impl.js:360:16)
    at invokeEventListeners 
(C:\Users\user\Downloads\Antigravity Projects\cadi
tare-profile-done\node_modules\jsdom\lib\jsdom\liv
ing\events\EventTarget-impl.js:296:3)
    at HTMLUnknownElementImpl._dispatch 
(C:\Users\user\Downloads\Antigravity Projects\cadi
tare-profile-done\node_modules\jsdom\lib\jsdom\liv
ing\events\EventTarget-impl.js:243:9)
    at HTMLUnknownElementImpl.dispatchEvent 
(C:\Users\user\Downloads\Antigravity Projects\cadi
tare-profile-done\node_modules\jsdom\lib\jsdom\liv
ing\events\EventTarget-impl.js:114:17)
ReferenceError: handleStageChange is not defined
    at CandidateDetail 
(C:/Users/user/Downloads/Antigravity Projects/cadi
tare-profile-done/components/CandidateDetail.tsx:1
367:29)
    at renderWithHooks 
(C:\Users\user\Downloads\Antigravity Projects\cadi
tare-profile-done\node_modules\react-dom\cjs\react
-dom.development.js:15486:18)
    at updateFunctionComponent 
(C:\Users\user\Downloads\Antigravity Projects\cadi
tare-profile-done\node_modules\react-dom\cjs\react
-dom.development.js:19617:20)
    at beginWork 
(C:\Users\user\Downloads\Antigravity Projects\cadi
tare-profile-done\node_modules\react-dom\cjs\react
-dom.development.js:21640:16)
    at HTMLUnknownElement.callCallback 
(C:\Users\user\Downloads\Antigravity Projects\cadi
tare-profile-done\node_modules\react-dom\cjs\react
-dom.development.js:4164:14)
    at 
HTMLUnknownElement.callTheUserObjectsOperation 
(C:\Users\user\Downloads\Antigravity Projects\cadi
tare-profile-done\node_modules\jsdom\lib\jsdom\liv
ing\generated\EventListener.js:26:30)
    at innerInvokeEventListeners 
(C:\Users\user\Downloads\Antigravity Projects\cadi
tare-profile-done\node_modules\jsdom\lib\jsdom\liv
ing\events\EventTarget-impl.js:360:16)
    at invokeEventListeners 
(C:\Users\user\Downloads\Antigravity Projects\cadi
tare-profile-done\node_modules\jsdom\lib\jsdom\liv
ing\events\EventTarget-impl.js:296:3)
    at HTMLUnknownElementImpl._dispatch 
(C:\Users\user\Downloads\Antigravity Projects\cadi
tare-profile-done\node_modules\jsdom\lib\jsdom\liv
ing\events\EventTarget-impl.js:243:9)
    at HTMLUnknownElementImpl.dispatchEvent 
(C:\Users\user\Downloads\Antigravity Projects\cadi
tare-profile-done\node_modules\jsdom\lib\jsdom\liv
ing\events\EventTarget-impl.js:114:17)
[90mstderr[2m | 
components/Verification.test.tsx[2m > 
[22m[2mCandidate Features Verification[2m > 
[22m[2mCandidateDetail: Should display all 5 
Digital Form Sections in View Mode
[22m[39mThe above error occurred in the 
<CandidateDetail> component:

    at CandidateDetail 
(C:/Users/user/Downloads/Antigravity Projects/cadi
tare-profile-done/components/CandidateDetail.tsx:2
6:53)
    at RenderedRoute 
(C:\Users\user\Downloads\Antigravity Projects\cadi
tare-profile-done\node_modules\react-router\dist\u
md\react-router.development.js:539:7)
    at Routes 
(C:\Users\user\Downloads\Antigravity Projects\cadi
tare-profile-done\node_modules\react-router\dist\u
md\react-router.development.js:1229:7)
    at Router 
(C:\Users\user\Downloads\Antigravity Projects\cadi
tare-profile-done\node_modules\react-router\dist\u
md\react-router.development.js:1163:17)
    at MemoryRouter 
(C:\Users\user\Downloads\Antigravity Projects\cadi
tare-profile-done\node_modules\react-router\dist\u
md\react-router.development.js:1058:7)

Consider adding an error boundary to your tree to 
customize error handling behavior.
Visit https://reactjs.org/link/error-boundaries 
to learn more about error boundaries.

ReferenceError: handleStageChange is not defined
    at CandidateDetail 
(C:/Users/user/Downloads/Antigravity Projects/cadi
tare-profile-done/components/CandidateDetail.tsx:1
367:29)
    at renderWithHooks 
(C:\Users\user\Downloads\Antigravity Projects\cadi
tare-profile-done\node_modules\react-dom\cjs\react
-dom.development.js:15486:18)
    at updateFunctionComponent 
(C:\Users\user\Downloads\Antigravity Projects\cadi
tare-profile-done\node_modules\react-dom\cjs\react
-dom.development.js:19617:20)
    at beginWork 
(C:\Users\user\Downloads\Antigravity Projects\cadi
tare-profile-done\node_modules\react-dom\cjs\react
-dom.development.js:21640:16)
    at HTMLUnknownElement.callCallback 
(C:\Users\user\Downloads\Antigravity Projects\cadi
tare-profile-done\node_modules\react-dom\cjs\react
-dom.development.js:4164:14)
    at 
HTMLUnknownElement.callTheUserObjectsOperation 
(C:\Users\user\Downloads\Antigravity Projects\cadi
tare-profile-done\node_modules\jsdom\lib\jsdom\liv
ing\generated\EventListener.js:26:30)
    at innerInvokeEventListeners 
(C:\Users\user\Downloads\Antigravity Projects\cadi
tare-profile-done\node_modules\jsdom\lib\jsdom\liv
ing\events\EventTarget-impl.js:360:16)
    at invokeEventListeners 
(C:\Users\user\Downloads\Antigravity Projects\cadi
tare-profile-done\node_modules\jsdom\lib\jsdom\liv
ing\events\EventTarget-impl.js:296:3)
    at HTMLUnknownElementImpl._dispatch 
(C:\Users\user\Downloads\Antigravity Projects\cadi
tare-profile-done\node_modules\jsdom\lib\jsdom\liv
ing\events\EventTarget-impl.js:243:9)
    at HTMLUnknownElementImpl.dispatchEvent 
(C:\Users\user\Downloads\Antigravity Projects\cadi
tare-profile-done\node_modules\jsdom\lib\jsdom\liv
ing\events\EventTarget-impl.js:114:17)
ReferenceError: handleStageChange is not defined
    at CandidateDetail 
(C:/Users/user/Downloads/Antigravity Projects/cadi
tare-profile-done/components/CandidateDetail.tsx:1
367:29)
    at renderWithHooks 
(C:\Users\user\Downloads\Antigravity Projects\cadi
tare-profile-done\node_modules\react-dom\cjs\react
-dom.development.js:15486:18)
    at updateFunctionComponent 
(C:\Users\user\Downloads\Antigravity Projects\cadi
tare-profile-done\node_modules\react-dom\cjs\react
-dom.development.js:19617:20)
    at beginWork 
(C:\Users\user\Downloads\Antigravity Projects\cadi
tare-profile-done\node_modules\react-dom\cjs\react
-dom.development.js:21640:16)
    at HTMLUnknownElement.callCallback 
(C:\Users\user\Downloads\Antigravity Projects\cadi
tare-profile-done\node_modules\react-dom\cjs\react
-dom.development.js:4164:14)
    at 
HTMLUnknownElement.callTheUserObjectsOperation 
(C:\Users\user\Downloads\Antigravity Projects\cadi
tare-profile-done\node_modules\jsdom\lib\jsdom\liv
ing\generated\EventListener.js:26:30)
    at innerInvokeEventListeners 
(C:\Users\user\Downloads\Antigravity Projects\cadi
tare-profile-done\node_modules\jsdom\lib\jsdom\liv
ing\events\EventTarget-impl.js:360:16)
    at invokeEventListeners 
(C:\Users\user\Downloads\Antigravity Projects\cadi
tare-profile-done\node_modules\jsdom\lib\jsdom\liv
ing\events\EventTarget-impl.js:296:3)
    at HTMLUnknownElementImpl._dispatch 
(C:\Users\user\Downloads\Antigravity Projects\cadi
tare-profile-done\node_modules\jsdom\lib\jsdom\liv
ing\events\EventTarget-impl.js:243:9)
    at HTMLUnknownElementImpl.dispatchEvent 
(C:\Users\user\Downloads\Antigravity Projects\cadi
tare-profile-done\node_modules\jsdom\lib\jsdom\liv
ing\events\EventTarget-impl.js:114:17)
[90mstderr[2m | 
components/Verification.test.tsx[2m > 
[22m[2mCandidate Features Verification[2m > 
[22m[2mCandidateDetail: Should allow editing 
School, Height, Weight in Edit Mode
[22m[39mThe above error occurred in the 
<CandidateDetail> component:

    at CandidateDetail 
(C:/Users/user/Downloads/Antigravity Projects/cadi
tare-profile-done/components/CandidateDetail.tsx:2
6:53)
    at RenderedRoute 
(C:\Users\user\Downloads\Antigravity Projects\cadi
tare-profile-done\node_modules\react-router\dist\u
md\react-router.development.js:539:7)
    at Routes 
(C:\Users\user\Downloads\Antigravity Projects\cadi
tare-profile-done\node_modules\react-router\dist\u
md\react-router.development.js:1229:7)
    at Router 
(C:\Users\user\Downloads\Antigravity Projects\cadi
tare-profile-done\node_modules\react-router\dist\u
md\react-router.development.js:1163:17)
    at MemoryRouter 
(C:\Users\user\Downloads\Antigravity Projects\cadi
tare-profile-done\node_modules\react-router\dist\u
md\react-router.development.js:1058:7)

Consider adding an error boundary to your tree to 
customize error handling behavior.
Visit https://reactjs.org/link/error-boundaries 
to learn more about error boundaries.

ReferenceError: handleStageChange is not defined
    at CandidateDetail 
(C:/Users/user/Downloads/Antigravity Projects/cadi
tare-profile-done/components/CandidateDetail.tsx:1
367:29)
    at renderWithHooks 
(C:\Users\user\Downloads\Antigravity Projects\cadi
tare-profile-done\node_modules\react-dom\cjs\react
-dom.development.js:15486:18)
    at updateFunctionComponent 
(C:\Users\user\Downloads\Antigravity Projects\cadi
tare-profile-done\node_modules\react-dom\cjs\react
-dom.development.js:19617:20)
    at beginWork 
(C:\Users\user\Downloads\Antigravity Projects\cadi
tare-profile-done\node_modules\react-dom\cjs\react
-dom.development.js:21640:16)
    at HTMLUnknownElement.callCallback 
(C:\Users\user\Downloads\Antigravity Projects\cadi
tare-profile-done\node_modules\react-dom\cjs\react
-dom.development.js:4164:14)
    at 
HTMLUnknownElement.callTheUserObjectsOperation 
(C:\Users\user\Downloads\Antigravity Projects\cadi
tare-profile-done\node_modules\jsdom\lib\jsdom\liv
ing\generated\EventListener.js:26:30)
    at innerInvokeEventListeners 
(C:\Users\user\Downloads\Antigravity Projects\cadi
tare-profile-done\node_modules\jsdom\lib\jsdom\liv
ing\events\EventTarget-impl.js:360:16)
    at invokeEventListeners 
(C:\Users\user\Downloads\Antigravity Projects\cadi
tare-profile-done\node_modules\jsdom\lib\jsdom\liv
ing\events\EventTarget-impl.js:296:3)
    at HTMLUnknownElementImpl._dispatch 
(C:\Users\user\Downloads\Antigravity Projects\cadi
tare-profile-done\node_modules\jsdom\lib\jsdom\liv
ing\events\EventTarget-impl.js:243:9)
    at HTMLUnknownElementImpl.dispatchEvent 
(C:\Users\user\Downloads\Antigravity Projects\cadi
tare-profile-done\node_modules\jsdom\lib\jsdom\liv
ing\events\EventTarget-impl.js:114:17)
ReferenceError: handleStageChange is not defined
    at CandidateDetail 
(C:/Users/user/Downloads/Antigravity Projects/cadi
tare-profile-done/components/CandidateDetail.tsx:1
367:29)
    at renderWithHooks 
(C:\Users\user\Downloads\Antigravity Projects\cadi
tare-profile-done\node_modules\react-dom\cjs\react
-dom.development.js:15486:18)
    at updateFunctionComponent 
(C:\Users\user\Downloads\Antigravity Projects\cadi
tare-profile-done\node_modules\react-dom\cjs\react
-dom.development.js:19617:20)
    at beginWork 
(C:\Users\user\Downloads\Antigravity Projects\cadi
tare-profile-done\node_modules\react-dom\cjs\react
-dom.development.js:21640:16)
    at HTMLUnknownElement.callCallback 
(C:\Users\user\Downloads\Antigravity Projects\cadi
tare-profile-done\node_modules\react-dom\cjs\react
-dom.development.js:4164:14)
    at 
HTMLUnknownElement.callTheUserObjectsOperation 
(C:\Users\user\Downloads\Antigravity Projects\cadi
tare-profile-done\node_modules\jsdom\lib\jsdom\liv
ing\generated\EventListener.js:26:30)
    at innerInvokeEventListeners 
(C:\Users\user\Downloads\Antigravity Projects\cadi
tare-profile-done\node_modules\jsdom\lib\jsdom\liv
ing\events\EventTarget-impl.js:360:16)
    at invokeEventListeners 
(C:\Users\user\Downloads\Antigravity Projects\cadi
tare-profile-done\node_modules\jsdom\lib\jsdom\liv
ing\events\EventTarget-impl.js:296:3)
    at HTMLUnknownElementImpl._dispatch 
(C:\Users\user\Downloads\Antigravity Projects\cadi
tare-profile-done\node_modules\jsdom\lib\jsdom\liv
ing\events\EventTarget-impl.js:243:9)
    at HTMLUnknownElementImpl.dispatchEvent 
(C:\Users\user\Downloads\Antigravity Projects\cadi
tare-profile-done\node_modules\jsdom\lib\jsdom\liv
ing\events\EventTarget-impl.js:114:17)
[90mstderr[2m | 
components/Verification.test.tsx[2m > 
[22m[2mCandidate Features Verification[2m > 
[22m[2mCandidateDetail: Should block stage 
advance if requirements not met
[22m[39mThe above error occurred in the 
<CandidateDetail> component:

    at CandidateDetail 
(C:/Users/user/Downloads/Antigravity Projects/cadi
tare-profile-done/components/CandidateDetail.tsx:2
6:53)
    at RenderedRoute 
(C:\Users\user\Downloads\Antigravity Projects\cadi
tare-profile-done\node_modules\react-router\dist\u
md\react-router.development.js:539:7)
    at Routes 
(C:\Users\user\Downloads\Antigravity Projects\cadi
tare-profile-done\node_modules\react-router\dist\u
md\react-router.development.js:1229:7)
    at Router 
(C:\Users\user\Downloads\Antigravity Projects\cadi
tare-profile-done\node_modules\react-router\dist\u
md\react-router.development.js:1163:17)
    at MemoryRouter 
(C:\Users\user\Downloads\Antigravity Projects\cadi
tare-profile-done\node_modules\react-router\dist\u
md\react-router.development.js:1058:7)

Consider adding an error boundary to your tree to 
customize error handling behavior.
Visit https://reactjs.org/link/error-boundaries 
to learn more about error boundaries.

 [31mΓ¥»[39m components/Verification.test.tsx [2m([22m[2m3 tests[22m[2m | [22m[31m3 failed[39m[2m)[22m[32m 106[2mms[22m[39m
[31m     [31m├ù[31m CandidateDetail: Should display all 5 Digital Form Sections in View Mode[39m[32m 84[2mms[22m[39m
[31m     [31m├ù[31m CandidateDetail: Should allow editing School, Height, Weight in Edit Mode[39m[32m 9[2mms[22m[39m
[31m     [31m├ù[31m CandidateDetail: Should block stage advance if requirements not met[39m[32m 10[2mms[22m[39m

[31mΓÄ»ΓÄ»ΓÄ»ΓÄ»ΓÄ»ΓÄ»ΓÄ»[39m[1m[41m Failed 
Tests 3 [49m[22m[31mΓÄ»ΓÄ»ΓÄ»ΓÄ»ΓÄ»ΓÄ»ΓÄ»[39m

[41m[1m FAIL [22m[49m 
components/Verification.test.tsx[2m > 
[22mCandidate Features Verification[2m > 
[22mCandidateDetail: Should display all 5 
Digital Form Sections in View Mode
[41m[1m FAIL [22m[49m 
components/Verification.test.tsx[2m > 
[22mCandidate Features Verification[2m > 
[22mCandidateDetail: Should allow editing 
School, Height, Weight in Edit Mode
[41m[1m FAIL [22m[49m 
components/Verification.test.tsx[2m > 
[22mCandidate Features Verification[2m > 
[22mCandidateDetail: Should block stage advance 
if requirements not met
[31m[1mReferenceError[22m: handleStageChange 
is not defined[39m
[36m [2mΓ¥»[22m CandidateDetail components/Cand
idateDetail.tsx:[2m1367:29[22m[39m
    [90m1365| [39m            
[33m<[39m[33mWorkflowProgressWidget[39m
    [90m1366| [39m              [33mcandidate[
39m[33m=[39m[33m{[39mcandidate[33m}[39m
    [90m1367| [39m              [33monStageClic
k[39m[33m=[39m[33m{[39mhandleStageChange[33m
}[39m
    [90m   | [39m                            
[31m^[39m
    [90m1368| [39m            
[33m/[39m[33m>[39m
    [90m1369| [39m            
<RecentActivityWidget candidate={candidate} 
onViewAll={() ΓÇª
[90m [2mΓ¥»[22m renderWithHooks node_modules/re
act-dom/cjs/react-dom.development.js:[2m15486:18
[22m[39m
[90m [2mΓ¥»[22m updateFunctionComponent node_mo
dules/react-dom/cjs/react-dom.development.js:[2m1
9617:20[22m[39m
[90m [2mΓ¥»[22m beginWork node_modules/react-do
m/cjs/react-dom.development.js:[2m21640:16[22m[
39m
[90m [2mΓ¥»[22m beginWork$1 node_modules/react-
dom/cjs/react-dom.development.js:[2m27465:14[22m
[39m
[90m [2mΓ¥»[22m performUnitOfWork node_modules/
react-dom/cjs/react-dom.development.js:[2m26599:1
2[22m[39m
[90m [2mΓ¥»[22m workLoopSync node_modules/react
-dom/cjs/react-dom.development.js:[2m26505:5[22m
[39m
[90m [2mΓ¥»[22m renderRootSync node_modules/rea
ct-dom/cjs/react-dom.development.js:[2m26473:7[2
2m[39m
[90m [2mΓ¥»[22m recoverFromConcurrentError node
_modules/react-dom/cjs/react-dom.development.js:[
2m25889:20[22m[39m
[90m [2mΓ¥»[22m performConcurrentWorkOnRoot nod
e_modules/react-dom/cjs/react-dom.development.js:
[2m25789:22[22m[39m

[31m[2mΓÄ»ΓÄ»ΓÄ»ΓÄ»ΓÄ»ΓÄ»ΓÄ»ΓÄ»ΓÄ»ΓÄ»ΓÄ»ΓÄ»ΓÄ»ΓÄ
»ΓÄ»ΓÄ»ΓÄ»ΓÄ»ΓÄ»ΓÄ»ΓÄ»ΓÄ»ΓÄ»ΓÄ»[1/3]ΓÄ»[22m[39m


[2m Test Files [22m [1m[31m1 failed[39m[22m[90m (1)[39m
[2m      Tests [22m [1m[31m3 failed[39m[22m[90m (3)[39m
[2m   Start at [22m 16:09:35
[2m   Duration [22m 2.91s

[1m[41m FAIL [49m[22m [31mTests failed. Watching for file changes...[39m
       [2mpress [22m[1mh[22m[2m to show help[22m[2m, [22m[2mpress [22m[1mq[22m[2m to quit[22m
c[3J[1m[44m RERUN [49m[22m [34m[2mcomponents/Verification.test.tsx [22m[34mx25 [34m[39m
       [2m Filename pattern: [22m[34mcomponents/Verification.test.tsx[39m

 [32mΓ£ô[39m components/Verification.test.tsx [2m([22m[2m1 test[22m[2m)[22m[32m 4[2mms[22m[39m

[2m Test Files [22m [1m[32m1 passed[39m[22m[90m (1)[39m
[2m      Tests [22m [1m[32m1 passed[39m[22m[90m (1)[39m
[2m   Start at [22m 16:10:22
[2m   Duration [22m 1.45s

[1m[42m PASS [49m[22m [32mWaiting for file changes...[39m
       [2mpress [22m[1mh[22m[2m to show help[22m[2m, [22m[2mpress [22m[1mq[22m[2m to quit[22m
c[3J[1m[44m RERUN [49m[22m [34m[2mcomponents/Verification.test.tsx [22m[34mx26 [34m[39m
       [2m Filename pattern: [22m[34mcomponents/Verification.test.tsx[39m

ReferenceError: handleStageChange is not defined
    at CandidateDetail 
(C:/Users/user/Downloads/Antigravity Projects/cadi
tare-profile-done/components/CandidateDetail.tsx:1
367:29)
    at renderWithHooks 
(C:\Users\user\Downloads\Antigravity Projects\cadi
tare-profile-done\node_modules\react-dom\cjs\react
-dom.development.js:15486:18)
    at updateFunctionComponent 
(C:\Users\user\Downloads\Antigravity Projects\cadi
tare-profile-done\node_modules\react-dom\cjs\react
-dom.development.js:19617:20)
    at beginWork 
(C:\Users\user\Downloads\Antigravity Projects\cadi
tare-profile-done\node_modules\react-dom\cjs\react
-dom.development.js:21640:16)
    at HTMLUnknownElement.callCallback 
(C:\Users\user\Downloads\Antigravity Projects\cadi
tare-profile-done\node_modules\react-dom\cjs\react
-dom.development.js:4164:14)
    at 
HTMLUnknownElement.callTheUserObjectsOperation 
(C:\Users\user\Downloads\Antigravity Projects\cadi
tare-profile-done\node_modules\jsdom\lib\jsdom\liv
ing\generated\EventListener.js:26:30)
    at innerInvokeEventListeners 
(C:\Users\user\Downloads\Antigravity Projects\cadi
tare-profile-done\node_modules\jsdom\lib\jsdom\liv
ing\events\EventTarget-impl.js:360:16)
    at invokeEventListeners 
(C:\Users\user\Downloads\Antigravity Projects\cadi
tare-profile-done\node_modules\jsdom\lib\jsdom\liv
ing\events\EventTarget-impl.js:296:3)
    at HTMLUnknownElementImpl._dispatch 
(C:\Users\user\Downloads\Antigravity Projects\cadi
tare-profile-done\node_modules\jsdom\lib\jsdom\liv
ing\events\EventTarget-impl.js:243:9)
    at HTMLUnknownElementImpl.dispatchEvent 
(C:\Users\user\Downloads\Antigravity Projects\cadi
tare-profile-done\node_modules\jsdom\lib\jsdom\liv
ing\events\EventTarget-impl.js:114:17)
ReferenceError: handleStageChange is not defined
    at CandidateDetail 
(C:/Users/user/Downloads/Antigravity Projects/cadi
tare-profile-done/components/CandidateDetail.tsx:1
367:29)
    at renderWithHooks 
(C:\Users\user\Downloads\Antigravity Projects\cadi
tare-profile-done\node_modules\react-dom\cjs\react
-dom.development.js:15486:18)
    at updateFunctionComponent 
(C:\Users\user\Downloads\Antigravity Projects\cadi
tare-profile-done\node_modules\react-dom\cjs\react
-dom.development.js:19617:20)
    at beginWork 
(C:\Users\user\Downloads\Antigravity Projects\cadi
tare-profile-done\node_modules\react-dom\cjs\react
-dom.development.js:21640:16)
    at HTMLUnknownElement.callCallback 
(C:\Users\user\Downloads\Antigravity Projects\cadi
tare-profile-done\node_modules\react-dom\cjs\react
-dom.development.js:4164:14)
    at 
HTMLUnknownElement.callTheUserObjectsOperation 
(C:\Users\user\Downloads\Antigravity Projects\cadi
tare-profile-done\node_modules\jsdom\lib\jsdom\liv
ing\generated\EventListener.js:26:30)
    at innerInvokeEventListeners 
(C:\Users\user\Downloads\Antigravity Projects\cadi
tare-profile-done\node_modules\jsdom\lib\jsdom\liv
ing\events\EventTarget-impl.js:360:16)
    at invokeEventListeners 
(C:\Users\user\Downloads\Antigravity Projects\cadi
tare-profile-done\node_modules\jsdom\lib\jsdom\liv
ing\events\EventTarget-impl.js:296:3)
    at HTMLUnknownElementImpl._dispatch 
(C:\Users\user\Downloads\Antigravity Projects\cadi
tare-profile-done\node_modules\jsdom\lib\jsdom\liv
ing\events\EventTarget-impl.js:243:9)
    at HTMLUnknownElementImpl.dispatchEvent 
(C:\Users\user\Downloads\Antigravity Projects\cadi
tare-profile-done\node_modules\jsdom\lib\jsdom\liv
ing\events\EventTarget-impl.js:114:17)
[90mstderr[2m | 
components/Verification.test.tsx[2m > 
[22m[2mCandidate Features Verification[2m > 
[22m[2mCandidateDetail: Should block stage 
advance if requirements not met
[22m[39mThe above error occurred in the 
<CandidateDetail> component:

    at CandidateDetail 
(C:/Users/user/Downloads/Antigravity Projects/cadi
tare-profile-done/components/CandidateDetail.tsx:2
6:53)
    at RenderedRoute 
(C:\Users\user\Downloads\Antigravity Projects\cadi
tare-profile-done\node_modules\react-router\dist\u
md\react-router.development.js:539:7)
    at Routes 
(C:\Users\user\Downloads\Antigravity Projects\cadi
tare-profile-done\node_modules\react-router\dist\u
md\react-router.development.js:1229:7)
    at Router 
(C:\Users\user\Downloads\Antigravity Projects\cadi
tare-profile-done\node_modules\react-router\dist\u
md\react-router.development.js:1163:17)
    at MemoryRouter 
(C:\Users\user\Downloads\Antigravity Projects\cadi
tare-profile-done\node_modules\react-router\dist\u
md\react-router.development.js:1058:7)

Consider adding an error boundary to your tree to 
customize error handling behavior.
Visit https://reactjs.org/link/error-boundaries 
to learn more about error boundaries.

 [31mΓ¥»[39m components/Verification.test.tsx [2m([22m[2m1 test[22m[2m | [22m[31m1 failed[39m[2m)[22m[32m 57[2mms[22m[39m
[31m     [31m├ù[31m CandidateDetail: Should block stage advance if requirements not met[39m[32m 55[2mms[22m[39m

[31mΓÄ»ΓÄ»ΓÄ»ΓÄ»ΓÄ»ΓÄ»ΓÄ»[39m[1m[41m Failed 
Tests 1 [49m[22m[31mΓÄ»ΓÄ»ΓÄ»ΓÄ»ΓÄ»ΓÄ»ΓÄ»[39m

[41m[1m FAIL [22m[49m 
components/Verification.test.tsx[2m > 
[22mCandidate Features Verification[2m > 
[22mCandidateDetail: Should block stage advance 
if requirements not met
[31m[1mReferenceError[22m: handleStageChange 
is not defined[39m
[36m [2mΓ¥»[22m CandidateDetail components/Cand
idateDetail.tsx:[2m1367:29[22m[39m
    [90m1365| [39m            
[33m<[39m[33mWorkflowProgressWidget[39m
    [90m1366| [39m              [33mcandidate[
39m[33m=[39m[33m{[39mcandidate[33m}[39m
    [90m1367| [39m              [33monStageClic
k[39m[33m=[39m[33m{[39mhandleStageChange[33m
}[39m
    [90m   | [39m                            
[31m^[39m
    [90m1368| [39m            
[33m/[39m[33m>[39m
    [90m1369| [39m            
<RecentActivityWidget candidate={candidate} 
onViewAll={() ΓÇª
[90m [2mΓ¥»[22m renderWithHooks node_modules/re
act-dom/cjs/react-dom.development.js:[2m15486:18
[22m[39m
[90m [2mΓ¥»[22m updateFunctionComponent node_mo
dules/react-dom/cjs/react-dom.development.js:[2m1
9617:20[22m[39m
[90m [2mΓ¥»[22m beginWork node_modules/react-do
m/cjs/react-dom.development.js:[2m21640:16[22m[
39m
[90m [2mΓ¥»[22m beginWork$1 node_modules/react-
dom/cjs/react-dom.development.js:[2m27465:14[22m
[39m
[90m [2mΓ¥»[22m performUnitOfWork node_modules/
react-dom/cjs/react-dom.development.js:[2m26599:1
2[22m[39m
[90m [2mΓ¥»[22m workLoopSync node_modules/react
-dom/cjs/react-dom.development.js:[2m26505:5[22m
[39m
[90m [2mΓ¥»[22m renderRootSync node_modules/rea
ct-dom/cjs/react-dom.development.js:[2m26473:7[2
2m[39m
[90m [2mΓ¥»[22m recoverFromConcurrentError node
_modules/react-dom/cjs/react-dom.development.js:[
2m25889:20[22m[39m
[90m [2mΓ¥»[22m performConcurrentWorkOnRoot nod
e_modules/react-dom/cjs/react-dom.development.js:
[2m25789:22[22m[39m

[31m[2mΓÄ»ΓÄ»ΓÄ»ΓÄ»ΓÄ»ΓÄ»ΓÄ»ΓÄ»ΓÄ»ΓÄ»ΓÄ»ΓÄ»ΓÄ»ΓÄ
»ΓÄ»ΓÄ»ΓÄ»ΓÄ»ΓÄ»ΓÄ»ΓÄ»ΓÄ»ΓÄ»ΓÄ»[1/1]ΓÄ»[22m[39m


[2m Test Files [22m [1m[31m1 failed[39m[22m[90m (1)[39m
[2m      Tests [22m [1m[31m1 failed[39m[22m[90m (1)[39m
[2m   Start at [22m 16:11:00
[2m   Duration [22m 2.27s

[1m[41m FAIL [49m[22m [31mTests failed. Watching for file changes...[39m
       [2mpress [22m[1mh[22m[2m to show help[22m[2m, [22m[2mpress [22m[1mq[22m[2m to quit[22m
c[3J[1m[44m RERUN [49m[22m [34m[2mcomponents/Verification.test.tsx [22m[34mx27 [34m[39m
       [2m Filename pattern: [22m[34mcomponents/Verification.test.tsx[39m

ReferenceError: handleStageChange is not defined
    at CandidateDetail 
(C:/Users/user/Downloads/Antigravity Projects/cadi
tare-profile-done/components/CandidateDetail.tsx:1
367:29)
    at renderWithHooks 
(C:\Users\user\Downloads\Antigravity Projects\cadi
tare-profile-done\node_modules\react-dom\cjs\react
-dom.development.js:15486:18)
    at updateFunctionComponent 
(C:\Users\user\Downloads\Antigravity Projects\cadi
tare-profile-done\node_modules\react-dom\cjs\react
-dom.development.js:19617:20)
    at beginWork 
(C:\Users\user\Downloads\Antigravity Projects\cadi
tare-profile-done\node_modules\react-dom\cjs\react
-dom.development.js:21640:16)
    at HTMLUnknownElement.callCallback 
(C:\Users\user\Downloads\Antigravity Projects\cadi
tare-profile-done\node_modules\react-dom\cjs\react
-dom.development.js:4164:14)
    at 
HTMLUnknownElement.callTheUserObjectsOperation 
(C:\Users\user\Downloads\Antigravity Projects\cadi
tare-profile-done\node_modules\jsdom\lib\jsdom\liv
ing\generated\EventListener.js:26:30)
    at innerInvokeEventListeners 
(C:\Users\user\Downloads\Antigravity Projects\cadi
tare-profile-done\node_modules\jsdom\lib\jsdom\liv
ing\events\EventTarget-impl.js:360:16)
    at invokeEventListeners 
(C:\Users\user\Downloads\Antigravity Projects\cadi
tare-profile-done\node_modules\jsdom\lib\jsdom\liv
ing\events\EventTarget-impl.js:296:3)
    at HTMLUnknownElementImpl._dispatch 
(C:\Users\user\Downloads\Antigravity Projects\cadi
tare-profile-done\node_modules\jsdom\lib\jsdom\liv
ing\events\EventTarget-impl.js:243:9)
    at HTMLUnknownElementImpl.dispatchEvent 
(C:\Users\user\Downloads\Antigravity Projects\cadi
tare-profile-done\node_modules\jsdom\lib\jsdom\liv
ing\events\EventTarget-impl.js:114:17)
ReferenceError: handleStageChange is not defined
    at CandidateDetail 
(C:/Users/user/Downloads/Antigravity Projects/cadi
tare-profile-done/components/CandidateDetail.tsx:1
367:29)
    at renderWithHooks 
(C:\Users\user\Downloads\Antigravity Projects\cadi
tare-profile-done\node_modules\react-dom\cjs\react
-dom.development.js:15486:18)
    at updateFunctionComponent 
(C:\Users\user\Downloads\Antigravity Projects\cadi
tare-profile-done\node_modules\react-dom\cjs\react
-dom.development.js:19617:20)
    at beginWork 
(C:\Users\user\Downloads\Antigravity Projects\cadi
tare-profile-done\node_modules\react-dom\cjs\react
-dom.development.js:21640:16)
    at HTMLUnknownElement.callCallback 
(C:\Users\user\Downloads\Antigravity Projects\cadi
tare-profile-done\node_modules\react-dom\cjs\react
-dom.development.js:4164:14)
    at 
HTMLUnknownElement.callTheUserObjectsOperation 
(C:\Users\user\Downloads\Antigravity Projects\cadi
tare-profile-done\node_modules\jsdom\lib\jsdom\liv
ing\generated\EventListener.js:26:30)
    at innerInvokeEventListeners 
(C:\Users\user\Downloads\Antigravity Projects\cadi
tare-profile-done\node_modules\jsdom\lib\jsdom\liv
ing\events\EventTarget-impl.js:360:16)
    at invokeEventListeners 
(C:\Users\user\Downloads\Antigravity Projects\cadi
tare-profile-done\node_modules\jsdom\lib\jsdom\liv
ing\events\EventTarget-impl.js:296:3)
    at HTMLUnknownElementImpl._dispatch 
(C:\Users\user\Downloads\Antigravity Projects\cadi
tare-profile-done\node_modules\jsdom\lib\jsdom\liv
ing\events\EventTarget-impl.js:243:9)
    at HTMLUnknownElementImpl.dispatchEvent 
(C:\Users\user\Downloads\Antigravity Projects\cadi
tare-profile-done\node_modules\jsdom\lib\jsdom\liv
ing\events\EventTarget-impl.js:114:17)
[90mstderr[2m | 
components/Verification.test.tsx[2m > 
[22m[2mCandidate Features Verification[2m > 
[22m[2mCandidateDetail: Should block stage 
advance if requirements not met
[22m[39mThe above error occurred in the 
<CandidateDetail> component:

    at CandidateDetail 
(C:/Users/user/Downloads/Antigravity Projects/cadi
tare-profile-done/components/CandidateDetail.tsx:2
6:53)
    at RenderedRoute 
(C:\Users\user\Downloads\Antigravity Projects\cadi
tare-profile-done\node_modules\react-router\dist\u
md\react-router.development.js:539:7)
    at Routes 
(C:\Users\user\Downloads\Antigravity Projects\cadi
tare-profile-done\node_modules\react-router\dist\u
md\react-router.development.js:1229:7)
    at Router 
(C:\Users\user\Downloads\Antigravity Projects\cadi
tare-profile-done\node_modules\react-router\dist\u
md\react-router.development.js:1163:17)
    at MemoryRouter 
(C:\Users\user\Downloads\Antigravity Projects\cadi
tare-profile-done\node_modules\react-router\dist\u
md\react-router.development.js:1058:7)

Consider adding an error boundary to your tree to 
customize error handling behavior.
Visit https://reactjs.org/link/error-boundaries 
to learn more about error boundaries.

 [31mΓ¥»[39m components/Verification.test.tsx [2m([22m[2m1 test[22m[2m | [22m[31m1 failed[39m[2m)[22m[32m 114[2mms[22m[39m
[31m     [31m├ù[31m CandidateDetail: Should block stage advance if requirements not met[39m[32m 112[2mms[22m[39m

[31mΓÄ»ΓÄ»ΓÄ»ΓÄ»ΓÄ»ΓÄ»ΓÄ»[39m[1m[41m Failed 
Tests 1 [49m[22m[31mΓÄ»ΓÄ»ΓÄ»ΓÄ»ΓÄ»ΓÄ»ΓÄ»[39m

[41m[1m FAIL [22m[49m 
components/Verification.test.tsx[2m > 
[22mCandidate Features Verification[2m > 
[22mCandidateDetail: Should block stage advance 
if requirements not met
[31m[1mReferenceError[22m: handleStageChange 
is not defined[39m
[36m [2mΓ¥»[22m CandidateDetail components/Cand
idateDetail.tsx:[2m1367:29[22m[39m
    [90m1365| [39m            
[33m<[39m[33mWorkflowProgressWidget[39m
    [90m1366| [39m              [33mcandidate[
39m[33m=[39m[33m{[39mcandidate[33m}[39m
    [90m1367| [39m              [33monStageClic
k[39m[33m=[39m[33m{[39mhandleStageChange[33m
}[39m
    [90m   | [39m                            
[31m^[39m
    [90m1368| [39m            
[33m/[39m[33m>[39m
    [90m1369| [39m            
<RecentActivityWidget candidate={candidate} 
onViewAll={() ΓÇª
[90m [2mΓ¥»[22m renderWithHooks node_modules/re
act-dom/cjs/react-dom.development.js:[2m15486:18
[22m[39m
[90m [2mΓ¥»[22m updateFunctionComponent node_mo
dules/react-dom/cjs/react-dom.development.js:[2m1
9617:20[22m[39m
[90m [2mΓ¥»[22m beginWork node_modules/react-do
m/cjs/react-dom.development.js:[2m21640:16[22m[
39m
[90m [2mΓ¥»[22m beginWork$1 node_modules/react-
dom/cjs/react-dom.development.js:[2m27465:14[22m
[39m
[90m [2mΓ¥»[22m performUnitOfWork node_modules/
react-dom/cjs/react-dom.development.js:[2m26599:1
2[22m[39m
[90m [2mΓ¥»[22m workLoopSync node_modules/react
-dom/cjs/react-dom.development.js:[2m26505:5[22m
[39m
[90m [2mΓ¥»[22m renderRootSync node_modules/rea
ct-dom/cjs/react-dom.development.js:[2m26473:7[2
2m[39m
[90m [2mΓ¥»[22m recoverFromConcurrentError node
_modules/react-dom/cjs/react-dom.development.js:[
2m25889:20[22m[39m
[90m [2mΓ¥»[22m performConcurrentWorkOnRoot nod
e_modules/react-dom/cjs/react-dom.development.js:
[2m25789:22[22m[39m

[31m[2mΓÄ»ΓÄ»ΓÄ»ΓÄ»ΓÄ»ΓÄ»ΓÄ»ΓÄ»ΓÄ»ΓÄ»ΓÄ»ΓÄ»ΓÄ»ΓÄ
»ΓÄ»ΓÄ»ΓÄ»ΓÄ»ΓÄ»ΓÄ»ΓÄ»ΓÄ»ΓÄ»ΓÄ»[1/1]ΓÄ»[22m[39m


[2m Test Files [22m [1m[31m1 failed[39m[22m[90m (1)[39m
[2m      Tests [22m [1m[31m1 failed[39m[22m[90m (1)[39m
[2m   Start at [22m 16:11:43
[2m   Duration [22m 2.06s

[1m[41m FAIL [49m[22m [31mTests failed. Watching for file changes...[39m
       [2mpress [22m[1mh[22m[2m to show help[22m[2m, [22m[2mpress [22m[1mq[22m[2m to quit[22m
c[3J[1m[44m RERUN [49m[22m [34m[2mcomponents/Verification.test.tsx [22m[34mx28 [34m[39m
       [2m Filename pattern: [22m[34mcomponents/Verification.test.tsx[39m

ReferenceError: handleStageChange is not defined
    at CandidateDetail 
(C:/Users/user/Downloads/Antigravity Projects/cadi
tare-profile-done/components/CandidateDetail.tsx:1
367:29)
    at renderWithHooks 
(C:\Users\user\Downloads\Antigravity Projects\cadi
tare-profile-done\node_modules\react-dom\cjs\react
-dom.development.js:15486:18)
    at updateFunctionComponent 
(C:\Users\user\Downloads\Antigravity Projects\cadi
tare-profile-done\node_modules\react-dom\cjs\react
-dom.development.js:19617:20)
    at beginWork 
(C:\Users\user\Downloads\Antigravity Projects\cadi
tare-profile-done\node_modules\react-dom\cjs\react
-dom.development.js:21640:16)
    at HTMLUnknownElement.callCallback 
(C:\Users\user\Downloads\Antigravity Projects\cadi
tare-profile-done\node_modules\react-dom\cjs\react
-dom.development.js:4164:14)
    at 
HTMLUnknownElement.callTheUserObjectsOperation 
(C:\Users\user\Downloads\Antigravity Projects\cadi
tare-profile-done\node_modules\jsdom\lib\jsdom\liv
ing\generated\EventListener.js:26:30)
    at innerInvokeEventListeners 
(C:\Users\user\Downloads\Antigravity Projects\cadi
tare-profile-done\node_modules\jsdom\lib\jsdom\liv
ing\events\EventTarget-impl.js:360:16)
    at invokeEventListeners 
(C:\Users\user\Downloads\Antigravity Projects\cadi
tare-profile-done\node_modules\jsdom\lib\jsdom\liv
ing\events\EventTarget-impl.js:296:3)
    at HTMLUnknownElementImpl._dispatch 
(C:\Users\user\Downloads\Antigravity Projects\cadi
tare-profile-done\node_modules\jsdom\lib\jsdom\liv
ing\events\EventTarget-impl.js:243:9)
    at HTMLUnknownElementImpl.dispatchEvent 
(C:\Users\user\Downloads\Antigravity Projects\cadi
tare-profile-done\node_modules\jsdom\lib\jsdom\liv
ing\events\EventTarget-impl.js:114:17)
ReferenceError: handleStageChange is not defined
    at CandidateDetail 
(C:/Users/user/Downloads/Antigravity Projects/cadi
tare-profile-done/components/CandidateDetail.tsx:1
367:29)
    at renderWithHooks 
(C:\Users\user\Downloads\Antigravity Projects\cadi
tare-profile-done\node_modules\react-dom\cjs\react
-dom.development.js:15486:18)
    at updateFunctionComponent 
(C:\Users\user\Downloads\Antigravity Projects\cadi
tare-profile-done\node_modules\react-dom\cjs\react
-dom.development.js:19617:20)
    at beginWork 
(C:\Users\user\Downloads\Antigravity Projects\cadi
tare-profile-done\node_modules\react-dom\cjs\react
-dom.development.js:21640:16)
    at HTMLUnknownElement.callCallback 
(C:\Users\user\Downloads\Antigravity Projects\cadi
tare-profile-done\node_modules\react-dom\cjs\react
-dom.development.js:4164:14)
    at 
HTMLUnknownElement.callTheUserObjectsOperation 
(C:\Users\user\Downloads\Antigravity Projects\cadi
tare-profile-done\node_modules\jsdom\lib\jsdom\liv
ing\generated\EventListener.js:26:30)
    at innerInvokeEventListeners 
(C:\Users\user\Downloads\Antigravity Projects\cadi
tare-profile-done\node_modules\jsdom\lib\jsdom\liv
ing\events\EventTarget-impl.js:360:16)
    at invokeEventListeners 
(C:\Users\user\Downloads\Antigravity Projects\cadi
tare-profile-done\node_modules\jsdom\lib\jsdom\liv
ing\events\EventTarget-impl.js:296:3)
    at HTMLUnknownElementImpl._dispatch 
(C:\Users\user\Downloads\Antigravity Projects\cadi
tare-profile-done\node_modules\jsdom\lib\jsdom\liv
ing\events\EventTarget-impl.js:243:9)
    at HTMLUnknownElementImpl.dispatchEvent 
(C:\Users\user\Downloads\Antigravity Projects\cadi
tare-profile-done\node_modules\jsdom\lib\jsdom\liv
ing\events\EventTarget-impl.js:114:17)
[90mstderr[2m | 
components/Verification.test.tsx[2m > 
[22m[2mCandidate Features Verification[2m > 
[22m[2mCandidateDetail: Should block stage 
advance if requirements not met
[22m[39mThe above error occurred in the 
<CandidateDetail> component:

    at CandidateDetail 
(C:/Users/user/Downloads/Antigravity Projects/cadi
tare-profile-done/components/CandidateDetail.tsx:2
6:53)
    at RenderedRoute 
(C:\Users\user\Downloads\Antigravity Projects\cadi
tare-profile-done\node_modules\react-router\dist\u
md\react-router.development.js:539:7)
    at Routes 
(C:\Users\user\Downloads\Antigravity Projects\cadi
tare-profile-done\node_modules\react-router\dist\u
md\react-router.development.js:1229:7)
    at Router 
(C:\Users\user\Downloads\Antigravity Projects\cadi
tare-profile-done\node_modules\react-router\dist\u
md\react-router.development.js:1163:17)
    at MemoryRouter 
(C:\Users\user\Downloads\Antigravity Projects\cadi
tare-profile-done\node_modules\react-router\dist\u
md\react-router.development.js:1058:7)

Consider adding an error boundary to your tree to 
customize error handling behavior.
Visit https://reactjs.org/link/error-boundaries 
to learn more about error boundaries.

 [31mΓ¥»[39m components/Verification.test.tsx [2m([22m[2m1 test[22m[2m | [22m[31m1 failed[39m[2m)[22m[32m 109[2mms[22m[39m
[31m     [31m├ù[31m CandidateDetail: Should block stage advance if requirements not met[39m[32m 107[2mms[22m[39m

[31mΓÄ»ΓÄ»ΓÄ»ΓÄ»ΓÄ»ΓÄ»ΓÄ»[39m[1m[41m Failed 
Tests 1 [49m[22m[31mΓÄ»ΓÄ»ΓÄ»ΓÄ»ΓÄ»ΓÄ»ΓÄ»[39m

[41m[1m FAIL [22m[49m 
components/Verification.test.tsx[2m > 
[22mCandidate Features Verification[2m > 
[22mCandidateDetail: Should block stage advance 
if requirements not met
[31m[1mReferenceError[22m: handleStageChange 
is not defined[39m
[36m [2mΓ¥»[22m CandidateDetail components/Cand
idateDetail.tsx:[2m1367:29[22m[39m
    [90m1365| [39m            
[33m<[39m[33mWorkflowProgressWidget[39m
    [90m1366| [39m              [33mcandidate[
39m[33m=[39m[33m{[39mcandidate[33m}[39m
    [90m1367| [39m              [33monStageClic
k[39m[33m=[39m[33m{[39mhandleStageChange[33m
}[39m
    [90m   | [39m                            
[31m^[39m
    [90m1368| [39m            
[33m/[39m[33m>[39m
    [90m1369| [39m            
<RecentActivityWidget candidate={candidate} 
onViewAll={() ΓÇª
[90m [2mΓ¥»[22m renderWithHooks node_modules/re
act-dom/cjs/react-dom.development.js:[2m15486:18
[22m[39m
[90m [2mΓ¥»[22m updateFunctionComponent node_mo
dules/react-dom/cjs/react-dom.development.js:[2m1
9617:20[22m[39m
[90m [2mΓ¥»[22m beginWork node_modules/react-do
m/cjs/react-dom.development.js:[2m21640:16[22m[
39m
[90m [2mΓ¥»[22m beginWork$1 node_modules/react-
dom/cjs/react-dom.development.js:[2m27465:14[22m
[39m
[90m [2mΓ¥»[22m performUnitOfWork node_modules/
react-dom/cjs/react-dom.development.js:[2m26599:1
2[22m[39m
[90m [2mΓ¥»[22m workLoopSync node_modules/react
-dom/cjs/react-dom.development.js:[2m26505:5[22m
[39m
[90m [2mΓ¥»[22m renderRootSync node_modules/rea
ct-dom/cjs/react-dom.development.js:[2m26473:7[2
2m[39m
[90m [2mΓ¥»[22m recoverFromConcurrentError node
_modules/react-dom/cjs/react-dom.development.js:[
2m25889:20[22m[39m
[90m [2mΓ¥»[22m performConcurrentWorkOnRoot nod
e_modules/react-dom/cjs/react-dom.development.js:
[2m25789:22[22m[39m

[31m[2mΓÄ»ΓÄ»ΓÄ»ΓÄ»ΓÄ»ΓÄ»ΓÄ»ΓÄ»ΓÄ»ΓÄ»ΓÄ»ΓÄ»ΓÄ»ΓÄ
»ΓÄ»ΓÄ»ΓÄ»ΓÄ»ΓÄ»ΓÄ»ΓÄ»ΓÄ»ΓÄ»ΓÄ»[1/1]ΓÄ»[22m[39m


[2m Test Files [22m [1m[31m1 failed[39m[22m[90m (1)[39m
[2m      Tests [22m [1m[31m1 failed[39m[22m[90m (1)[39m
[2m   Start at [22m 16:12:53
[2m   Duration [22m 3.30s

[1m[41m FAIL [49m[22m [31mTests failed. Watching for file changes...[39m
       [2mpress [22m[1mh[22m[2m to show help[22m[2m, [22m[2mpress [22m[1mq[22m[2m to quit[22m
c[3J[1m[44m RERUN [49m[22m [34m[2mcomponents/CandidateDetail.tsx [22m[34mx29 [34m[39m
       [2m Filename pattern: [22m[34mcomponents/Verification.test.tsx[39m

 [31mΓ¥»[39m components/Verification.test.tsx [2m([22m[2m1 test[22m[2m | [22m[31m1 failed[39m[2m)[22m[33m 1072[2mms[22m[39m
[31m     [31m├ù[31m CandidateDetail: Should block stage advance if requirements not met[39m[33m 1070[2mms[22m[39m

[31mΓÄ»ΓÄ»ΓÄ»ΓÄ»ΓÄ»ΓÄ»ΓÄ»[39m[1m[41m Failed 
Tests 1 [49m[22m[31mΓÄ»ΓÄ»ΓÄ»ΓÄ»ΓÄ»ΓÄ»ΓÄ»[39m

[41m[1m FAIL [22m[49m 
components/Verification.test.tsx[2m > 
[22mCandidate Features Verification[2m > 
[22mCandidateDetail: Should block stage advance 
if requirements not met
[31m[1mTestingLibraryElementError[22m: Unable 
to find an element with the text: /Advance/i. 
This could be because the text is broken up by 
multiple elements. In this case, you can provide 
a function for your text matcher to make your 
matcher more flexible.

Ignored nodes: comments, script, style
[36m<body>[31m
  [36m<div>[31m
    [36m<div[31m
      [33mclass[31m=[32m"min-h-screen 
bg-slate-50"[31m
    [36m>[31m
      [36m<div>[31m
        [0mMock Hero[0m
      [36m</div>[31m
      [36m<div>[31m
        [0mMock Tabs[0m
      [36m</div>[31m
      [36m<div[31m
        [33mclass[31m=[32m"max-w-7xl mx-auto 
px-6 py-6"[31m
      [36m>[31m
        [36m<div[31m
          [33mclass[31m=[32m"grid grid-cols-1 
lg:grid-cols-3 gap-6"[31m
        [36m>[31m
          [36m<div[31m
            [33mclass[31m=[32m"lg:col-span-2 
space-y-6"[31m
          [36m>[31m
            [36m<div[31m
              [33mclass[31m=[32m"bg-white 
rounded-xl border border-slate-200 p-6"[31m
            [36m>[31m
              [36m<div>[31m
                [0mMock Timeline[0m
              [36m</div>[31m
            [36m</div>[31m
          [36m</div>[31m
          [36m<div[31m
            [33mclass[31m=[32m"space-y-4"[31m
          [36m>[31m
            [36m<div>[31m
              [0mMock Quick Actions[0m
            [36m</div>[31m
            [36m<div>[31m
              [0mMock Compliance[0m
            [36m</div>[31m
            [36m<div>[31m
              [0mMock SLBFE[0m
            [36m</div>[31m
            [36m<div[31m
              [33mdata-testid[31m=[32m"workflow
-progress-widget"[31m
            [36m>[31m
              [0mMock Progress[0m
            [36m</div>[31m
            [36m<div>[31m
              [0mMock Activity[0m
            [36m</div>[31m
          [36m</div>[31m
        [36m</div>[31m
      [36m</div>[31m
    [36m</div>[31m
  [36m</div>[31m
[36m</body>[31m

Ignored nodes: comments, script, style
[36m<body>[31m
  [36m<div>[31m
    [36m<div[31m
      [33mclass[31m=[32m"min-h-screen 
bg-slate-50"[31m
    [36m>[31m
      [36m<div>[31m
        [0mMock Hero[0m
      [36m</div>[31m
      [36m<div>[31m
        [0mMock Tabs[0m
      [36m</div>[31m
      [36m<div[31m
        [33mclass[31m=[32m"max-w-7xl mx-auto 
px-6 py-6"[31m
      [36m>[31m
        [36m<div[31m
          [33mclass[31m=[32m"grid grid-cols-1 
lg:grid-cols-3 gap-6"[31m
        [36m>[31m
          [36m<div[31m
            [33mclass[31m=[32m"lg:col-span-2 
space-y-6"[31m
          [36m>[31m
            [36m<div[31m
              [33mclass[31m=[32m"bg-white 
rounded-xl border border-slate-200 p-6"[31m
            [36m>[31m
              [36m<div>[31m
                [0mMock Timeline[0m
              [36m</div>[31m
            [36m</div>[31m
          [36m</div>[31m
          [36m<div[31m
            [33mclass[31m=[32m"space-y-4"[31m
          [36m>[31m
            [36m<div>[31m
              [0mMock Quick Actions[0m
            [36m</div>[31m
            [36m<div>[31m
              [0mMock Compliance[0m
            [36m</div>[31m
            [36m<div>[31m
              [0mMock SLBFE[0m
            [36m</div>[31m
            [36m<div[31m
              [33mdata-testid[31m=[32m"workflow
-progress-widget"[31m
            [36m>[31m
              [0mMock Progress[0m
            [36m</div>[31m
            [36m<div>[31m
              [0mMock Activity[0m
            [36m</div>[31m
          [36m</div>[31m
        [36m</div>[31m
      [36m</div>[31m
    [36m</div>[31m
  [36m</div>[31m
[36m</body>[31m[39m
[90m [2mΓ¥»[22m waitForWrapper node_modules/@te
sting-library/dom/dist/wait-for.js:[2m163:27[22m
[39m
[90m [2mΓ¥»[22m node_modules/@testing-library/d
om/dist/query-helpers.js:[2m86:33[22m[39m
[36m [2mΓ¥»[22m components/Verification.test.ts
x:[2m81:44[22m[39m
    [90m 79| [39m        // Let's check the 
button text in CandidateDetail.tsx later ifΓÇª
    [90m 80| [39m        [90m// Assuming 
"Advance" exists.[39m
    [90m 81| [39m        [35mconst[39m 
advanceButton [33m=[39m [35mawait[39m screen[
33m.[39m[34mfindByText[39m([36m/Advance/i[39m
)[33m;[39m
    [90m   | [39m                               
            [31m^[39m
    [90m 82| [39m        fireEvent[33m.[39m[3
4mclick[39m(advanceButton)[33m;[39m
    [90m 83| [39m

[31m[2mΓÄ»ΓÄ»ΓÄ»ΓÄ»ΓÄ»ΓÄ»ΓÄ»ΓÄ»ΓÄ»ΓÄ»ΓÄ»ΓÄ»ΓÄ»ΓÄ
»ΓÄ»ΓÄ»ΓÄ»ΓÄ»ΓÄ»ΓÄ»ΓÄ»ΓÄ»ΓÄ»ΓÄ»[1/1]ΓÄ»[22m[39m


[2m Test Files [22m [1m[31m1 failed[39m[22m[90m (1)[39m
[2m      Tests [22m [1m[31m1 failed[39m[22m[90m (1)[39m
[2m   Start at [22m 16:13:47
[2m   Duration [22m 6.46s

[1m[41m FAIL [49m[22m [31mTests failed. Watching for file changes...[39m
       [2mpress [22m[1mh[22m[2m to show help[22m[2m, [22m[2mpress [22m[1mq[22m[2m to quit[22m
c[3J[1m[44m RERUN [49m[22m [34m[2mcomponents/Verification.test.tsx [22m[34mx30 [34m[39m
       [2m Filename pattern: [22m[34mcomponents/Verification.test.tsx[39m

 [31mΓ¥»[39m components/Verification.test.tsx [2m([22m[2m1 test[22m[2m | [22m[31m1 failed[39m[2m)[22m[33m 1325[2mms[22m[39m
[31m     [31m├ù[31m CandidateDetail: Should block stage advance if requirements not met[39m[33m 1323[2mms[22m[39m

[31mΓÄ»ΓÄ»ΓÄ»ΓÄ»ΓÄ»ΓÄ»ΓÄ»[39m[1m[41m Failed 
Tests 1 [49m[22m[31mΓÄ»ΓÄ»ΓÄ»ΓÄ»ΓÄ»ΓÄ»ΓÄ»[39m

[41m[1m FAIL [22m[49m 
components/Verification.test.tsx[2m > 
[22mCandidate Features Verification[2m > 
[22mCandidateDetail: Should block stage advance 
if requirements not met
[31m[1mAssertionError[22m: expected "bound " 
to be called with arguments: [ 
StringContaining{ΓÇª} ][90m

Number of calls: [1m0[22m
[31m

Ignored nodes: comments, script, style
[36m<html>[31m
  [36m<head />[31m
  [36m<body>[31m
    [36m<div>[31m
      [36m<div[31m
        [33mclass[31m=[32m"min-h-screen 
bg-slate-50"[31m
      [36m>[31m
        [36m<div>[31m
          [0mMock Hero[0m
        [36m</div>[31m
        [36m<div>[31m
          [0mMock Tabs[0m
        [36m</div>[31m
        [36m<div[31m
          [33mclass[31m=[32m"max-w-7xl mx-auto 
px-6 py-6"[31m
        [36m>[31m
          [36m<div[31m
            [33mclass[31m=[32m"grid 
grid-cols-1 lg:grid-cols-3 gap-6"[31m
          [36m>[31m
            [36m<div[31m
              [33mclass[31m=[32m"lg:col-span-2 
space-y-6"[31m
            [36m>[31m
              [36m<div[31m
                [33mclass[31m=[32m"bg-white 
rounded-xl border border-slate-200 p-6"[31m
              [36m>[31m
                [36m<div>[31m
                  [0mMock Timeline[0m
                [36m</div>[31m
              [36m</div>[31m
            [36m</div>[31m
            [36m<div[31m
              
[33mclass[31m=[32m"space-y-4"[31m
            [36m>[31m
              [36m<div>[31m
                [0mMock Quick Actions[0m
              [36m</div>[31m
              [36m<div>[31m
                [0mMock Compliance[0m
              [36m</div>[31m
              [36m<div>[31m
                [0mMock SLBFE[0m
              [36m</div>[31m
              [36m<div[31m
                [33mdata-testid[31m=[32m"workfl
ow-progress-widget"[31m
              [36m>[31m
                [36m<button>[31m
                  [0mAdvance[0m
                [36m</button>[31m
                [36m<button>[31m
                  [0mRollback[0m
                [36m</button>[31m
              [36m</div>[31m
              [36m<div>[31m
                [0mMock Activity[0m
              [36m</div>[31m
            [36m</div>[31m
          [36m</div>[31m
        [36m</div>[31m
      [36m</div>[31m
    [36m</div>[31m
  [36m</body>[31m
[36m</html>[31m[39m
[36m [2mΓ¥»[22m components/Verification.test.ts
x:[2m93:31[22m[39m
    [90m 91| [39m        [90m// Expect alert 
with block message[39m
    [90m 92| [39m        [35mawait[39m 
[34mwaitFor[39m(() [33m=>[39m {
    [90m 93| [39m            expect(alertMock).t
oHaveBeenCalledWith(expect.stringContaiΓÇª
    [90m   | [39m                              
[31m^[39m
    [90m 94| [39m        })[33m;[39m
    [90m 95| [39m    })[33m;[39m
[90m [2mΓ¥»[22m 
runWithExpensiveErrorDiagnosticsDisabled node_modu
les/@testing-library/dom/dist/config.js:[2m47:12
[22m[39m
[90m [2mΓ¥»[22m checkCallback node_modules/@tes
ting-library/dom/dist/wait-for.js:[2m124:77[22m
[39m
[90m [2mΓ¥»[22m 
Timeout.checkRealTimersCallback node_modules/@test
ing-library/dom/dist/wait-for.js:[2m118:16[22m[
39m

[31m[2mΓÄ»ΓÄ»ΓÄ»ΓÄ»ΓÄ»ΓÄ»ΓÄ»ΓÄ»ΓÄ»ΓÄ»ΓÄ»ΓÄ»ΓÄ»ΓÄ
»ΓÄ»ΓÄ»ΓÄ»ΓÄ»ΓÄ»ΓÄ»ΓÄ»ΓÄ»ΓÄ»ΓÄ»[1/1]ΓÄ»[22m[39m


[2m Test Files [22m [1m[31m1 failed[39m[22m[90m (1)[39m
[2m      Tests [22m [1m[31m1 failed[39m[22m[90m (1)[39m
[2m   Start at [22m 16:14:39
[2m   Duration [22m 3.10s

[1m[41m FAIL [49m[22m [31mTests failed. Watching for file changes...[39m
       [2mpress [22m[1mh[22m[2m to show help[22m[2m, [22m[2mpress [22m[1mq[22m[2m to quit[22m
c[3J[1m[44m RERUN [49m[22m [34m[2mcomponents/widgets/WorkflowProgressWidget.tsx [22m[34mx31 [34m[39m
       [2m Filename pattern: [22m[34mcomponents/Verification.test.tsx[39m

 [31mΓ¥»[39m components/Verification.test.tsx [2m([22m[2m1 test[22m[2m | [22m[31m1 failed[39m[2m)[22m[33m 1461[2mms[22m[39m
[31m     [31m├ù[31m CandidateDetail: Should block stage advance if requirements not met[39m[33m 1459[2mms[22m[39m

[31mΓÄ»ΓÄ»ΓÄ»ΓÄ»ΓÄ»ΓÄ»ΓÄ»[39m[1m[41m Failed 
Tests 1 [49m[22m[31mΓÄ»ΓÄ»ΓÄ»ΓÄ»ΓÄ»ΓÄ»ΓÄ»[39m

[41m[1m FAIL [22m[49m 
components/Verification.test.tsx[2m > 
[22mCandidate Features Verification[2m > 
[22mCandidateDetail: Should block stage advance 
if requirements not met
[31m[1mAssertionError[22m: expected "bound " 
to be called with arguments: [ 
StringContaining{ΓÇª} ][90m

Number of calls: [1m0[22m
[31m

Ignored nodes: comments, script, style
[36m<html>[31m
  [36m<head />[31m
  [36m<body>[31m
    [36m<div>[31m
      [36m<div[31m
        [33mclass[31m=[32m"min-h-screen 
bg-slate-50"[31m
      [36m>[31m
        [36m<div>[31m
          [0mMock Hero[0m
        [36m</div>[31m
        [36m<div>[31m
          [0mMock Tabs[0m
        [36m</div>[31m
        [36m<div[31m
          [33mclass[31m=[32m"max-w-7xl mx-auto 
px-6 py-6"[31m
        [36m>[31m
          [36m<div[31m
            [33mclass[31m=[32m"grid 
grid-cols-1 lg:grid-cols-3 gap-6"[31m
          [36m>[31m
            [36m<div[31m
              [33mclass[31m=[32m"lg:col-span-2 
space-y-6"[31m
            [36m>[31m
              [36m<div[31m
                [33mclass[31m=[32m"bg-white 
rounded-xl border border-slate-200 p-6"[31m
              [36m>[31m
                [36m<div>[31m
                  [0mMock Timeline[0m
                [36m</div>[31m
              [36m</div>[31m
            [36m</div>[31m
            [36m<div[31m
              
[33mclass[31m=[32m"space-y-4"[31m
            [36m>[31m
              [36m<div>[31m
                [0mMock Quick Actions[0m
              [36m</div>[31m
              [36m<div>[31m
                [0mMock Compliance[0m
              [36m</div>[31m
              [36m<div>[31m
                [0mMock SLBFE[0m
              [36m</div>[31m
              [36m<div[31m
                [33mdata-testid[31m=[32m"workfl
ow-progress-widget"[31m
              [36m>[31m
                [36m<button>[31m
                  [0mAdvance[0m
                [36m</button>[31m
                [36m<button>[31m
                  [0mRollback[0m
                [36m</button>[31m
              [36m</div>[31m
              [36m<div>[31m
                [0mMock Activity[0m
              [36m</div>[31m
            [36m</div>[31m
          [36m</div>[31m
        [36m</div>[31m
      [36m</div>[31m
    [36m</div>[31m
  [36m</body>[31m
[36m</html>[31m[39m
[36m [2mΓ¥»[22m components/Verification.test.ts
x:[2m93:31[22m[39m
    [90m 91| [39m        [90m// Expect alert 
with block message[39m
    [90m 92| [39m        [35mawait[39m 
[34mwaitFor[39m(() [33m=>[39m {
    [90m 93| [39m            expect(alertMock).t
oHaveBeenCalledWith(expect.stringContaiΓÇª
    [90m   | [39m                              
[31m^[39m
    [90m 94| [39m        })[33m;[39m
    [90m 95| [39m    })[33m;[39m
[90m [2mΓ¥»[22m 
runWithExpensiveErrorDiagnosticsDisabled node_modu
les/@testing-library/dom/dist/config.js:[2m47:12
[22m[39m
[90m [2mΓ¥»[22m checkCallback node_modules/@tes
ting-library/dom/dist/wait-for.js:[2m124:77[22m
[39m
[90m [2mΓ¥»[22m 
Timeout.checkRealTimersCallback node_modules/@test
ing-library/dom/dist/wait-for.js:[2m118:16[22m[
39m

[31m[2mΓÄ»ΓÄ»ΓÄ»ΓÄ»ΓÄ»ΓÄ»ΓÄ»ΓÄ»ΓÄ»ΓÄ»ΓÄ»ΓÄ»ΓÄ»ΓÄ
»ΓÄ»ΓÄ»ΓÄ»ΓÄ»ΓÄ»ΓÄ»ΓÄ»ΓÄ»ΓÄ»ΓÄ»[1/1]ΓÄ»[22m[39m


[2m Test Files [22m [1m[31m1 failed[39m[22m[90m (1)[39m
[2m      Tests [22m [1m[31m1 failed[39m[22m[90m (1)[39m
[2m   Start at [22m 16:15:44
[2m   Duration [22m 4.20s

[1m[41m FAIL [49m[22m [31mTests failed. Watching for file changes...[39m
       [2mpress [22m[1mh[22m[2m to show help[22m[2m, [22m[2mpress [22m[1mq[22m[2m to quit[22m
c[3J[1m[44m RERUN [49m[22m [34m[2mcomponents/CandidateDetail.tsx [22m[34mx32 [34m[39m
       [2m Filename pattern: [22m[34mcomponents/Verification.test.tsx[39m

ReferenceError: handleAdvanceStage is not defined
    at CandidateDetail 
(C:/Users/user/Downloads/Antigravity Projects/cadi
tare-profile-done/components/CandidateDetail.tsx:1
367:26)
    at renderWithHooks 
(C:\Users\user\Downloads\Antigravity Projects\cadi
tare-profile-done\node_modules\react-dom\cjs\react
-dom.development.js:15486:18)
    at updateFunctionComponent 
(C:\Users\user\Downloads\Antigravity Projects\cadi
tare-profile-done\node_modules\react-dom\cjs\react
-dom.development.js:19617:20)
    at beginWork 
(C:\Users\user\Downloads\Antigravity Projects\cadi
tare-profile-done\node_modules\react-dom\cjs\react
-dom.development.js:21640:16)
    at HTMLUnknownElement.callCallback 
(C:\Users\user\Downloads\Antigravity Projects\cadi
tare-profile-done\node_modules\react-dom\cjs\react
-dom.development.js:4164:14)
    at 
HTMLUnknownElement.callTheUserObjectsOperation 
(C:\Users\user\Downloads\Antigravity Projects\cadi
tare-profile-done\node_modules\jsdom\lib\jsdom\liv
ing\generated\EventListener.js:26:30)
    at innerInvokeEventListeners 
(C:\Users\user\Downloads\Antigravity Projects\cadi
tare-profile-done\node_modules\jsdom\lib\jsdom\liv
ing\events\EventTarget-impl.js:360:16)
    at invokeEventListeners 
(C:\Users\user\Downloads\Antigravity Projects\cadi
tare-profile-done\node_modules\jsdom\lib\jsdom\liv
ing\events\EventTarget-impl.js:296:3)
    at HTMLUnknownElementImpl._dispatch 
(C:\Users\user\Downloads\Antigravity Projects\cadi
tare-profile-done\node_modules\jsdom\lib\jsdom\liv
ing\events\EventTarget-impl.js:243:9)
    at HTMLUnknownElementImpl.dispatchEvent 
(C:\Users\user\Downloads\Antigravity Projects\cadi
tare-profile-done\node_modules\jsdom\lib\jsdom\liv
ing\events\EventTarget-impl.js:114:17)
ReferenceError: handleAdvanceStage is not defined
    at CandidateDetail 
(C:/Users/user/Downloads/Antigravity Projects/cadi
tare-profile-done/components/CandidateDetail.tsx:1
367:26)
    at renderWithHooks 
(C:\Users\user\Downloads\Antigravity Projects\cadi
tare-profile-done\node_modules\react-dom\cjs\react
-dom.development.js:15486:18)
    at updateFunctionComponent 
(C:\Users\user\Downloads\Antigravity Projects\cadi
tare-profile-done\node_modules\react-dom\cjs\react
-dom.development.js:19617:20)
    at beginWork 
(C:\Users\user\Downloads\Antigravity Projects\cadi
tare-profile-done\node_modules\react-dom\cjs\react
-dom.development.js:21640:16)
    at HTMLUnknownElement.callCallback 
(C:\Users\user\Downloads\Antigravity Projects\cadi
tare-profile-done\node_modules\react-dom\cjs\react
-dom.development.js:4164:14)
    at 
HTMLUnknownElement.callTheUserObjectsOperation 
(C:\Users\user\Downloads\Antigravity Projects\cadi
tare-profile-done\node_modules\jsdom\lib\jsdom\liv
ing\generated\EventListener.js:26:30)
    at innerInvokeEventListeners 
(C:\Users\user\Downloads\Antigravity Projects\cadi
tare-profile-done\node_modules\jsdom\lib\jsdom\liv
ing\events\EventTarget-impl.js:360:16)
    at invokeEventListeners 
(C:\Users\user\Downloads\Antigravity Projects\cadi
tare-profile-done\node_modules\jsdom\lib\jsdom\liv
ing\events\EventTarget-impl.js:296:3)
    at HTMLUnknownElementImpl._dispatch 
(C:\Users\user\Downloads\Antigravity Projects\cadi
tare-profile-done\node_modules\jsdom\lib\jsdom\liv
ing\events\EventTarget-impl.js:243:9)
    at HTMLUnknownElementImpl.dispatchEvent 
(C:\Users\user\Downloads\Antigravity Projects\cadi
tare-profile-done\node_modules\jsdom\lib\jsdom\liv
ing\events\EventTarget-impl.js:114:17)
[90mstderr[2m | 
components/Verification.test.tsx[2m > 
[22m[2mCandidate Features Verification[2m > 
[22m[2mCandidateDetail: Should block stage 
advance if requirements not met
[22m[39mThe above error occurred in the 
<CandidateDetail> component:

    at CandidateDetail 
(C:/Users/user/Downloads/Antigravity Projects/cadi
tare-profile-done/components/CandidateDetail.tsx:2
6:53)
    at RenderedRoute 
(C:\Users\user\Downloads\Antigravity Projects\cadi
tare-profile-done\node_modules\react-router\dist\u
md\react-router.development.js:539:7)
    at Routes 
(C:\Users\user\Downloads\Antigravity Projects\cadi
tare-profile-done\node_modules\react-router\dist\u
md\react-router.development.js:1229:7)
    at Router 
(C:\Users\user\Downloads\Antigravity Projects\cadi
tare-profile-done\node_modules\react-router\dist\u
md\react-router.development.js:1163:17)
    at MemoryRouter 
(C:\Users\user\Downloads\Antigravity Projects\cadi
tare-profile-done\node_modules\react-router\dist\u
md\react-router.development.js:1058:7)

Consider adding an error boundary to your tree to 
customize error handling behavior.
Visit https://reactjs.org/link/error-boundaries 
to learn more about error boundaries.

 [31mΓ¥»[39m components/Verification.test.tsx [2m([22m[2m1 test[22m[2m | [22m[31m1 failed[39m[2m)[22m[32m 55[2mms[22m[39m
[31m     [31m├ù[31m CandidateDetail: Should block stage advance if requirements not met[39m[32m 53[2mms[22m[39m

[31mΓÄ»ΓÄ»ΓÄ»ΓÄ»ΓÄ»ΓÄ»ΓÄ»[39m[1m[41m Failed 
Tests 1 [49m[22m[31mΓÄ»ΓÄ»ΓÄ»ΓÄ»ΓÄ»ΓÄ»ΓÄ»[39m

[41m[1m FAIL [22m[49m 
components/Verification.test.tsx[2m > 
[22mCandidate Features Verification[2m > 
[22mCandidateDetail: Should block stage advance 
if requirements not met
[31m[1mReferenceError[22m: handleAdvanceStage 
is not defined[39m
[36m [2mΓ¥»[22m CandidateDetail components/Cand
idateDetail.tsx:[2m1367:26[22m[39m
    [90m1365| [39m            
[33m<[39m[33mWorkflowProgressWidget[39m
    [90m1366| [39m              [33mcandidate[
39m[33m=[39m[33m{[39mcandidate[33m}[39m
    [90m1367| [39m              [33monAdvance[
39m[33m=[39m[33m{[39mhandleAdvanceStage[33m}
[39m
    [90m   | [39m                         
[31m^[39m
    [90m1368| [39m              [33monRollback
[39m[33m=[39m[33m{[39mhandleRollback[33m}[39
m
    [90m1369| [39m            
[33m/[39m[33m>[39m
[90m [2mΓ¥»[22m renderWithHooks node_modules/re
act-dom/cjs/react-dom.development.js:[2m15486:18
[22m[39m
[90m [2mΓ¥»[22m updateFunctionComponent node_mo
dules/react-dom/cjs/react-dom.development.js:[2m1
9617:20[22m[39m
[90m [2mΓ¥»[22m beginWork node_modules/react-do
m/cjs/react-dom.development.js:[2m21640:16[22m[
39m
[90m [2mΓ¥»[22m beginWork$1 node_modules/react-
dom/cjs/react-dom.development.js:[2m27465:14[22m
[39m
[90m [2mΓ¥»[22m performUnitOfWork node_modules/
react-dom/cjs/react-dom.development.js:[2m26599:1
2[22m[39m
[90m [2mΓ¥»[22m workLoopSync node_modules/react
-dom/cjs/react-dom.development.js:[2m26505:5[22m
[39m
[90m [2mΓ¥»[22m renderRootSync node_modules/rea
ct-dom/cjs/react-dom.development.js:[2m26473:7[2
2m[39m
[90m [2mΓ¥»[22m recoverFromConcurrentError node
_modules/react-dom/cjs/react-dom.development.js:[
2m25889:20[22m[39m
[90m [2mΓ¥»[22m performConcurrentWorkOnRoot nod
e_modules/react-dom/cjs/react-dom.development.js:
[2m25789:22[22m[39m

[31m[2mΓÄ»ΓÄ»ΓÄ»ΓÄ»ΓÄ»ΓÄ»ΓÄ»ΓÄ»ΓÄ»ΓÄ»ΓÄ»ΓÄ»ΓÄ»ΓÄ
»ΓÄ»ΓÄ»ΓÄ»ΓÄ»ΓÄ»ΓÄ»ΓÄ»ΓÄ»ΓÄ»ΓÄ»[1/1]ΓÄ»[22m[39m


[2m Test Files [22m [1m[31m1 failed[39m[22m[90m (1)[39m
[2m      Tests [22m [1m[31m1 failed[39m[22m[90m (1)[39m
[2m   Start at [22m 16:16:15
[2m   Duration [22m 3.59s

[1m[41m FAIL [49m[22m [31mTests failed. Watching for file changes...[39m
       [2mpress [22m[1mh[22m[2m to show help[22m[2m, [22m[2mpress [22m[1mq[22m[2m to quit[22m
c[3J[1m[44m RERUN [49m[22m [34m[2mcomponents/CandidateDetail.tsx [22m[34mx33 [34m[39m
       [2m Filename pattern: [22m[34mcomponents/Verification.test.tsx[39m

 [32mΓ£ô[39m components/Verification.test.tsx [2m([22m[2m1 test[22m[2m)[22m[33m 417[2mms[22m[39m
     [33m[2mΓ£ô[22m[39m CandidateDetail: Should block stage advance if requirements not met [33m 415[2mms[22m[39m

[2m Test Files [22m [1m[32m1 passed[39m[22m[90m (1)[39m
[2m      Tests [22m [1m[32m1 passed[39m[22m[90m (1)[39m
[2m   Start at [22m 16:20:09
[2m   Duration [22m 3.97s

[1m[42m PASS [49m[22m [32mWaiting for file changes...[39m
       [2mpress [22m[1mh[22m[2m to show help[22m[2m, [22m[2mpress [22m[1mq[22m[2m to quit[22m
c[3J[1m[44m RERUN [49m[22m [34m[2mcomponents/Verification.test.tsx [22m[34mx34 [34m[39m
       [2m Filename pattern: [22m[34mcomponents/Verification.test.tsx[39m

 [32mΓ£ô[39m components/Verification.test.tsx [2m([22m[2m1 test[22m[2m)[22m[33m 865[2mms[22m[39m
     [33m[2mΓ£ô[22m[39m CandidateDetail: Should block stage advance if requirements not met [33m 863[2mms[22m[39m

[2m Test Files [22m [1m[32m1 passed[39m[22m[90m (1)[39m
[2m      Tests [22m [1m[32m1 passed[39m[22m[90m (1)[39m
[2m   Start at [22m 16:21:07
[2m   Duration [22m 4.10s

[1m[42m PASS [49m[22m [32mWaiting for file changes...[39m
       [2mpress [22m[1mh[22m[2m to show help[22m[2m, [22m[2mpress [22m[1mq[22m[2m to quit[22m
c[3J[1m[44m RERUN [49m[22m [34m[2mcomponents/Verification.test.tsx [22m[34mx35 [34m[39m
       [2m Filename pattern: [22m[34mcomponents/Verification.test.tsx[39m

 [32mΓ£ô[39m components/Verification.test.tsx [2m([22m[2m3 tests[22m[2m)[22m[33m 1685[2mms[22m[39m
     [33m[2mΓ£ô[22m[39m CandidateDetail: Should display all 5 Digital Form Sections in View Mode [33m 874[2mms[22m[39m
     [33m[2mΓ£ô[22m[39m CandidateDetail: Should allow editing School, Height, Weight in Edit Mode [33m 539[2mms[22m[39m

[2m Test Files [22m [1m[32m1 passed[39m[22m[90m (1)[39m
[2m      Tests [22m [1m[32m3 passed[39m[22m[90m (3)[39m
[2m   Start at [22m 16:21:53
[2m   Duration [22m 6.76s

[1m[42m PASS [49m[22m [32mWaiting for file changes...[39m
       [2mpress [22m[1mh[22m[2m to show help[22m[2m, [22m[2mpress [22m[1mq[22m[2m to quit[22m
c[3J[1m[44m RERUN [49m[22m [34m[2mtypes.ts [22m[34mx36 [34m[39m
       [2m Filename pattern: [22m[34mcomponents/Verification.test.tsx[39m

 [32mΓ£ô[39m components/Verification.test.tsx [2m([22m[2m3 tests[22m[2m)[22m[33m 1434[2mms[22m[39m
     [33m[2mΓ£ô[22m[39m CandidateDetail: Should display all 5 Digital Form Sections in View Mode [33m 627[2mms[22m[39m
     [33m[2mΓ£ô[22m[39m CandidateDetail: Should allow editing School, Height, Weight in Edit Mode [33m 368[2mms[22m[39m
     [33m[2mΓ£ô[22m[39m CandidateDetail: Should block stage advance if requirements not met [33m 437[2mms[22m[39m

[2m Test Files [22m [1m[32m1 passed[39m[22m[90m (1)[39m
[2m      Tests [22m [1m[32m3 passed[39m[22m[90m (3)[39m
[2m   Start at [22m 16:30:50
[2m   Duration [22m 5.08s

[1m[42m PASS [49m[22m [32mWaiting for file changes...[39m
       [2mpress [22m[1mh[22m[2m to show help[22m[2m, [22m[2mpress [22m[1mq[22m[2m to quit[22m
c[3J[1m[44m RERUN [49m[22m [34m[2mtypes.ts [22m[34mx37 [34m[39m
       [2m Filename pattern: [22m[34mcomponents/Verification.test.tsx[39m

 [32mΓ£ô[39m components/Verification.test.tsx [2m([22m[2m3 tests[22m[2m)[22m[33m 1779[2mms[22m[39m
     [33m[2mΓ£ô[22m[39m CandidateDetail: Should display all 5 Digital Form Sections in View Mode [33m 642[2mms[22m[39m
     [33m[2mΓ£ô[22m[39m CandidateDetail: Should allow editing School, Height, Weight in Edit Mode [33m 661[2mms[22m[39m
     [33m[2mΓ£ô[22m[39m CandidateDetail: Should block stage advance if requirements not met [33m 473[2mms[22m[39m

[2m Test Files [22m [1m[32m1 passed[39m[22m[90m (1)[39m
[2m      Tests [22m [1m[32m3 passed[39m[22m[90m (3)[39m
[2m   Start at [22m 16:31:22
[2m   Duration [22m 6.38s

[1m[42m PASS [49m[22m [32mWaiting for file changes...[39m
       [2mpress [22m[1mh[22m[2m to show help[22m[2m, [22m[2mpress [22m[1mq[22m[2m to quit[22m
c[3J[1m[44m RERUN [49m[22m [34m[2mservices/compliance/ComplianceTypes.ts [22m[34mx38 [34m[39m
       [2m Filename pattern: [22m[34mcomponents/Verification.test.tsx[39m

 [32mΓ£ô[39m components/Verification.test.tsx [2m([22m[2m3 tests[22m[2m)[22m[33m 2143[2mms[22m[39m
     [33m[2mΓ£ô[22m[39m CandidateDetail: Should display all 5 Digital Form Sections in View Mode [33m 1076[2mms[22m[39m
     [33m[2mΓ£ô[22m[39m CandidateDetail: Should allow editing School, Height, Weight in Edit Mode [33m 659[2mms[22m[39m
     [33m[2mΓ£ô[22m[39m CandidateDetail: Should block stage advance if requirements not met [33m 405[2mms[22m[39m

[2m Test Files [22m [1m[32m1 passed[39m[22m[90m (1)[39m
[2m      Tests [22m [1m[32m3 passed[39m[22m[90m (3)[39m
[2m   Start at [22m 16:32:41
[2m   Duration [22m 7.39s

[1m[42m PASS [49m[22m [32mWaiting for file changes...[39m
       [2mpress [22m[1mh[22m[2m to show help[22m[2m, [22m[2mpress [22m[1mq[22m[2m to quit[22m
c[3J[1m[44m RERUN [49m[22m [34m[2mservices/compliance/ComplianceEngine.ts [22m[34mx39 [34m[39m
       [2m Filename pattern: [22m[34mcomponents/Verification.test.tsx[39m

TypeError: this.evaluateFlags is not a function
    at ComplianceEngine.evaluateCandidate 
(C:/Users/user/Downloads/Antigravity Projects/cadi
tare-profile-done/services/compliance/ComplianceEn
gine.ts:35:34)
    at ComplianceWidget 
(C:/Users/user/Downloads/Antigravity Projects/cadi
tare-profile-done/components/ComplianceWidget.tsx:
18:37)
    at renderWithHooks 
(C:\Users\user\Downloads\Antigravity Projects\cadi
tare-profile-done\node_modules\react-dom\cjs\react
-dom.development.js:15486:18)
    at mountIndeterminateComponent 
(C:\Users\user\Downloads\Antigravity Projects\cadi
tare-profile-done\node_modules\react-dom\cjs\react
-dom.development.js:20103:13)
    at beginWork 
(C:\Users\user\Downloads\Antigravity Projects\cadi
tare-profile-done\node_modules\react-dom\cjs\react
-dom.development.js:21626:16)
    at HTMLUnknownElement.callCallback 
(C:\Users\user\Downloads\Antigravity Projects\cadi
tare-profile-done\node_modules\react-dom\cjs\react
-dom.development.js:4164:14)
    at 
HTMLUnknownElement.callTheUserObjectsOperation 
(C:\Users\user\Downloads\Antigravity Projects\cadi
tare-profile-done\node_modules\jsdom\lib\jsdom\liv
ing\generated\EventListener.js:26:30)
    at innerInvokeEventListeners 
(C:\Users\user\Downloads\Antigravity Projects\cadi
tare-profile-done\node_modules\jsdom\lib\jsdom\liv
ing\events\EventTarget-impl.js:360:16)
    at invokeEventListeners 
(C:\Users\user\Downloads\Antigravity Projects\cadi
tare-profile-done\node_modules\jsdom\lib\jsdom\liv
ing\events\EventTarget-impl.js:296:3)
    at HTMLUnknownElementImpl._dispatch 
(C:\Users\user\Downloads\Antigravity Projects\cadi
tare-profile-done\node_modules\jsdom\lib\jsdom\liv
ing\events\EventTarget-impl.js:243:9)
TypeError: this.evaluateFlags is not a function
    at ComplianceEngine.evaluateCandidate 
(C:/Users/user/Downloads/Antigravity Projects/cadi
tare-profile-done/services/compliance/ComplianceEn
gine.ts:35:34)
    at ComplianceWidget 
(C:/Users/user/Downloads/Antigravity Projects/cadi
tare-profile-done/components/ComplianceWidget.tsx:
18:37)
    at renderWithHooks 
(C:\Users\user\Downloads\Antigravity Projects\cadi
tare-profile-done\node_modules\react-dom\cjs\react
-dom.development.js:15486:18)
    at mountIndeterminateComponent 
(C:\Users\user\Downloads\Antigravity Projects\cadi
tare-profile-done\node_modules\react-dom\cjs\react
-dom.development.js:20103:13)
    at beginWork 
(C:\Users\user\Downloads\Antigravity Projects\cadi
tare-profile-done\node_modules\react-dom\cjs\react
-dom.development.js:21626:16)
    at HTMLUnknownElement.callCallback 
(C:\Users\user\Downloads\Antigravity Projects\cadi
tare-profile-done\node_modules\react-dom\cjs\react
-dom.development.js:4164:14)
    at 
HTMLUnknownElement.callTheUserObjectsOperation 
(C:\Users\user\Downloads\Antigravity Projects\cadi
tare-profile-done\node_modules\jsdom\lib\jsdom\liv
ing\generated\EventListener.js:26:30)
    at innerInvokeEventListeners 
(C:\Users\user\Downloads\Antigravity Projects\cadi
tare-profile-done\node_modules\jsdom\lib\jsdom\liv
ing\events\EventTarget-impl.js:360:16)
    at invokeEventListeners 
(C:\Users\user\Downloads\Antigravity Projects\cadi
tare-profile-done\node_modules\jsdom\lib\jsdom\liv
ing\events\EventTarget-impl.js:296:3)
    at HTMLUnknownElementImpl._dispatch 
(C:\Users\user\Downloads\Antigravity Projects\cadi
tare-profile-done\node_modules\jsdom\lib\jsdom\liv
ing\events\EventTarget-impl.js:243:9)
[90mstderr[2m | 
components/Verification.test.tsx[2m > 
[22m[2mCandidate Features Verification[2m > 
[22m[2mCandidateDetail: Should display all 5 
Digital Form Sections in View Mode
[22m[39mThe above error occurred in the 
<ComplianceWidget> component:

    at ComplianceWidget 
(C:/Users/user/Downloads/Antigravity Projects/cadi
tare-profile-done/components/ComplianceWidget.tsx:
8:29)
    at div
    at div
    at div
    at div
    at CandidateDetail 
(C:/Users/user/Downloads/Antigravity Projects/cadi
tare-profile-done/components/CandidateDetail.tsx:2
6:53)
    at RenderedRoute 
(C:\Users\user\Downloads\Antigravity Projects\cadi
tare-profile-done\node_modules\react-router\dist\u
md\react-router.development.js:539:7)
    at Routes 
(C:\Users\user\Downloads\Antigravity Projects\cadi
tare-profile-done\node_modules\react-router\dist\u
md\react-router.development.js:1229:7)
    at Router 
(C:\Users\user\Downloads\Antigravity Projects\cadi
tare-profile-done\node_modules\react-router\dist\u
md\react-router.development.js:1163:17)
    at MemoryRouter 
(C:\Users\user\Downloads\Antigravity Projects\cadi
tare-profile-done\node_modules\react-router\dist\u
md\react-router.development.js:1058:7)

Consider adding an error boundary to your tree to 
customize error handling behavior.
Visit https://reactjs.org/link/error-boundaries 
to learn more about error boundaries.

TypeError: this.evaluateFlags is not a function
    at ComplianceEngine.evaluateCandidate 
(C:/Users/user/Downloads/Antigravity Projects/cadi
tare-profile-done/services/compliance/ComplianceEn
gine.ts:35:34)
    at ComplianceWidget 
(C:/Users/user/Downloads/Antigravity Projects/cadi
tare-profile-done/components/ComplianceWidget.tsx:
18:37)
    at renderWithHooks 
(C:\Users\user\Downloads\Antigravity Projects\cadi
tare-profile-done\node_modules\react-dom\cjs\react
-dom.development.js:15486:18)
    at mountIndeterminateComponent 
(C:\Users\user\Downloads\Antigravity Projects\cadi
tare-profile-done\node_modules\react-dom\cjs\react
-dom.development.js:20103:13)
    at beginWork 
(C:\Users\user\Downloads\Antigravity Projects\cadi
tare-profile-done\node_modules\react-dom\cjs\react
-dom.development.js:21626:16)
    at HTMLUnknownElement.callCallback 
(C:\Users\user\Downloads\Antigravity Projects\cadi
tare-profile-done\node_modules\react-dom\cjs\react
-dom.development.js:4164:14)
    at 
HTMLUnknownElement.callTheUserObjectsOperation 
(C:\Users\user\Downloads\Antigravity Projects\cadi
tare-profile-done\node_modules\jsdom\lib\jsdom\liv
ing\generated\EventListener.js:26:30)
    at innerInvokeEventListeners 
(C:\Users\user\Downloads\Antigravity Projects\cadi
tare-profile-done\node_modules\jsdom\lib\jsdom\liv
ing\events\EventTarget-impl.js:360:16)
    at invokeEventListeners 
(C:\Users\user\Downloads\Antigravity Projects\cadi
tare-profile-done\node_modules\jsdom\lib\jsdom\liv
ing\events\EventTarget-impl.js:296:3)
    at HTMLUnknownElementImpl._dispatch 
(C:\Users\user\Downloads\Antigravity Projects\cadi
tare-profile-done\node_modules\jsdom\lib\jsdom\liv
ing\events\EventTarget-impl.js:243:9)
TypeError: this.evaluateFlags is not a function
    at ComplianceEngine.evaluateCandidate 
(C:/Users/user/Downloads/Antigravity Projects/cadi
tare-profile-done/services/compliance/ComplianceEn
gine.ts:35:34)
    at ComplianceWidget 
(C:/Users/user/Downloads/Antigravity Projects/cadi
tare-profile-done/components/ComplianceWidget.tsx:
18:37)
    at renderWithHooks 
(C:\Users\user\Downloads\Antigravity Projects\cadi
tare-profile-done\node_modules\react-dom\cjs\react
-dom.development.js:15486:18)
    at mountIndeterminateComponent 
(C:\Users\user\Downloads\Antigravity Projects\cadi
tare-profile-done\node_modules\react-dom\cjs\react
-dom.development.js:20103:13)
    at beginWork 
(C:\Users\user\Downloads\Antigravity Projects\cadi
tare-profile-done\node_modules\react-dom\cjs\react
-dom.development.js:21626:16)
    at HTMLUnknownElement.callCallback 
(C:\Users\user\Downloads\Antigravity Projects\cadi
tare-profile-done\node_modules\react-dom\cjs\react
-dom.development.js:4164:14)
    at 
HTMLUnknownElement.callTheUserObjectsOperation 
(C:\Users\user\Downloads\Antigravity Projects\cadi
tare-profile-done\node_modules\jsdom\lib\jsdom\liv
ing\generated\EventListener.js:26:30)
    at innerInvokeEventListeners 
(C:\Users\user\Downloads\Antigravity Projects\cadi
tare-profile-done\node_modules\jsdom\lib\jsdom\liv
ing\events\EventTarget-impl.js:360:16)
    at invokeEventListeners 
(C:\Users\user\Downloads\Antigravity Projects\cadi
tare-profile-done\node_modules\jsdom\lib\jsdom\liv
ing\events\EventTarget-impl.js:296:3)
    at HTMLUnknownElementImpl._dispatch 
(C:\Users\user\Downloads\Antigravity Projects\cadi
tare-profile-done\node_modules\jsdom\lib\jsdom\liv
ing\events\EventTarget-impl.js:243:9)
[90mstderr[2m | 
components/Verification.test.tsx[2m > 
[22m[2mCandidate Features Verification[2m > 
[22m[2mCandidateDetail: Should allow editing 
School, Height, Weight in Edit Mode
[22m[39mThe above error occurred in the 
<ComplianceWidget> component:

    at ComplianceWidget 
(C:/Users/user/Downloads/Antigravity Projects/cadi
tare-profile-done/components/ComplianceWidget.tsx:
8:29)
    at div
    at div
    at div
    at div
    at CandidateDetail 
(C:/Users/user/Downloads/Antigravity Projects/cadi
tare-profile-done/components/CandidateDetail.tsx:2
6:53)
    at RenderedRoute 
(C:\Users\user\Downloads\Antigravity Projects\cadi
tare-profile-done\node_modules\react-router\dist\u
md\react-router.development.js:539:7)
    at Routes 
(C:\Users\user\Downloads\Antigravity Projects\cadi
tare-profile-done\node_modules\react-router\dist\u
md\react-router.development.js:1229:7)
    at Router 
(C:\Users\user\Downloads\Antigravity Projects\cadi
tare-profile-done\node_modules\react-router\dist\u
md\react-router.development.js:1163:17)
    at MemoryRouter 
(C:\Users\user\Downloads\Antigravity Projects\cadi
tare-profile-done\node_modules\react-router\dist\u
md\react-router.development.js:1058:7)

Consider adding an error boundary to your tree to 
customize error handling behavior.
Visit https://reactjs.org/link/error-boundaries 
to learn more about error boundaries.

TypeError: this.evaluateFlags is not a function
    at ComplianceEngine.evaluateCandidate 
(C:/Users/user/Downloads/Antigravity Projects/cadi
tare-profile-done/services/compliance/ComplianceEn
gine.ts:35:34)
    at ComplianceWidget 
(C:/Users/user/Downloads/Antigravity Projects/cadi
tare-profile-done/components/ComplianceWidget.tsx:
18:37)
    at renderWithHooks 
(C:\Users\user\Downloads\Antigravity Projects\cadi
tare-profile-done\node_modules\react-dom\cjs\react
-dom.development.js:15486:18)
    at mountIndeterminateComponent 
(C:\Users\user\Downloads\Antigravity Projects\cadi
tare-profile-done\node_modules\react-dom\cjs\react
-dom.development.js:20103:13)
    at beginWork 
(C:\Users\user\Downloads\Antigravity Projects\cadi
tare-profile-done\node_modules\react-dom\cjs\react
-dom.development.js:21626:16)
    at HTMLUnknownElement.callCallback 
(C:\Users\user\Downloads\Antigravity Projects\cadi
tare-profile-done\node_modules\react-dom\cjs\react
-dom.development.js:4164:14)
    at 
HTMLUnknownElement.callTheUserObjectsOperation 
(C:\Users\user\Downloads\Antigravity Projects\cadi
tare-profile-done\node_modules\jsdom\lib\jsdom\liv
ing\generated\EventListener.js:26:30)
    at innerInvokeEventListeners 
(C:\Users\user\Downloads\Antigravity Projects\cadi
tare-profile-done\node_modules\jsdom\lib\jsdom\liv
ing\events\EventTarget-impl.js:360:16)
    at invokeEventListeners 
(C:\Users\user\Downloads\Antigravity Projects\cadi
tare-profile-done\node_modules\jsdom\lib\jsdom\liv
ing\events\EventTarget-impl.js:296:3)
    at HTMLUnknownElementImpl._dispatch 
(C:\Users\user\Downloads\Antigravity Projects\cadi
tare-profile-done\node_modules\jsdom\lib\jsdom\liv
ing\events\EventTarget-impl.js:243:9)
TypeError: this.evaluateFlags is not a function
    at ComplianceEngine.evaluateCandidate 
(C:/Users/user/Downloads/Antigravity Projects/cadi
tare-profile-done/services/compliance/ComplianceEn
gine.ts:35:34)
    at ComplianceWidget 
(C:/Users/user/Downloads/Antigravity Projects/cadi
tare-profile-done/components/ComplianceWidget.tsx:
18:37)
    at renderWithHooks 
(C:\Users\user\Downloads\Antigravity Projects\cadi
tare-profile-done\node_modules\react-dom\cjs\react
-dom.development.js:15486:18)
    at mountIndeterminateComponent 
(C:\Users\user\Downloads\Antigravity Projects\cadi
tare-profile-done\node_modules\react-dom\cjs\react
-dom.development.js:20103:13)
    at beginWork 
(C:\Users\user\Downloads\Antigravity Projects\cadi
tare-profile-done\node_modules\react-dom\cjs\react
-dom.development.js:21626:16)
    at HTMLUnknownElement.callCallback 
(C:\Users\user\Downloads\Antigravity Projects\cadi
tare-profile-done\node_modules\react-dom\cjs\react
-dom.development.js:4164:14)
    at 
HTMLUnknownElement.callTheUserObjectsOperation 
(C:\Users\user\Downloads\Antigravity Projects\cadi
tare-profile-done\node_modules\jsdom\lib\jsdom\liv
ing\generated\EventListener.js:26:30)
    at innerInvokeEventListeners 
(C:\Users\user\Downloads\Antigravity Projects\cadi
tare-profile-done\node_modules\jsdom\lib\jsdom\liv
ing\events\EventTarget-impl.js:360:16)
    at invokeEventListeners 
(C:\Users\user\Downloads\Antigravity Projects\cadi
tare-profile-done\node_modules\jsdom\lib\jsdom\liv
ing\events\EventTarget-impl.js:296:3)
    at HTMLUnknownElementImpl._dispatch 
(C:\Users\user\Downloads\Antigravity Projects\cadi
tare-profile-done\node_modules\jsdom\lib\jsdom\liv
ing\events\EventTarget-impl.js:243:9)
[90mstderr[2m | 
components/Verification.test.tsx[2m > 
[22m[2mCandidate Features Verification[2m > 
[22m[2mCandidateDetail: Should block stage 
advance if requirements not met
[22m[39mThe above error occurred in the 
<ComplianceWidget> component:

    at ComplianceWidget 
(C:/Users/user/Downloads/Antigravity Projects/cadi
tare-profile-done/components/ComplianceWidget.tsx:
8:29)
    at div
    at div
    at div
    at div
    at CandidateDetail 
(C:/Users/user/Downloads/Antigravity Projects/cadi
tare-profile-done/components/CandidateDetail.tsx:2
6:53)
    at RenderedRoute 
(C:\Users\user\Downloads\Antigravity Projects\cadi
tare-profile-done\node_modules\react-router\dist\u
md\react-router.development.js:539:7)
    at Routes 
(C:\Users\user\Downloads\Antigravity Projects\cadi
tare-profile-done\node_modules\react-router\dist\u
md\react-router.development.js:1229:7)
    at Router 
(C:\Users\user\Downloads\Antigravity Projects\cadi
tare-profile-done\node_modules\react-router\dist\u
md\react-router.development.js:1163:17)
    at MemoryRouter 
(C:\Users\user\Downloads\Antigravity Projects\cadi
tare-profile-done\node_modules\react-router\dist\u
md\react-router.development.js:1058:7)

Consider adding an error boundary to your tree to 
customize error handling behavior.
Visit https://reactjs.org/link/error-boundaries 
to learn more about error boundaries.

 [31mΓ¥»[39m components/Verification.test.tsx [2m([22m[2m3 tests[22m[2m | [22m[31m3 failed[39m[2m)[22m[33m 758[2mms[22m[39m
[31m     [31m├ù[31m CandidateDetail: Should display all 5 Digital Form Sections in View Mode[39m[33m 484[2mms[22m[39m
[31m     [31m├ù[31m CandidateDetail: Should allow editing School, Height, Weight in Edit Mode[39m[32m 130[2mms[22m[39m
[31m     [31m├ù[31m CandidateDetail: Should block stage advance if requirements not met[39m[32m 141[2mms[22m[39m

[31mΓÄ»ΓÄ»ΓÄ»ΓÄ»ΓÄ»ΓÄ»ΓÄ»[39m[1m[41m Failed 
Tests 3 [49m[22m[31mΓÄ»ΓÄ»ΓÄ»ΓÄ»ΓÄ»ΓÄ»ΓÄ»[39m

[41m[1m FAIL [22m[49m 
components/Verification.test.tsx[2m > 
[22mCandidate Features Verification[2m > 
[22mCandidateDetail: Should display all 5 
Digital Form Sections in View Mode
[41m[1m FAIL [22m[49m 
components/Verification.test.tsx[2m > 
[22mCandidate Features Verification[2m > 
[22mCandidateDetail: Should allow editing 
School, Height, Weight in Edit Mode
[41m[1m FAIL [22m[49m 
components/Verification.test.tsx[2m > 
[22mCandidate Features Verification[2m > 
[22mCandidateDetail: Should block stage advance 
if requirements not met
[31m[1mTypeError[22m: this.evaluateFlags is 
not a function[39m
[36m [2mΓ¥»[22m 
ComplianceEngine.evaluateCandidate services/compli
ance/ComplianceEngine.ts:[2m35:34[22m[39m
    [90m 33| [39m
    [90m 34| [39m        [90m// 6. Evaluate 
Compliance Flags (New Phase 13)[39m
    [90m 35| [39m        [35mconst[39m 
flagResults [33m=[39m [35mthis[39m[33m.[39m
[34mevaluateFlags[39m(candidate)[33m;[39m
    [90m   | [39m                               
  [31m^[39m
    [90m 36| [39m        results[33m.[39m[34m
push[39m([33m...[39mflagResults)[33m;[39m
    [90m 37| [39m
[90m [2mΓ¥»[22m ComplianceWidget components/Com
plianceWidget.tsx:[2m18:37[22m[39m
[90m [2mΓ¥»[22m renderWithHooks node_modules/re
act-dom/cjs/react-dom.development.js:[2m15486:18
[22m[39m
[90m [2mΓ¥»[22m mountIndeterminateComponent nod
e_modules/react-dom/cjs/react-dom.development.js:
[2m20103:13[22m[39m
[90m [2mΓ¥»[22m beginWork node_modules/react-do
m/cjs/react-dom.development.js:[2m21626:16[22m[
39m
[90m [2mΓ¥»[22m beginWork$1 node_modules/react-
dom/cjs/react-dom.development.js:[2m27465:14[22m
[39m
[90m [2mΓ¥»[22m performUnitOfWork node_modules/
react-dom/cjs/react-dom.development.js:[2m26599:1
2[22m[39m
[90m [2mΓ¥»[22m workLoopSync node_modules/react
-dom/cjs/react-dom.development.js:[2m26505:5[22m
[39m
[90m [2mΓ¥»[22m renderRootSync node_modules/rea
ct-dom/cjs/react-dom.development.js:[2m26473:7[2
2m[39m
[90m [2mΓ¥»[22m recoverFromConcurrentError node
_modules/react-dom/cjs/react-dom.development.js:[
2m25889:20[22m[39m

[31m[2mΓÄ»ΓÄ»ΓÄ»ΓÄ»ΓÄ»ΓÄ»ΓÄ»ΓÄ»ΓÄ»ΓÄ»ΓÄ»ΓÄ»ΓÄ»ΓÄ
»ΓÄ»ΓÄ»ΓÄ»ΓÄ»ΓÄ»ΓÄ»ΓÄ»ΓÄ»ΓÄ»ΓÄ»[1/3]ΓÄ»[22m[39m


[2m Test Files [22m [1m[31m1 failed[39m[22m[90m (1)[39m
[2m      Tests [22m [1m[31m3 failed[39m[22m[90m (3)[39m
[2m   Start at [22m 16:33:04
[2m   Duration [22m 3.31s

[1m[41m FAIL [49m[22m [31mTests failed. Watching for file changes...[39m
       [2mpress [22m[1mh[22m[2m to show help[22m[2m, [22m[2mpress [22m[1mq[22m[2m to quit[22m
c[3J[1m[44m RERUN [49m[22m [34m[2mservices/compliance/ComplianceEngine.ts [22m[34mx40 [34m[39m
       [2m Filename pattern: [22m[34mcomponents/Verification.test.tsx[39m

 [32mΓ£ô[39m components/Verification.test.tsx [2m([22m[2m3 tests[22m[2m)[22m[33m 1746[2mms[22m[39m
     [33m[2mΓ£ô[22m[39m CandidateDetail: Should display all 5 Digital Form Sections in View Mode [33m 984[2mms[22m[39m
     [33m[2mΓ£ô[22m[39m CandidateDetail: Should allow editing School, Height, Weight in Edit Mode [33m 434[2mms[22m[39m
     [33m[2mΓ£ô[22m[39m CandidateDetail: Should block stage advance if requirements not met [33m 325[2mms[22m[39m

[2m Test Files [22m [1m[32m1 passed[39m[22m[90m (1)[39m
[2m      Tests [22m [1m[32m3 passed[39m[22m[90m (3)[39m
[2m   Start at [22m 16:33:35
[2m   Duration [22m 4.01s

[1m[42m PASS [49m[22m [32mWaiting for file changes...[39m
       [2mpress [22m[1mh[22m[2m to show help[22m[2m, [22m[2mpress [22m[1mq[22m[2m to quit[22m
c[3J[1m[44m RERUN [49m[22m [34m[2mservices/candidateService.ts [22m[34mx41 [34m[39m
       [2m Filename pattern: [22m[34mcomponents/Verification.test.tsx[39m

 [32mΓ£ô[39m components/Verification.test.tsx [2m([22m[2m3 tests[22m[2m)[22m[33m 1298[2mms[22m[39m
     [33m[2mΓ£ô[22m[39m CandidateDetail: Should display all 5 Digital Form Sections in View Mode [33m 665[2mms[22m[39m
     [33m[2mΓ£ô[22m[39m CandidateDetail: Should allow editing School, Height, Weight in Edit Mode [33m 435[2mms[22m[39m

[2m Test Files [22m [1m[32m1 passed[39m[22m[90m (1)[39m
[2m      Tests [22m [1m[32m3 passed[39m[22m[90m (3)[39m
[2m   Start at [22m 16:34:16
[2m   Duration [22m 5.47s

[1m[42m PASS [49m[22m [32mWaiting for file changes...[39m
       [2mpress [22m[1mh[22m[2m to show help[22m[2m, [22m[2mpress [22m[1mq[22m[2m to quit[22m
c[3J[1m[44m RERUN [49m[22m [34m[2mtypes.ts [22m[34mx42 [34m[39m
       [2m Filename pattern: [22m[34mcomponents/Verification.test.tsx[39m

 [32mΓ£ô[39m components/Verification.test.tsx [2m([22m[2m3 tests[22m[2m)[22m[33m 1138[2mms[22m[39m
     [33m[2mΓ£ô[22m[39m CandidateDetail: Should display all 5 Digital Form Sections in View Mode [33m 586[2mms[22m[39m
     [33m[2mΓ£ô[22m[39m CandidateDetail: Should allow editing School, Height, Weight in Edit Mode [33m 382[2mms[22m[39m

[2m Test Files [22m [1m[32m1 passed[39m[22m[90m (1)[39m
[2m      Tests [22m [1m[32m3 passed[39m[22m[90m (3)[39m
[2m   Start at [22m 16:34:51
[2m   Duration [22m 5.07s

[1m[42m PASS [49m[22m [32mWaiting for file changes...[39m
       [2mpress [22m[1mh[22m[2m to show help[22m[2m, [22m[2mpress [22m[1mq[22m[2m to quit[22m
c[3J[1m[44m RERUN [49m[22m [34m[2mservices/candidateService.ts [22m[34mx43 [34m[39m
       [2m Filename pattern: [22m[34mcomponents/Verification.test.tsx[39m

 [32mΓ£ô[39m components/Verification.test.tsx [2m([22m[2m3 tests[22m[2m)[22m[33m 1461[2mms[22m[39m
     [33m[2mΓ£ô[22m[39m CandidateDetail: Should display all 5 Digital Form Sections in View Mode [33m 643[2mms[22m[39m
     [33m[2mΓ£ô[22m[39m CandidateDetail: Should allow editing School, Height, Weight in Edit Mode [33m 380[2mms[22m[39m
     [33m[2mΓ£ô[22m[39m CandidateDetail: Should block stage advance if requirements not met [33m 436[2mms[22m[39m

[2m Test Files [22m [1m[32m1 passed[39m[22m[90m (1)[39m
[2m      Tests [22m [1m[32m3 passed[39m[22m[90m (3)[39m
[2m   Start at [22m 16:35:35
[2m   Duration [22m 5.01s

[1m[42m PASS [49m[22m [32mWaiting for file changes...[39m
       [2mpress [22m[1mh[22m[2m to show help[22m[2m, [22m[2mpress [22m[1mq[22m[2m to quit[22m
c[3J[1m[44m RERUN [49m[22m [34m[2mservices/workflowEngine.v2.ts [22m[34mx44 [34m[39m
       [2m Filename pattern: [22m[34mcomponents/Verification.test.tsx[39m

 [32mΓ£ô[39m components/Verification.test.tsx [2m([22m[2m3 tests[22m[2m)[22m[33m 1406[2mms[22m[39m
     [33m[2mΓ£ô[22m[39m CandidateDetail: Should display all 5 Digital Form Sections in View Mode [33m 497[2mms[22m[39m
     [33m[2mΓ£ô[22m[39m CandidateDetail: Should allow editing School, Height, Weight in Edit Mode [33m 540[2mms[22m[39m
     [33m[2mΓ£ô[22m[39m CandidateDetail: Should block stage advance if requirements not met [33m 367[2mms[22m[39m

[2m Test Files [22m [1m[32m1 passed[39m[22m[90m (1)[39m
[2m      Tests [22m [1m[32m3 passed[39m[22m[90m (3)[39m
[2m   Start at [22m 16:36:24
[2m   Duration [22m 4.17s

[1m[42m PASS [49m[22m [32mWaiting for file changes...[39m
       [2mpress [22m[1mh[22m[2m to show help[22m[2m, [22m[2mpress [22m[1mq[22m[2m to quit[22m
c[3J[1m[44m RERUN [49m[22m [34m[2mservices/candidateService.ts [22m[34mx45 [34m[39m
       [2m Filename pattern: [22m[34mcomponents/Verification.test.tsx[39m

 [32mΓ£ô[39m components/Verification.test.tsx [2m([22m[2m3 tests[22m[2m)[22m[33m 1791[2mms[22m[39m
     [33m[2mΓ£ô[22m[39m CandidateDetail: Should display all 5 Digital Form Sections in View Mode [33m 622[2mms[22m[39m
     [33m[2mΓ£ô[22m[39m CandidateDetail: Should allow editing School, Height, Weight in Edit Mode [33m 646[2mms[22m[39m
     [33m[2mΓ£ô[22m[39m CandidateDetail: Should block stage advance if requirements not met [33m 520[2mms[22m[39m

[2m Test Files [22m [1m[32m1 passed[39m[22m[90m (1)[39m
[2m      Tests [22m [1m[32m3 passed[39m[22m[90m (3)[39m
[2m   Start at [22m 16:37:52
[2m   Duration [22m 4.15s

[1m[42m PASS [49m[22m [32mWaiting for file changes...[39m
       [2mpress [22m[1mh[22m[2m to show help[22m[2m, [22m[2mpress [22m[1mq[22m[2m to quit[22m
c[3J[1m[44m RERUN [49m[22m [34m[2mservices/workflowEngine.v2.ts [22m[34mx46 [34m[39m
       [2m Filename pattern: [22m[34mcomponents/Verification.test.tsx[39m

 [32mΓ£ô[39m components/Verification.test.tsx [2m([22m[2m3 tests[22m[2m)[22m[33m 1818[2mms[22m[39m
     [33m[2mΓ£ô[22m[39m CandidateDetail: Should display all 5 Digital Form Sections in View Mode [33m 607[2mms[22m[39m
     [33m[2mΓ£ô[22m[39m CandidateDetail: Should allow editing School, Height, Weight in Edit Mode [33m 774[2mms[22m[39m
     [33m[2mΓ£ô[22m[39m CandidateDetail: Should block stage advance if requirements not met [33m 434[2mms[22m[39m

[2m Test Files [22m [1m[32m1 passed[39m[22m[90m (1)[39m
[2m      Tests [22m [1m[32m3 passed[39m[22m[90m (3)[39m
[2m   Start at [22m 16:38:15
[2m   Duration [22m 3.43s

[1m[42m PASS [49m[22m [32mWaiting for file changes...[39m
       [2mpress [22m[1mh[22m[2m to show help[22m[2m, [22m[2mpress [22m[1mq[22m[2m to quit[22m
c[3J[1m[44m RERUN [49m[22m [34m[2mservices/candidateService.ts [22m[34mx47 [34m[39m
       [2m Filename pattern: [22m[34mcomponents/Verification.test.tsx[39m

 [32mΓ£ô[39m components/Verification.test.tsx [2m([22m[2m3 tests[22m[2m)[22m[33m 1385[2mms[22m[39m
     [33m[2mΓ£ô[22m[39m CandidateDetail: Should display all 5 Digital Form Sections in View Mode [33m 493[2mms[22m[39m
     [33m[2mΓ£ô[22m[39m CandidateDetail: Should block stage advance if requirements not met [33m 648[2mms[22m[39m

[2m Test Files [22m [1m[32m1 passed[39m[22m[90m (1)[39m
[2m      Tests [22m [1m[32m3 passed[39m[22m[90m (3)[39m
[2m   Start at [22m 16:38:50
[2m   Duration [22m 3.59s

[1m[42m PASS [49m[22m [32mWaiting for file changes...[39m
       [2mpress [22m[1mh[22m[2m to show help[22m[2m, [22m[2mpress [22m[1mq[22m[2m to quit[22m
c[3J[1m[44m RERUN [49m[22m [34m[2mcomponents/ComplianceWidget.tsx [22m[34mx48 [34m[39m
       [2m Filename pattern: [22m[34mcomponents/Verification.test.tsx[39m

 [32mΓ£ô[39m components/Verification.test.tsx [2m([22m[2m3 tests[22m[2m)[22m[33m 1307[2mms[22m[39m
     [33m[2mΓ£ô[22m[39m CandidateDetail: Should display all 5 Digital Form Sections in View Mode [33m 516[2mms[22m[39m
     [33m[2mΓ£ô[22m[39m CandidateDetail: Should allow editing School, Height, Weight in Edit Mode [33m 387[2mms[22m[39m
     [33m[2mΓ£ô[22m[39m CandidateDetail: Should block stage advance if requirements not met [33m 402[2mms[22m[39m

[2m Test Files [22m [1m[32m1 passed[39m[22m[90m (1)[39m
[2m      Tests [22m [1m[32m3 passed[39m[22m[90m (3)[39m
[2m   Start at [22m 16:40:56
[2m   Duration [22m 4.75s

[1m[42m PASS [49m[22m [32mWaiting for file changes...[39m
       [2mpress [22m[1mh[22m[2m to show help[22m[2m, [22m[2mpress [22m[1mq[22m[2m to quit[22m
c[3J[1m[44m RERUN [49m[22m [34m[2mcomponents/ComplianceWidget.tsx [22m[34mx49 [34m[39m
       [2m Filename pattern: [22m[34mcomponents/Verification.test.tsx[39m

 [32mΓ£ô[39m components/Verification.test.tsx [2m([22m[2m3 tests[22m[2m)[22m[33m 2363[2mms[22m[39m
     [33m[2mΓ£ô[22m[39m CandidateDetail: Should display all 5 Digital Form Sections in View Mode [33m 539[2mms[22m[39m
     [33m[2mΓ£ô[22m[39m CandidateDetail: Should allow editing School, Height, Weight in Edit Mode [33m 1220[2mms[22m[39m
     [33m[2mΓ£ô[22m[39m CandidateDetail: Should block stage advance if requirements not met [33m 579[2mms[22m[39m

[2m Test Files [22m [1m[32m1 passed[39m[22m[90m (1)[39m
[2m      Tests [22m [1m[32m3 passed[39m[22m[90m (3)[39m
[2m   Start at [22m 16:42:30
[2m   Duration [22m 8.50s

[1m[42m PASS [49m[22m [32mWaiting for file changes...[39m
       [2mpress [22m[1mh[22m[2m to show help[22m[2m, [22m[2mpress [22m[1mq[22m[2m to quit[22m
c[3J[1m[44m RERUN [49m[22m [34m[2mcomponents/CandidateDetail.tsx [22m[34mx50 [34m[39m
       [2m Filename pattern: [22m[34mcomponents/Verification.test.tsx[39m

 [32mΓ£ô[39m components/Verification.test.tsx [2m([22m[2m3 tests[22m[2m)[22m[33m 2352[2mms[22m[39m
     [33m[2mΓ£ô[22m[39m CandidateDetail: Should display all 5 Digital Form Sections in View Mode [33m 596[2mms[22m[39m
     [33m[2mΓ£ô[22m[39m CandidateDetail: Should allow editing School, Height, Weight in Edit Mode [33m 757[2mms[22m[39m
     [33m[2mΓ£ô[22m[39m CandidateDetail: Should block stage advance if requirements not met [33m 997[2mms[22m[39m

[2m Test Files [22m [1m[32m1 passed[39m[22m[90m (1)[39m
[2m      Tests [22m [1m[32m3 passed[39m[22m[90m (3)[39m
[2m   Start at [22m 16:42:56
[2m   Duration [22m 8.72s

[1m[42m PASS [49m[22m [32mWaiting for file changes...[39m
       [2mpress [22m[1mh[22m[2m to show help[22m[2m, [22m[2mpress [22m[1mq[22m[2m to quit[22m
c[3J[1m[44m RERUN [49m[22m [34m[2mcomponents/CandidateDetail.tsx [22m[34mx51 [34m[39m
       [2m Filename pattern: [22m[34mcomponents/Verification.test.tsx[39m

 [32mΓ£ô[39m components/Verification.test.tsx [2m([22m[2m3 tests[22m[2m)[22m[33m 1401[2mms[22m[39m
     [33m[2mΓ£ô[22m[39m CandidateDetail: Should display all 5 Digital Form Sections in View Mode [33m 537[2mms[22m[39m
     [33m[2mΓ£ô[22m[39m CandidateDetail: Should allow editing School, Height, Weight in Edit Mode [33m 428[2mms[22m[39m
     [33m[2mΓ£ô[22m[39m CandidateDetail: Should block stage advance if requirements not met [33m 429[2mms[22m[39m

[2m Test Files [22m [1m[32m1 passed[39m[22m[90m (1)[39m
[2m      Tests [22m [1m[32m3 passed[39m[22m[90m (3)[39m
[2m   Start at [22m 16:43:18
[2m   Duration [22m 3.49s

[1m[42m PASS [49m[22m [32mWaiting for file changes...[39m
       [2mpress [22m[1mh[22m[2m to show help[22m[2m, [22m[2mpress [22m[1mq[22m[2m to quit[22m
^C
